<?xml version="1.0"?>
<link_info>
   <banner>MSP430 Linker PC v4.0.2</banner>
   <copyright>Copyright (c) 2003-2012 Texas Instruments Incorporated</copyright>
   <link_time>0x5d008f83</link_time>
   <output_file>LAB1.out</output_file>
   <entry_point>
      <name>_c_int00</name>
      <address>0x45f0</address>
   </entry_point>
   <input_file_list>
      <input_file id="fl-2">
         <path>.\</path>
         <kind>object</kind>
         <file>LAB1main.obj</file>
         <name>LAB1main.obj</name>
      </input_file>
      <input_file id="fl-3">
         <path>.\</path>
         <kind>object</kind>
         <file>LCD_128.obj</file>
         <name>LCD_128.obj</name>
      </input_file>
      <input_file id="fl-4">
         <path>.\</path>
         <kind>object</kind>
         <file>lab1.obj</file>
         <name>lab1.obj</name>
      </input_file>
      <input_file id="fl-5">
         <path>.\</path>
         <kind>object</kind>
         <file>system_pre_init.obj</file>
         <name>system_pre_init.obj</name>
      </input_file>
      <input_file id="fl-6">
         <path>.\USB\USB_User\</path>
         <kind>object</kind>
         <file>UsbMscUser.obj</file>
         <name>UsbMscUser.obj</name>
      </input_file>
      <input_file id="fl-7">
         <path>.\USB\USB_User\</path>
         <kind>object</kind>
         <file>usbConstructs.obj</file>
         <name>usbConstructs.obj</name>
      </input_file>
      <input_file id="fl-8">
         <path>.\USB\USB_User\</path>
         <kind>object</kind>
         <file>usb_eventHandling.obj</file>
         <name>usb_eventHandling.obj</name>
      </input_file>
      <input_file id="fl-9">
         <path>.\USB\USB_config\</path>
         <kind>object</kind>
         <file>UsbIsr.obj</file>
         <name>UsbIsr.obj</name>
      </input_file>
      <input_file id="fl-a">
         <path>.\USB\USB_config\</path>
         <kind>object</kind>
         <file>descriptors.obj</file>
         <name>descriptors.obj</name>
      </input_file>
      <input_file id="fl-12">
         <path>..\</path>
         <kind>archive</kind>
         <file>MSP-EXP430F5529_UE.lib</file>
         <name>HAL_UCS.obj</name>
      </input_file>
      <input_file id="fl-13">
         <path>..\</path>
         <kind>archive</kind>
         <file>MSP-EXP430F5529_UE.lib</file>
         <name>HAL_PMM.obj</name>
      </input_file>
      <input_file id="fl-14">
         <path>..\</path>
         <kind>archive</kind>
         <file>MSP-EXP430F5529_UE.lib</file>
         <name>HAL_Wheel.obj</name>
      </input_file>
      <input_file id="fl-15">
         <path>..\</path>
         <kind>archive</kind>
         <file>MSP-EXP430F5529_UE.lib</file>
         <name>HAL_Menu.obj</name>
      </input_file>
      <input_file id="fl-16">
         <path>..\</path>
         <kind>archive</kind>
         <file>MSP-EXP430F5529_UE.lib</file>
         <name>HAL_Dogs102x6.obj</name>
      </input_file>
      <input_file id="fl-17">
         <path>..\</path>
         <kind>archive</kind>
         <file>MSP-EXP430F5529_UE.lib</file>
         <name>HAL_Buttons.obj</name>
      </input_file>
      <input_file id="fl-18">
         <path>..\</path>
         <kind>archive</kind>
         <file>MSP-EXP430F5529_UE.lib</file>
         <name>HAL_Board.obj</name>
      </input_file>
      <input_file id="fl-19">
         <path>..\</path>
         <kind>archive</kind>
         <file>MSP-EXP430F5529_UE.lib</file>
         <name>UsbCdc.obj</name>
      </input_file>
      <input_file id="fl-1a">
         <path>..\</path>
         <kind>archive</kind>
         <file>MSP-EXP430F5529_UE.lib</file>
         <name>usb.obj</name>
      </input_file>
      <input_file id="fl-1b">
         <path>..\</path>
         <kind>archive</kind>
         <file>MSP-EXP430F5529_UE.lib</file>
         <name>dma.obj</name>
      </input_file>
      <input_file id="fl-1c">
         <path>..\</path>
         <kind>archive</kind>
         <file>MSP-EXP430F5529_UE.lib</file>
         <name>UsbHidReq.obj</name>
      </input_file>
      <input_file id="fl-1d">
         <path>..\</path>
         <kind>archive</kind>
         <file>MSP-EXP430F5529_UE.lib</file>
         <name>UsbHidReportHandler.obj</name>
      </input_file>
      <input_file id="fl-1e">
         <path>..\</path>
         <kind>archive</kind>
         <file>MSP-EXP430F5529_UE.lib</file>
         <name>UsbHid.obj</name>
      </input_file>
      <input_file id="fl-1f">
         <path>..\</path>
         <kind>archive</kind>
         <file>MSP-EXP430F5529_UE.lib</file>
         <name>UsbMscScsi.obj</name>
      </input_file>
      <input_file id="fl-20">
         <path>..\</path>
         <kind>archive</kind>
         <file>MSP-EXP430F5529_UE.lib</file>
         <name>UsbMscReq.obj</name>
      </input_file>
      <input_file id="fl-21">
         <path>..\</path>
         <kind>archive</kind>
         <file>MSP-EXP430F5529_UE.lib</file>
         <name>HAL_TLV.obj</name>
      </input_file>
      <input_file id="fl-22">
         <path>..\</path>
         <kind>archive</kind>
         <file>MSP-EXP430F5529_UE.lib</file>
         <name>UsbMscStateMachine.obj</name>
      </input_file>
      <input_file id="fl-23">
         <path>..\</path>
         <kind>archive</kind>
         <file>rts430xl.lib</file>
         <name>asr16.obj</name>
      </input_file>
      <input_file id="fl-24">
         <path>..\</path>
         <kind>archive</kind>
         <file>rts430xl.lib</file>
         <name>boot.obj</name>
      </input_file>
      <input_file id="fl-25">
         <path>..\</path>
         <kind>archive</kind>
         <file>rts430xl.lib</file>
         <name>copy_decompress_none.obj</name>
      </input_file>
      <input_file id="fl-26">
         <path>..\</path>
         <kind>archive</kind>
         <file>rts430xl.lib</file>
         <name>copy_decompress_rle.obj</name>
      </input_file>
      <input_file id="fl-27">
         <path>..\</path>
         <kind>archive</kind>
         <file>rts430xl.lib</file>
         <name>copy_zero_init.obj</name>
      </input_file>
      <input_file id="fl-28">
         <path>..\</path>
         <kind>archive</kind>
         <file>rts430xl.lib</file>
         <name>div16u.obj</name>
      </input_file>
      <input_file id="fl-29">
         <path>..\</path>
         <kind>archive</kind>
         <file>rts430xl.lib</file>
         <name>div32s.obj</name>
      </input_file>
      <input_file id="fl-2a">
         <path>..\</path>
         <kind>archive</kind>
         <file>rts430xl.lib</file>
         <name>div32u.obj</name>
      </input_file>
      <input_file id="fl-2b">
         <path>..\</path>
         <kind>archive</kind>
         <file>rts430xl.lib</file>
         <name>exit.obj</name>
      </input_file>
      <input_file id="fl-2c">
         <path>..\</path>
         <kind>archive</kind>
         <file>rts430xl.lib</file>
         <name>lsl16.obj</name>
      </input_file>
      <input_file id="fl-2d">
         <path>..\</path>
         <kind>archive</kind>
         <file>rts430xl.lib</file>
         <name>lsl32.obj</name>
      </input_file>
      <input_file id="fl-2e">
         <path>..\</path>
         <kind>archive</kind>
         <file>rts430xl.lib</file>
         <name>lsr16.obj</name>
      </input_file>
      <input_file id="fl-2f">
         <path>..\</path>
         <kind>archive</kind>
         <file>rts430xl.lib</file>
         <name>lsr32.obj</name>
      </input_file>
      <input_file id="fl-30">
         <path>..\</path>
         <kind>archive</kind>
         <file>rts430xl.lib</file>
         <name>memcpy.obj</name>
      </input_file>
      <input_file id="fl-31">
         <path>..\</path>
         <kind>archive</kind>
         <file>rts430xl.lib</file>
         <name>memset.obj</name>
      </input_file>
      <input_file id="fl-32">
         <path>..\</path>
         <kind>archive</kind>
         <file>rts430xl.lib</file>
         <name>mult16_f5hw.obj</name>
      </input_file>
      <input_file id="fl-33">
         <path>..\</path>
         <kind>archive</kind>
         <file>rts430xl.lib</file>
         <name>mult32_f5hw.obj</name>
      </input_file>
      <input_file id="fl-34">
         <path>..\</path>
         <kind>archive</kind>
         <file>rts430xl.lib</file>
         <name>_lock.obj</name>
      </input_file>
      <input_file id="fl-35">
         <path>..\</path>
         <kind>archive</kind>
         <file>rts430xl.lib</file>
         <name>args_main.obj</name>
      </input_file>
      <input_file id="fl-36">
         <path>..\</path>
         <kind>archive</kind>
         <file>rts430xl.lib</file>
         <name>autoinit.obj</name>
      </input_file>
   </input_file_list>
   <object_component_list>
      <object_component id="oc-51">
         <name>.bss</name>
         <uninitialized>true</uninitialized>
         <run_address>0x2a2e</run_address>
         <size>0x2</size>
         <input_file_ref idref="fl-2"/>
      </object_component>
      <object_component id="oc-57">
         <name>.bss</name>
         <uninitialized>true</uninitialized>
         <run_address>0x29fe</run_address>
         <size>0x10</size>
         <input_file_ref idref="fl-3"/>
      </object_component>
      <object_component id="oc-5d">
         <name>.bss</name>
         <uninitialized>true</uninitialized>
         <run_address>0x2992</run_address>
         <size>0x27</size>
         <input_file_ref idref="fl-4"/>
      </object_component>
      <object_component id="oc-6a">
         <name>.bss</name>
         <uninitialized>true</uninitialized>
         <run_address>0x29de</run_address>
         <size>0x1f</size>
         <input_file_ref idref="fl-6"/>
      </object_component>
      <object_component id="oc-86">
         <name>.bss</name>
         <uninitialized>true</uninitialized>
         <run_address>0x2a2a</run_address>
         <size>0x4</size>
         <input_file_ref idref="fl-14"/>
      </object_component>
      <object_component id="oc-91">
         <name>.bss</name>
         <uninitialized>true</uninitialized>
         <run_address>0x2400</run_address>
         <size>0x346</size>
         <input_file_ref idref="fl-16"/>
      </object_component>
      <object_component id="oc-97">
         <name>.bss</name>
         <uninitialized>true</uninitialized>
         <run_address>0x2a26</run_address>
         <size>0x4</size>
         <input_file_ref idref="fl-17"/>
      </object_component>
      <object_component id="oc-a7">
         <name>.bss</name>
         <uninitialized>true</uninitialized>
         <run_address>0x2964</run_address>
         <size>0x2e</size>
         <input_file_ref idref="fl-19"/>
      </object_component>
      <object_component id="oc-ad">
         <name>.bss</name>
         <uninitialized>true</uninitialized>
         <run_address>0x291c</run_address>
         <size>0x48</size>
         <input_file_ref idref="fl-1a"/>
      </object_component>
      <object_component id="oc-b3">
         <name>.bss</name>
         <uninitialized>true</uninitialized>
         <run_address>0x2a0e</run_address>
         <size>0x8</size>
         <input_file_ref idref="fl-1b"/>
      </object_component>
      <object_component id="oc-b8">
         <name>.bss</name>
         <uninitialized>true</uninitialized>
         <run_address>0x29b9</run_address>
         <size>0x1</size>
         <input_file_ref idref="fl-1c"/>
      </object_component>
      <object_component id="oc-c1">
         <name>.bss</name>
         <uninitialized>true</uninitialized>
         <run_address>0x29ba</run_address>
         <size>0x24</size>
         <input_file_ref idref="fl-1e"/>
      </object_component>
      <object_component id="oc-c6">
         <name>.bss</name>
         <uninitialized>true</uninitialized>
         <run_address>0x2746</run_address>
         <size>0x1d6</size>
         <input_file_ref idref="fl-1f"/>
      </object_component>
      <object_component id="oc-cd">
         <name>.bss</name>
         <uninitialized>true</uninitialized>
         <run_address>0x2a30</run_address>
         <size>0x2</size>
         <input_file_ref idref="fl-20"/>
      </object_component>
      <object_component id="oc-d7">
         <name>.bss</name>
         <uninitialized>true</uninitialized>
         <run_address>0x2a32</run_address>
         <size>0x2</size>
         <input_file_ref idref="fl-22"/>
      </object_component>
      <object_component id="oc-e1">
         <name>.bss</name>
         <uninitialized>true</uninitialized>
         <run_address>0x2a1e</run_address>
         <size>0x8</size>
         <input_file_ref idref="fl-24"/>
      </object_component>
      <object_component id="oc-11b">
         <name>.bss</name>
         <uninitialized>true</uninitialized>
         <run_address>0x2a16</run_address>
         <size>0x8</size>
         <input_file_ref idref="fl-34"/>
      </object_component>
      <object_component id="oc-e3">
         <name>.stack</name>
         <uninitialized>true</uninitialized>
         <run_address>0x4360</run_address>
         <size>0x4</size>
         <input_file_ref idref="fl-24"/>
      </object_component>
      <object_component id="oc-20d">
         <name>.stack</name>
         <uninitialized>true</uninitialized>
         <run_address>0x4360</run_address>
         <size>0x0</size>
      </object_component>
      <object_component id="oc-17b">
         <name>.text:SetTime</name>
         <load_address>0x47e0</load_address>
         <run_address>0x47e0</run_address>
         <size>0x8e6</size>
         <input_file_ref idref="fl-4"/>
      </object_component>
      <object_component id="oc-1a1">
         <name>.text:AnalogClockUpdate</name>
         <load_address>0x50c6</load_address>
         <run_address>0x50c6</run_address>
         <size>0x1be</size>
         <input_file_ref idref="fl-4"/>
      </object_component>
      <object_component id="oc-137">
         <name>.text:MSCFromHostToBuffer</name>
         <load_address>0x5284</load_address>
         <run_address>0x5284</run_address>
         <size>0x19e</size>
         <input_file_ref idref="fl-1f"/>
      </object_component>
      <object_component id="oc-1b5">
         <name>.text:Dogs102x6_verticalLineDraw</name>
         <load_address>0x5422</load_address>
         <run_address>0x5422</run_address>
         <size>0x182</size>
         <input_file_ref idref="fl-16"/>
      </object_component>
      <object_component id="oc-139">
         <name>.text:CdcToHostFromBuffer</name>
         <load_address>0x55a4</load_address>
         <run_address>0x55a4</run_address>
         <size>0x16e</size>
         <input_file_ref idref="fl-19"/>
      </object_component>
      <object_component id="oc-138">
         <name>.text:HidToHostFromBuffer</name>
         <load_address>0x5712</load_address>
         <run_address>0x5712</run_address>
         <size>0x16c</size>
         <input_file_ref idref="fl-1e"/>
      </object_component>
      <object_component id="oc-13a">
         <name>.text:MSCToHostFromBuffer</name>
         <load_address>0x587e</load_address>
         <run_address>0x587e</run_address>
         <size>0x162</size>
         <input_file_ref idref="fl-1f"/>
      </object_component>
      <object_component id="oc-128">
         <name>.text:HidToBufferFromHost</name>
         <load_address>0x59e0</load_address>
         <run_address>0x59e0</run_address>
         <size>0x15a</size>
         <input_file_ref idref="fl-1e"/>
      </object_component>
      <object_component id="oc-130">
         <name>.text:USB_reset</name>
         <load_address>0x5b3a</load_address>
         <run_address>0x5b3a</run_address>
         <size>0x158</size>
         <input_file_ref idref="fl-1a"/>
      </object_component>
      <object_component id="oc-1ae">
         <name>.text:Dogs102x6_circleDraw</name>
         <load_address>0x5c92</load_address>
         <run_address>0x5c92</run_address>
         <size>0x148</size>
         <input_file_ref idref="fl-16"/>
      </object_component>
      <object_component id="oc-1b0">
         <name>.text:Dogs102x6_charDrawXY</name>
         <load_address>0x5dda</load_address>
         <run_address>0x5dda</run_address>
         <size>0x140</size>
         <input_file_ref idref="fl-16"/>
      </object_component>
      <object_component id="oc-1af">
         <name>.text:Dogs102x6_lineDraw</name>
         <load_address>0x5f1a</load_address>
         <run_address>0x5f1a</run_address>
         <size>0x138</size>
         <input_file_ref idref="fl-16"/>
      </object_component>
      <object_component id="oc-140">
         <name>.text:main</name>
         <load_address>0x6052</load_address>
         <run_address>0x6052</run_address>
         <size>0x132</size>
         <input_file_ref idref="fl-2"/>
      </object_component>
      <object_component id="oc-12b">
         <name>.text:CdcToBufferFromHost</name>
         <load_address>0x6184</load_address>
         <run_address>0x6184</run_address>
         <size>0x12e</size>
         <input_file_ref idref="fl-19"/>
      </object_component>
      <object_component id="oc-1a0">
         <name>.text:AnalogClockInit</name>
         <load_address>0x62b2</load_address>
         <run_address>0x62b2</run_address>
         <size>0x11c</size>
         <input_file_ref idref="fl-4"/>
      </object_component>
      <object_component id="oc-1b1">
         <name>.text:AnalogClockDrawHand</name>
         <load_address>0x63ce</load_address>
         <run_address>0x63ce</run_address>
         <size>0x114</size>
         <input_file_ref idref="fl-4"/>
      </object_component>
      <object_component id="oc-159">
         <name>.text:Board_init</name>
         <load_address>0x64e2</load_address>
         <run_address>0x64e2</run_address>
         <size>0xe4</size>
         <input_file_ref idref="fl-18"/>
      </object_component>
      <object_component id="oc-173">
         <name>.text:Init_FLL</name>
         <load_address>0x65c6</load_address>
         <run_address>0x65c6</run_address>
         <size>0xe4</size>
         <input_file_ref idref="fl-12"/>
      </object_component>
      <object_component id="oc-19d">
         <name>.text:DigitalClockUpdate</name>
         <load_address>0x66aa</load_address>
         <run_address>0x66aa</run_address>
         <size>0xd2</size>
         <input_file_ref idref="fl-4"/>
      </object_component>
      <object_component id="oc-19f">
         <name>.text:Pokeman</name>
         <load_address>0x677c</load_address>
         <run_address>0x677c</run_address>
         <size>0xd2</size>
         <input_file_ref idref="fl-4"/>
      </object_component>
      <object_component id="oc-172">
         <name>.text:SetVCoreUp</name>
         <load_address>0x684e</load_address>
         <run_address>0x684e</run_address>
         <size>0xce</size>
         <input_file_ref idref="fl-13"/>
      </object_component>
      <object_component id="oc-1a3">
         <name>.text:DigitalClockDraw</name>
         <load_address>0x691c</load_address>
         <run_address>0x691c</run_address>
         <size>0xc6</size>
         <input_file_ref idref="fl-4"/>
      </object_component>
      <object_component id="oc-1b4">
         <name>.text:Dogs102x6_horizontalLineDraw</name>
         <load_address>0x69e2</load_address>
         <run_address>0x69e2</run_address>
         <size>0xc4</size>
         <input_file_ref idref="fl-16"/>
      </object_component>
      <object_component id="oc-17a">
         <name>.text:Menu_active</name>
         <load_address>0x6aa6</load_address>
         <run_address>0x6aa6</run_address>
         <size>0xa2</size>
         <input_file_ref idref="fl-15"/>
      </object_component>
      <object_component id="oc-143">
         <name>.text:usbDecodeAndProcessUsbRequest</name>
         <load_address>0x6b48</load_address>
         <run_address>0x6b48</run_address>
         <size>0x98</size>
         <input_file_ref idref="fl-1a"/>
      </object_component>
      <object_component id="oc-171">
         <name>.text:SetVCoreDown</name>
         <load_address>0x6be0</load_address>
         <run_address>0x6be0</run_address>
         <size>0x8c</size>
         <input_file_ref idref="fl-13"/>
      </object_component>
      <object_component id="oc-178">
         <name>.text:Dogs102x6_charDraw</name>
         <load_address>0x6c6c</load_address>
         <run_address>0x6c6c</run_address>
         <size>0x8a</size>
         <input_file_ref idref="fl-16"/>
      </object_component>
      <object_component id="oc-149">
         <name>.text:USB_enable</name>
         <load_address>0x6cf6</load_address>
         <run_address>0x6cf6</run_address>
         <size>0x88</size>
         <input_file_ref idref="fl-1a"/>
      </object_component>
      <object_component id="oc-147">
         <name>.text:CopyUsbToBuff</name>
         <load_address>0x6d7e</load_address>
         <run_address>0x6d7e</run_address>
         <size>0x84</size>
         <input_file_ref idref="fl-19"/>
      </object_component>
      <object_component id="oc-145">
         <name>.text:HidCopyUsbToBuff</name>
         <load_address>0x6e02</load_address>
         <run_address>0x6e02</run_address>
         <size>0x84</size>
         <input_file_ref idref="fl-1e"/>
      </object_component>
      <object_component id="oc-1b3">
         <name>.text:Dogs102x6_pixelDraw</name>
         <load_address>0x6e86</load_address>
         <run_address>0x6e86</run_address>
         <size>0x82</size>
         <input_file_ref idref="fl-16"/>
      </object_component>
      <object_component id="oc-168">
         <name>.text:Dogs102x6_stringDraw</name>
         <load_address>0x6f08</load_address>
         <run_address>0x6f08</run_address>
         <size>0x7a</size>
         <input_file_ref idref="fl-16"/>
      </object_component>
      <object_component id="oc-15e">
         <name>.text:Dogs102x6_init</name>
         <load_address>0x6f82</load_address>
         <run_address>0x6f82</run_address>
         <size>0x78</size>
         <input_file_ref idref="fl-16"/>
      </object_component>
      <object_component id="oc-157">
         <name>.text:usbSendNextPacketOnIEP0</name>
         <load_address>0x6ffa</load_address>
         <run_address>0x6ffa</run_address>
         <size>0x74</size>
         <input_file_ref idref="fl-1a"/>
      </object_component>
      <object_component id="oc-190">
         <name>.text:usbGetEndpointStatus</name>
         <load_address>0x706e</load_address>
         <run_address>0x706e</run_address>
         <size>0x70</size>
         <input_file_ref idref="fl-1a"/>
      </object_component>
      <object_component id="oc-177">
         <name>.text:Dogs102x6_writeData</name>
         <load_address>0x70de</load_address>
         <run_address>0x70de</run_address>
         <size>0x6e</size>
         <input_file_ref idref="fl-16"/>
      </object_component>
      <object_component id="oc-14f">
         <name>.text:MscCopyUsbToBuff</name>
         <load_address>0x714c</load_address>
         <run_address>0x714c</run_address>
         <size>0x6e</size>
         <input_file_ref idref="fl-1f"/>
      </object_component>
      <object_component id="oc-17d">
         <name>.text:DisplayDigitalClock</name>
         <load_address>0x71ba</load_address>
         <run_address>0x71ba</run_address>
         <size>0x6a</size>
         <input_file_ref idref="fl-4"/>
      </object_component>
      <object_component id="oc-188">
         <name>.text:usbClearEndpointFeature</name>
         <load_address>0x7224</load_address>
         <run_address>0x7224</run_address>
         <size>0x68</size>
         <input_file_ref idref="fl-1a"/>
      </object_component>
      <object_component id="oc-16e">
         <name>.text:Msc_ResetStruct</name>
         <load_address>0x728c</load_address>
         <run_address>0x728c</run_address>
         <size>0x64</size>
         <input_file_ref idref="fl-1f"/>
      </object_component>
      <object_component id="oc-198">
         <name>.text:Reset_RequestSenseResponse</name>
         <load_address>0x72f0</load_address>
         <run_address>0x72f0</run_address>
         <size>0x64</size>
         <input_file_ref idref="fl-1f"/>
      </object_component>
      <object_component id="oc-13f">
         <name>.text:_auto_init</name>
         <load_address>0x7354</load_address>
         <run_address>0x7354</run_address>
         <size>0x5c</size>
         <input_file_ref idref="fl-36"/>
      </object_component>
      <object_component id="oc-176">
         <name>.text:Dogs102x6_setAddress</name>
         <load_address>0x73b0</load_address>
         <run_address>0x73b0</run_address>
         <size>0x58</size>
         <input_file_ref idref="fl-16"/>
      </object_component>
      <object_component id="oc-f8">
         <name>.text</name>
         <load_address>0x7408</load_address>
         <run_address>0x7408</run_address>
         <size>0x58</size>
         <input_file_ref idref="fl-2a"/>
      </object_component>
      <object_component id="oc-19e">
         <name>.text:Wheel_getValue</name>
         <load_address>0x7460</load_address>
         <run_address>0x7460</run_address>
         <size>0x54</size>
         <input_file_ref idref="fl-14"/>
      </object_component>
      <object_component id="oc-17c">
         <name>.text:DisplayAnalogClock</name>
         <load_address>0x74b4</load_address>
         <run_address>0x74b4</run_address>
         <size>0x52</size>
         <input_file_ref idref="fl-4"/>
      </object_component>
      <object_component id="oc-13b">
         <name>.text:OEP0InterruptHandler</name>
         <load_address>0x7506</load_address>
         <run_address>0x7506</run_address>
         <size>0x4e</size>
         <input_file_ref idref="fl-9"/>
      </object_component>
      <object_component id="oc-169">
         <name>.text:lab1</name>
         <load_address>0x7554</load_address>
         <run_address>0x7554</run_address>
         <size>0x4c</size>
         <input_file_ref idref="fl-4"/>
      </object_component>
      <object_component id="oc-19a">
         <name>.text:Dogs102x6_clearImage</name>
         <load_address>0x75a0</load_address>
         <run_address>0x75a0</run_address>
         <size>0x48</size>
         <input_file_ref idref="fl-16"/>
      </object_component>
      <object_component id="oc-1b2">
         <name>.text:Dogs102x6_stringDrawXY</name>
         <load_address>0x75e8</load_address>
         <run_address>0x75e8</run_address>
         <size>0x48</size>
         <input_file_ref idref="fl-16"/>
      </object_component>
      <object_component id="oc-132">
         <name>.text:PWRVBUSoffHandler</name>
         <load_address>0x7630</load_address>
         <run_address>0x7630</run_address>
         <size>0x48</size>
         <input_file_ref idref="fl-9"/>
      </object_component>
      <object_component id="oc-125">
         <name>.text:SetupPacketInterruptHandler</name>
         <load_address>0x7678</load_address>
         <run_address>0x7678</run_address>
         <size>0x48</size>
         <input_file_ref idref="fl-9"/>
      </object_component>
      <object_component id="oc-153">
         <name>.text:usbReceiveNextPacketOnOEP0</name>
         <load_address>0x76c0</load_address>
         <run_address>0x76c0</run_address>
         <size>0x48</size>
         <input_file_ref idref="fl-1a"/>
      </object_component>
      <object_component id="oc-18c">
         <name>.text:usbGetStringDescriptor</name>
         <load_address>0x7708</load_address>
         <run_address>0x7708</run_address>
         <size>0x44</size>
         <input_file_ref idref="fl-1a"/>
      </object_component>
      <object_component id="oc-193">
         <name>.text:usbSetEndpointFeature</name>
         <load_address>0x774c</load_address>
         <run_address>0x774c</run_address>
         <size>0x44</size>
         <input_file_ref idref="fl-1a"/>
      </object_component>
      <object_component id="oc-185">
         <name>.text:USBMSC_reset</name>
         <load_address>0x7790</load_address>
         <run_address>0x7790</run_address>
         <size>0x42</size>
         <input_file_ref idref="fl-20"/>
      </object_component>
      <object_component id="oc-167">
         <name>.text:Dogs102x6_imageDraw</name>
         <load_address>0x77d2</load_address>
         <run_address>0x77d2</run_address>
         <size>0x40</size>
         <input_file_ref idref="fl-16"/>
      </object_component>
      <object_component id="oc-f4">
         <name>.text</name>
         <load_address>0x7812</load_address>
         <run_address>0x7812</run_address>
         <size>0x40</size>
         <input_file_ref idref="fl-29"/>
      </object_component>
      <object_component id="oc-17e">
         <name>.text:usbGetLineCoding0</name>
         <load_address>0x7852</load_address>
         <run_address>0x7852</run_address>
         <size>0x40</size>
         <input_file_ref idref="fl-19"/>
      </object_component>
      <object_component id="oc-194">
         <name>.text:usbSetInterface</name>
         <load_address>0x7892</load_address>
         <run_address>0x7892</run_address>
         <size>0x40</size>
         <input_file_ref idref="fl-1a"/>
      </object_component>
      <object_component id="oc-160">
         <name>.text:Dogs102x6_setBacklight</name>
         <load_address>0x78d2</load_address>
         <run_address>0x78d2</run_address>
         <size>0x3e</size>
         <input_file_ref idref="fl-16"/>
      </object_component>
      <object_component id="oc-15a">
         <name>.text:SetVCore</name>
         <load_address>0x7910</load_address>
         <run_address>0x7910</run_address>
         <size>0x3e</size>
         <input_file_ref idref="fl-13"/>
      </object_component>
      <object_component id="oc-14a">
         <name>.text:l_lsl_const</name>
         <load_address>0x794e</load_address>
         <run_address>0x794e</run_address>
         <size>0x3e</size>
         <input_file_ref idref="fl-2d"/>
      </object_component>
      <object_component id="oc-1a4">
         <name>.text:l_lsr_const</name>
         <load_address>0x798c</load_address>
         <run_address>0x798c</run_address>
         <size>0x3e</size>
         <input_file_ref idref="fl-2f"/>
      </object_component>
      <object_component id="oc-174">
         <name>.text:Dogs102x6_writeCommand</name>
         <load_address>0x79ca</load_address>
         <run_address>0x79ca</run_address>
         <size>0x3c</size>
         <input_file_ref idref="fl-16"/>
      </object_component>
      <object_component id="oc-15b">
         <name>.text:LFXT_Start</name>
         <load_address>0x7a06</load_address>
         <run_address>0x7a06</run_address>
         <size>0x38</size>
         <input_file_ref idref="fl-12"/>
      </object_component>
      <object_component id="oc-162">
         <name>.text:Dogs102x6_clearScreen</name>
         <load_address>0x7a3e</load_address>
         <run_address>0x7a3e</run_address>
         <size>0x36</size>
         <input_file_ref idref="fl-16"/>
      </object_component>
      <object_component id="oc-134">
         <name>.text:PWRVBUSonHandler</name>
         <load_address>0x7a74</load_address>
         <run_address>0x7a74</run_address>
         <size>0x36</size>
         <input_file_ref idref="fl-9"/>
      </object_component>
      <object_component id="oc-19b">
         <name>.text:Wheel_getPosition</name>
         <load_address>0x7aaa</load_address>
         <run_address>0x7aaa</run_address>
         <size>0x36</size>
         <input_file_ref idref="fl-14"/>
      </object_component>
      <object_component id="oc-129">
         <name>.text:CdcIsReceiveInProgress</name>
         <load_address>0x7ae0</load_address>
         <run_address>0x7ae0</run_address>
         <size>0x32</size>
         <input_file_ref idref="fl-19"/>
      </object_component>
      <object_component id="oc-161">
         <name>.text:Dogs102x6_setContrast</name>
         <load_address>0x7b12</load_address>
         <run_address>0x7b12</run_address>
         <size>0x32</size>
         <input_file_ref idref="fl-16"/>
      </object_component>
      <object_component id="oc-126">
         <name>.text:HidIsReceiveInProgress</name>
         <load_address>0x7b44</load_address>
         <run_address>0x7b44</run_address>
         <size>0x32</size>
         <input_file_ref idref="fl-1e"/>
      </object_component>
      <object_component id="oc-15c">
         <name>.text:Init_FLL_Settle</name>
         <load_address>0x7b76</load_address>
         <run_address>0x7b76</run_address>
         <size>0x32</size>
         <input_file_ref idref="fl-12"/>
      </object_component>
      <object_component id="oc-15d">
         <name>.text:SetupRTC</name>
         <load_address>0x7ba8</load_address>
         <run_address>0x7ba8</run_address>
         <size>0x32</size>
         <input_file_ref idref="fl-4"/>
      </object_component>
      <object_component id="oc-12e">
         <name>.text:USB_suspend</name>
         <load_address>0x7bda</load_address>
         <run_address>0x7bda</run_address>
         <size>0x32</size>
         <input_file_ref idref="fl-1a"/>
      </object_component>
      <object_component id="oc-15f">
         <name>.text:Dogs102x6_backlightInit</name>
         <load_address>0x7c0c</load_address>
         <run_address>0x7c0c</run_address>
         <size>0x30</size>
         <input_file_ref idref="fl-16"/>
      </object_component>
      <object_component id="oc-16d">
         <name>.text:XT2_Start</name>
         <load_address>0x7c3c</load_address>
         <run_address>0x7c3c</run_address>
         <size>0x30</size>
         <input_file_ref idref="fl-12"/>
      </object_component>
      <object_component id="oc-156">
         <name>.text:Handler_SetLineCoding0</name>
         <load_address>0x7c6c</load_address>
         <run_address>0x7c6c</run_address>
         <size>0x2e</size>
         <input_file_ref idref="fl-19"/>
      </object_component>
      <object_component id="oc-155">
         <name>.text:Handler_SetLineCoding1</name>
         <load_address>0x7c9a</load_address>
         <run_address>0x7c9a</run_address>
         <size>0x2e</size>
         <input_file_ref idref="fl-19"/>
      </object_component>
      <object_component id="oc-154">
         <name>.text:Handler_SetLineCoding2</name>
         <load_address>0x7cc8</load_address>
         <run_address>0x7cc8</run_address>
         <size>0x2e</size>
         <input_file_ref idref="fl-19"/>
      </object_component>
      <object_component id="oc-14c">
         <name>.text:MscResetData</name>
         <load_address>0x7cf6</load_address>
         <run_address>0x7cf6</run_address>
         <size>0x2e</size>
         <input_file_ref idref="fl-1f"/>
      </object_component>
      <object_component id="oc-184">
         <name>.text:usbGetHidDescriptor</name>
         <load_address>0x7d24</load_address>
         <run_address>0x7d24</run_address>
         <size>0x2c</size>
         <input_file_ref idref="fl-1c"/>
      </object_component>
      <object_component id="oc-14d">
         <name>.text:CdcResetData</name>
         <load_address>0x7d50</load_address>
         <run_address>0x7d50</run_address>
         <size>0x2a</size>
         <input_file_ref idref="fl-19"/>
      </object_component>
      <object_component id="oc-14b">
         <name>.text:HidResetData</name>
         <load_address>0x7d7a</load_address>
         <run_address>0x7d7a</run_address>
         <size>0x2a</size>
         <input_file_ref idref="fl-1e"/>
      </object_component>
      <object_component id="oc-158">
         <name>.text:memcpy</name>
         <load_address>0x7da4</load_address>
         <run_address>0x7da4</run_address>
         <size>0x2a</size>
         <input_file_ref idref="fl-30"/>
      </object_component>
      <object_component id="oc-14e">
         <name>.text:USB_connect</name>
         <load_address>0x7dce</load_address>
         <run_address>0x7dce</run_address>
         <size>0x28</size>
         <input_file_ref idref="fl-1a"/>
      </object_component>
      <object_component id="oc-18e">
         <name>.text:usbGetDeviceStatus</name>
         <load_address>0x7df6</load_address>
         <run_address>0x7df6</run_address>
         <size>0x28</size>
         <input_file_ref idref="fl-1a"/>
      </object_component>
      <object_component id="oc-163">
         <name>.text:Wheel_init</name>
         <load_address>0x7e1e</load_address>
         <run_address>0x7e1e</run_address>
         <size>0x26</size>
         <input_file_ref idref="fl-14"/>
      </object_component>
      <object_component id="oc-117">
         <name>.text</name>
         <load_address>0x7e44</load_address>
         <run_address>0x7e44</run_address>
         <size>0x22</size>
         <input_file_ref idref="fl-33"/>
      </object_component>
      <object_component id="oc-175">
         <name>.text:memset</name>
         <load_address>0x7e66</load_address>
         <run_address>0x7e66</run_address>
         <size>0x20</size>
         <input_file_ref idref="fl-31"/>
      </object_component>
      <object_component id="oc-1a5">
         <name>.text:usbSendDataPacketOnEP0</name>
         <load_address>0x7e86</load_address>
         <run_address>0x7e86</run_address>
         <size>0x20</size>
         <input_file_ref idref="fl-1a"/>
      </object_component>
      <object_component id="oc-191">
         <name>.text:usbSetConfiguration</name>
         <load_address>0x7ea6</load_address>
         <run_address>0x7ea6</run_address>
         <size>0x1e</size>
         <input_file_ref idref="fl-1a"/>
      </object_component>
      <object_component id="oc-13c">
         <name>.text:IEP0InterruptHandler</name>
         <load_address>0x7ec4</load_address>
         <run_address>0x7ec4</run_address>
         <size>0x1c</size>
         <input_file_ref idref="fl-9"/>
      </object_component>
      <object_component id="oc-18d">
         <name>.text:usbGetInterface</name>
         <load_address>0x7ee0</load_address>
         <run_address>0x7ee0</run_address>
         <size>0x1a</size>
         <input_file_ref idref="fl-1a"/>
      </object_component>
      <object_component id="oc-18f">
         <name>.text:usbGetInterfaceStatus</name>
         <load_address>0x7efa</load_address>
         <run_address>0x7efa</run_address>
         <size>0x1a</size>
         <input_file_ref idref="fl-1a"/>
      </object_component>
      <object_component id="oc-16b">
         <name>.text:usbSetAddress</name>
         <load_address>0x7f14</load_address>
         <run_address>0x7f14</run_address>
         <size>0x1a</size>
         <input_file_ref idref="fl-1a"/>
      </object_component>
      <object_component id="oc-186">
         <name>.text:Get_MaxLUN</name>
         <load_address>0x7f2e</load_address>
         <run_address>0x7f2e</run_address>
         <size>0x18</size>
         <input_file_ref idref="fl-20"/>
      </object_component>
      <object_component id="oc-12c">
         <name>.text:USB_resume</name>
         <load_address>0x7f46</load_address>
         <run_address>0x7f46</run_address>
         <size>0x18</size>
         <input_file_ref idref="fl-1a"/>
      </object_component>
      <object_component id="oc-f0">
         <name>.text</name>
         <load_address>0x7f5e</load_address>
         <run_address>0x7f5e</run_address>
         <size>0x16</size>
         <input_file_ref idref="fl-28"/>
      </object_component>
      <object_component id="oc-113">
         <name>.text</name>
         <load_address>0x7f74</load_address>
         <run_address>0x7f74</run_address>
         <size>0x16</size>
         <input_file_ref idref="fl-32"/>
      </object_component>
      <object_component id="oc-181">
         <name>.text:usbGetReport</name>
         <load_address>0x7f8a</load_address>
         <run_address>0x7f8a</run_address>
         <size>0x16</size>
         <input_file_ref idref="fl-1c"/>
      </object_component>
      <object_component id="oc-135">
         <name>.text:USB_handleVbusOnEvent</name>
         <load_address>0x7fa0</load_address>
         <run_address>0x7fa0</run_address>
         <size>0x14</size>
         <input_file_ref idref="fl-8"/>
      </object_component>
      <object_component id="oc-165">
         <name>.text:Buttons_interruptEnable</name>
         <load_address>0x7fb4</load_address>
         <run_address>0x7fb4</run_address>
         <size>0x12</size>
         <input_file_ref idref="fl-17"/>
      </object_component>
      <object_component id="oc-187">
         <name>.text:usbClearDeviceFeature</name>
         <load_address>0x7fc6</load_address>
         <run_address>0x7fc6</run_address>
         <size>0x12</size>
         <input_file_ref idref="fl-1a"/>
      </object_component>
      <object_component id="oc-18b">
         <name>.text:usbGetConfigurationDescriptor</name>
         <load_address>0x7fd8</load_address>
         <run_address>0x7fd8</run_address>
         <size>0x12</size>
         <input_file_ref idref="fl-1a"/>
      </object_component>
      <object_component id="oc-18a">
         <name>.text:usbGetDeviceDescriptor</name>
         <load_address>0x7fea</load_address>
         <run_address>0x7fea</run_address>
         <size>0x12</size>
         <input_file_ref idref="fl-1a"/>
      </object_component>
      <object_component id="oc-1a6">
         <name>.text:usbReceiveDataPacketOnEP0</name>
         <load_address>0x7ffc</load_address>
         <run_address>0x7ffc</run_address>
         <size>0x12</size>
         <input_file_ref idref="fl-1a"/>
      </object_component>
      <object_component id="oc-192">
         <name>.text:usbSetDeviceFeature</name>
         <load_address>0x800e</load_address>
         <run_address>0x800e</run_address>
         <size>0x12</size>
         <input_file_ref idref="fl-1a"/>
      </object_component>
      <object_component id="oc-142">
         <name>.text:Buttons_startWDT</name>
         <load_address>0x8020</load_address>
         <run_address>0x8020</run_address>
         <size>0x10</size>
         <input_file_ref idref="fl-17"/>
      </object_component>
      <object_component id="oc-189">
         <name>.text:usbGetConfiguration</name>
         <load_address>0x8030</load_address>
         <run_address>0x8030</run_address>
         <size>0x10</size>
         <input_file_ref idref="fl-1a"/>
      </object_component>
      <object_component id="oc-164">
         <name>.text:Buttons_init</name>
         <load_address>0x8040</load_address>
         <run_address>0x8040</run_address>
         <size>0xe</size>
         <input_file_ref idref="fl-17"/>
      </object_component>
      <object_component id="oc-1aa">
         <name>.text:Msc_ResetStateMachine</name>
         <load_address>0x804e</load_address>
         <run_address>0x804e</run_address>
         <size>0xe</size>
         <input_file_ref idref="fl-22"/>
      </object_component>
      <object_component id="oc-183">
         <name>.text:usbGetReportDescriptor</name>
         <load_address>0x805c</load_address>
         <run_address>0x805c</run_address>
         <size>0xe</size>
         <input_file_ref idref="fl-1c"/>
      </object_component>
      <object_component id="oc-197">
         <name>.text:usbSendZeroLengthPacketOnIEP0</name>
         <load_address>0x806a</load_address>
         <run_address>0x806a</run_address>
         <size>0xe</size>
         <input_file_ref idref="fl-1a"/>
      </object_component>
      <object_component id="oc-195">
         <name>.text:usbInvalidRequest</name>
         <load_address>0x8078</load_address>
         <run_address>0x8078</run_address>
         <size>0xc</size>
         <input_file_ref idref="fl-1a"/>
      </object_component>
      <object_component id="oc-13e">
         <name>.text:_system_pre_init</name>
         <load_address>0x8084</load_address>
         <run_address>0x8084</run_address>
         <size>0xa</size>
         <input_file_ref idref="fl-5"/>
      </object_component>
      <object_component id="oc-dd">
         <name>.text</name>
         <load_address>0x808e</load_address>
         <run_address>0x808e</run_address>
         <size>0xa</size>
         <input_file_ref idref="fl-23"/>
      </object_component>
      <object_component id="oc-ff">
         <name>.text</name>
         <load_address>0x8098</load_address>
         <run_address>0x8098</run_address>
         <size>0xa</size>
         <input_file_ref idref="fl-2c"/>
      </object_component>
      <object_component id="oc-106">
         <name>.text</name>
         <load_address>0x80a2</load_address>
         <run_address>0x80a2</run_address>
         <size>0xa</size>
         <input_file_ref idref="fl-2e"/>
      </object_component>
      <object_component id="oc-196">
         <name>.text:usbStallEndpoint0</name>
         <load_address>0x80ac</load_address>
         <run_address>0x80ac</run_address>
         <size>0xa</size>
         <input_file_ref idref="fl-1a"/>
      </object_component>
      <object_component id="oc-1a7">
         <name>.text:Handler_InFeature</name>
         <load_address>0x80b6</load_address>
         <run_address>0x80b6</run_address>
         <size>0x8</size>
         <input_file_ref idref="fl-1d"/>
      </object_component>
      <object_component id="oc-17f">
         <name>.text:usbSetLineCoding0</name>
         <load_address>0x80be</load_address>
         <run_address>0x80be</run_address>
         <size>0x8</size>
         <input_file_ref idref="fl-19"/>
      </object_component>
      <object_component id="oc-182">
         <name>.text:usbSetReport</name>
         <load_address>0x80c6</load_address>
         <run_address>0x80c6</run_address>
         <size>0x8</size>
         <input_file_ref idref="fl-1c"/>
      </object_component>
      <object_component id="oc-1ab">
         <name>.text:Msc_ResetFlags</name>
         <load_address>0x80ce</load_address>
         <run_address>0x80ce</run_address>
         <size>0x6</size>
         <input_file_ref idref="fl-1f"/>
      </object_component>
      <object_component id="oc-16f">
         <name>.text:usbClearOEP0ByteCount</name>
         <load_address>0x80d4</load_address>
         <run_address>0x80d4</run_address>
         <size>0x6</size>
         <input_file_ref idref="fl-1a"/>
      </object_component>
      <object_component id="oc-170">
         <name>.text:usbStallOEP0</name>
         <load_address>0x80da</load_address>
         <run_address>0x80da</run_address>
         <size>0x6</size>
         <input_file_ref idref="fl-1a"/>
      </object_component>
      <object_component id="oc-12a">
         <name>.text:USBCDC_handleDataReceived</name>
         <load_address>0x80e0</load_address>
         <run_address>0x80e0</run_address>
         <size>0x4</size>
         <input_file_ref idref="fl-8"/>
      </object_component>
      <object_component id="oc-148">
         <name>.text:USBCDC_handleReceiveCompleted</name>
         <load_address>0x80e4</load_address>
         <run_address>0x80e4</run_address>
         <size>0x4</size>
         <input_file_ref idref="fl-8"/>
      </object_component>
      <object_component id="oc-152">
         <name>.text:USBCDC_handleSendCompleted</name>
         <load_address>0x80e8</load_address>
         <run_address>0x80e8</run_address>
         <size>0x4</size>
         <input_file_ref idref="fl-8"/>
      </object_component>
      <object_component id="oc-127">
         <name>.text:USBHID_handleDataReceived</name>
         <load_address>0x80ec</load_address>
         <run_address>0x80ec</run_address>
         <size>0x4</size>
         <input_file_ref idref="fl-8"/>
      </object_component>
      <object_component id="oc-146">
         <name>.text:USBHID_handleReceiveCompleted</name>
         <load_address>0x80f0</load_address>
         <run_address>0x80f0</run_address>
         <size>0x4</size>
         <input_file_ref idref="fl-8"/>
      </object_component>
      <object_component id="oc-151">
         <name>.text:USBHID_handleSendCompleted</name>
         <load_address>0x80f4</load_address>
         <run_address>0x80f4</run_address>
         <size>0x4</size>
         <input_file_ref idref="fl-8"/>
      </object_component>
      <object_component id="oc-150">
         <name>.text:USBMSC_handleBufferEvent</name>
         <load_address>0x80f8</load_address>
         <run_address>0x80f8</run_address>
         <size>0x4</size>
         <input_file_ref idref="fl-8"/>
      </object_component>
      <object_component id="oc-136">
         <name>.text:USB_handleClockEvent</name>
         <load_address>0x80fc</load_address>
         <run_address>0x80fc</run_address>
         <size>0x4</size>
         <input_file_ref idref="fl-8"/>
      </object_component>
      <object_component id="oc-16c">
         <name>.text:USB_handleEnumCompleteEvent</name>
         <load_address>0x8100</load_address>
         <run_address>0x8100</run_address>
         <size>0x4</size>
         <input_file_ref idref="fl-8"/>
      </object_component>
      <object_component id="oc-131">
         <name>.text:USB_handleResetEvent</name>
         <load_address>0x8104</load_address>
         <run_address>0x8104</run_address>
         <size>0x4</size>
         <input_file_ref idref="fl-8"/>
      </object_component>
      <object_component id="oc-12d">
         <name>.text:USB_handleResumeEvent</name>
         <load_address>0x8108</load_address>
         <run_address>0x8108</run_address>
         <size>0x4</size>
         <input_file_ref idref="fl-8"/>
      </object_component>
      <object_component id="oc-12f">
         <name>.text:USB_handleSuspendEvent</name>
         <load_address>0x810c</load_address>
         <run_address>0x810c</run_address>
         <size>0x4</size>
         <input_file_ref idref="fl-8"/>
      </object_component>
      <object_component id="oc-133">
         <name>.text:USB_handleVbusOffEvent</name>
         <load_address>0x8110</load_address>
         <run_address>0x8110</run_address>
         <size>0x4</size>
         <input_file_ref idref="fl-8"/>
      </object_component>
      <object_component id="oc-141">
         <name>.text:abort</name>
         <load_address>0x8114</load_address>
         <run_address>0x8114</run_address>
         <size>0x4</size>
         <input_file_ref idref="fl-2b"/>
      </object_component>
      <object_component id="oc-180">
         <name>.text:usbSetControlLineState</name>
         <load_address>0x8118</load_address>
         <run_address>0x8118</run_address>
         <size>0x4</size>
         <input_file_ref idref="fl-19"/>
      </object_component>
      <object_component id="oc-1a8">
         <name>.text:Handler_InReport</name>
         <load_address>0x811c</load_address>
         <run_address>0x811c</run_address>
         <size>0x2</size>
         <input_file_ref idref="fl-1d"/>
      </object_component>
      <object_component id="oc-13d">
         <name>.text:_nop</name>
         <load_address>0x811e</load_address>
         <run_address>0x811e</run_address>
         <size>0x2</size>
         <input_file_ref idref="fl-34"/>
      </object_component>
      <object_component id="oc-4f">
         <name>.text:_isr:iUsbInterruptHandler</name>
         <load_address>0x4400</load_address>
         <run_address>0x4400</run_address>
         <size>0x178</size>
         <input_file_ref idref="fl-9"/>
      </object_component>
      <object_component id="oc-9f">
         <name>.text:_isr:Port1_ISR</name>
         <load_address>0x4578</load_address>
         <run_address>0x4578</run_address>
         <size>0x3c</size>
         <input_file_ref idref="fl-17"/>
      </object_component>
      <object_component id="oc-9e">
         <name>.text:_isr:Port2_ISR</name>
         <load_address>0x45b4</load_address>
         <run_address>0x45b4</run_address>
         <size>0x3c</size>
         <input_file_ref idref="fl-17"/>
      </object_component>
      <object_component id="oc-50">
         <name>.text:_isr:_c_int00_noexit</name>
         <load_address>0x45f0</load_address>
         <run_address>0x45f0</run_address>
         <size>0x2a</size>
         <input_file_ref idref="fl-24"/>
      </object_component>
      <object_component id="oc-9d">
         <name>.text:_isr:WDT_ISR</name>
         <load_address>0x461a</load_address>
         <run_address>0x461a</run_address>
         <size>0x1a</size>
         <input_file_ref idref="fl-17"/>
      </object_component>
      <object_component id="oc-89">
         <name>.text:_isr:ADC12_ISR</name>
         <load_address>0x4634</load_address>
         <run_address>0x4634</run_address>
         <size>0x16</size>
         <input_file_ref idref="fl-14"/>
      </object_component>
      <object_component id="oc-61">
         <name>.text:_isr:RTC_ISR</name>
         <load_address>0x464a</load_address>
         <run_address>0x464a</run_address>
         <size>0x16</size>
         <input_file_ref idref="fl-4"/>
      </object_component>
      <object_component id="oc-60">
         <name>.cinit</name>
         <load_address>0x4660</load_address>
         <run_address>0x4660</run_address>
         <size>0x5f</size>
         <input_file_ref idref="fl-4"/>
      </object_component>
      <object_component id="oc-c8">
         <name>.cinit</name>
         <load_address>0x46c0</load_address>
         <run_address>0x46c0</run_address>
         <size>0x52</size>
         <input_file_ref idref="fl-1f"/>
      </object_component>
      <object_component id="oc-93">
         <name>.cinit</name>
         <load_address>0x4712</load_address>
         <run_address>0x4712</run_address>
         <size>0x36</size>
         <input_file_ref idref="fl-16"/>
      </object_component>
      <object_component id="oc-6c">
         <name>.cinit</name>
         <load_address>0x4748</load_address>
         <run_address>0x4748</run_address>
         <size>0x26</size>
         <input_file_ref idref="fl-6"/>
      </object_component>
      <object_component id="oc-a9">
         <name>.cinit</name>
         <load_address>0x476e</load_address>
         <run_address>0x476e</run_address>
         <size>0x21</size>
         <input_file_ref idref="fl-19"/>
      </object_component>
      <object_component id="oc-af">
         <name>.cinit</name>
         <load_address>0x4790</load_address>
         <run_address>0x4790</run_address>
         <size>0x17</size>
         <input_file_ref idref="fl-1a"/>
      </object_component>
      <object_component id="oc-59">
         <name>.cinit</name>
         <load_address>0x47a8</load_address>
         <run_address>0x47a8</run_address>
         <size>0x16</size>
         <input_file_ref idref="fl-3"/>
      </object_component>
      <object_component id="oc-9c">
         <name>.cinit</name>
         <load_address>0x47be</load_address>
         <run_address>0x47be</run_address>
         <size>0x10</size>
         <input_file_ref idref="fl-17"/>
      </object_component>
      <object_component id="oc-cf">
         <name>.cinit</name>
         <load_address>0x47ce</load_address>
         <run_address>0x47ce</run_address>
         <size>0x8</size>
         <input_file_ref idref="fl-20"/>
      </object_component>
      <object_component id="oc-d9">
         <name>.cinit</name>
         <load_address>0x47d6</load_address>
         <run_address>0x47d6</run_address>
         <size>0x8</size>
         <input_file_ref idref="fl-22"/>
      </object_component>
      <object_component id="oc-1a2">
         <name>.const:digitalWatch</name>
         <load_address>0x8120</load_address>
         <run_address>0x8120</run_address>
         <size>0x332</size>
         <input_file_ref idref="fl-4"/>
      </object_component>
      <object_component id="oc-199">
         <name>.const:FONT6x8</name>
         <load_address>0x8452</load_address>
         <run_address>0x8452</run_address>
         <size>0x24c</size>
         <input_file_ref idref="fl-16"/>
      </object_component>
      <object_component id="oc-166">
         <name>.const:tiBug</name>
         <load_address>0x869e</load_address>
         <run_address>0x869e</run_address>
         <size>0x212</size>
         <input_file_ref idref="fl-2"/>
      </object_component>
      <object_component id="oc-16a">
         <name>.const:tUsbRequestList</name>
         <load_address>0x88b0</load_address>
         <run_address>0x88b0</run_address>
         <size>0x15e</size>
         <input_file_ref idref="fl-a"/>
      </object_component>
      <object_component id="oc-1ad">
         <name>.const:abromStringDescriptor</name>
         <load_address>0x8a0e</load_address>
         <run_address>0x8a0e</run_address>
         <size>0xf4</size>
         <input_file_ref idref="fl-a"/>
      </object_component>
      <object_component id="oc-62">
         <name>.const:.string</name>
         <load_address>0x8b02</load_address>
         <run_address>0x8b02</run_address>
         <size>0x90</size>
         <input_file_ref idref="fl-4"/>
      </object_component>
      <object_component id="oc-7c">
         <name>.const</name>
         <load_address>0x8b92</load_address>
         <run_address>0x8b92</run_address>
         <size>0x82</size>
         <input_file_ref idref="fl-a"/>
      </object_component>
      <object_component id="oc-53">
         <name>.const:.string</name>
         <load_address>0x8c14</load_address>
         <run_address>0x8c14</run_address>
         <size>0x48</size>
         <input_file_ref idref="fl-2"/>
      </object_component>
      <object_component id="oc-1b6">
         <name>.const:cos</name>
         <load_address>0x8c5c</load_address>
         <run_address>0x8c5c</run_address>
         <size>0x40</size>
         <input_file_ref idref="fl-4"/>
      </object_component>
      <object_component id="oc-1a9">
         <name>.const:abromReportDescriptor</name>
         <load_address>0x8c9c</load_address>
         <run_address>0x8c9c</run_address>
         <size>0x34</size>
         <input_file_ref idref="fl-a"/>
      </object_component>
      <object_component id="oc-144">
         <name>.const:stUsbHandle</name>
         <load_address>0x8cd0</load_address>
         <run_address>0x8cd0</run_address>
         <size>0x30</size>
         <input_file_ref idref="fl-a"/>
      </object_component>
      <object_component id="oc-1ac">
         <name>.const:abromDeviceDescriptor</name>
         <load_address>0x8d00</load_address>
         <run_address>0x8d00</run_address>
         <size>0x12</size>
         <input_file_ref idref="fl-a"/>
      </object_component>
      <object_component id="oc-c9">
         <name>.const</name>
         <load_address>0x8d12</load_address>
         <run_address>0x8d12</run_address>
         <size>0x10</size>
         <input_file_ref idref="fl-1f"/>
      </object_component>
      <object_component id="oc-179">
         <name>.const:clockMenuText</name>
         <load_address>0x8d22</load_address>
         <run_address>0x8d22</run_address>
         <size>0x10</size>
         <input_file_ref idref="fl-4"/>
      </object_component>
      <object_component id="oc-19c">
         <name>.const:$P$T0$1</name>
         <load_address>0x8d32</load_address>
         <run_address>0x8d32</run_address>
         <size>0x3</size>
         <input_file_ref idref="fl-4"/>
      </object_component>
      <object_component id="oc-5f">
         <name>.int41</name>
         <load_address>0xffd2</load_address>
         <run_address>0xffd2</run_address>
         <size>0x2</size>
         <input_file_ref idref="fl-4"/>
      </object_component>
      <object_component id="oc-9a">
         <name>.int42</name>
         <load_address>0xffd4</load_address>
         <run_address>0xffd4</run_address>
         <size>0x2</size>
         <input_file_ref idref="fl-17"/>
      </object_component>
      <object_component id="oc-9b">
         <name>.int47</name>
         <load_address>0xffde</load_address>
         <run_address>0xffde</run_address>
         <size>0x2</size>
         <input_file_ref idref="fl-17"/>
      </object_component>
      <object_component id="oc-77">
         <name>.int51</name>
         <load_address>0xffe6</load_address>
         <run_address>0xffe6</run_address>
         <size>0x2</size>
         <input_file_ref idref="fl-9"/>
      </object_component>
      <object_component id="oc-88">
         <name>.int54</name>
         <load_address>0xffec</load_address>
         <run_address>0xffec</run_address>
         <size>0x2</size>
         <input_file_ref idref="fl-14"/>
      </object_component>
      <object_component id="oc-99">
         <name>.int57</name>
         <load_address>0xfff2</load_address>
         <run_address>0xfff2</run_address>
         <size>0x2</size>
         <input_file_ref idref="fl-17"/>
      </object_component>
      <object_component id="oc-e4">
         <name>.reset</name>
         <load_address>0xfffe</load_address>
         <run_address>0xfffe</run_address>
         <size>0x2</size>
         <input_file_ref idref="fl-24"/>
      </object_component>
      <object_component id="oc-52">
         <name>.debug_info</name>
         <load_address>0x0</load_address>
         <run_address>0x0</run_address>
         <size>0x915</size>
         <input_file_ref idref="fl-2"/>
      </object_component>
      <object_component id="oc-58">
         <name>.debug_info</name>
         <load_address>0x915</load_address>
         <run_address>0x915</run_address>
         <size>0x216</size>
         <input_file_ref idref="fl-3"/>
      </object_component>
      <object_component id="oc-5e">
         <name>.debug_info</name>
         <load_address>0xb2b</load_address>
         <run_address>0xb2b</run_address>
         <size>0x2360</size>
         <input_file_ref idref="fl-4"/>
      </object_component>
      <object_component id="oc-66">
         <name>.debug_info</name>
         <load_address>0x2e8b</load_address>
         <run_address>0x2e8b</run_address>
         <size>0x250</size>
         <input_file_ref idref="fl-5"/>
      </object_component>
      <object_component id="oc-6b">
         <name>.debug_info</name>
         <load_address>0x30db</load_address>
         <run_address>0x30db</run_address>
         <size>0x2fc</size>
         <input_file_ref idref="fl-6"/>
      </object_component>
      <object_component id="oc-6e">
         <name>.debug_info</name>
         <load_address>0x33d7</load_address>
         <run_address>0x33d7</run_address>
         <size>0x3ec</size>
         <input_file_ref idref="fl-7"/>
      </object_component>
      <object_component id="oc-72">
         <name>.debug_info</name>
         <load_address>0x37c3</load_address>
         <run_address>0x37c3</run_address>
         <size>0xb13</size>
         <input_file_ref idref="fl-8"/>
      </object_component>
      <object_component id="oc-76">
         <name>.debug_info</name>
         <load_address>0x42d6</load_address>
         <run_address>0x42d6</run_address>
         <size>0x130d</size>
         <input_file_ref idref="fl-9"/>
      </object_component>
      <object_component id="oc-7b">
         <name>.debug_info</name>
         <load_address>0x55e3</load_address>
         <run_address>0x55e3</run_address>
         <size>0x2426</size>
         <input_file_ref idref="fl-a"/>
      </object_component>
      <object_component id="oc-7e">
         <name>.debug_info</name>
         <load_address>0x7a09</load_address>
         <run_address>0x7a09</run_address>
         <size>0xc34</size>
         <input_file_ref idref="fl-12"/>
      </object_component>
      <object_component id="oc-82">
         <name>.debug_info</name>
         <load_address>0x863d</load_address>
         <run_address>0x863d</run_address>
         <size>0xce2</size>
         <input_file_ref idref="fl-13"/>
      </object_component>
      <object_component id="oc-87">
         <name>.debug_info</name>
         <load_address>0x931f</load_address>
         <run_address>0x931f</run_address>
         <size>0x8d6</size>
         <input_file_ref idref="fl-14"/>
      </object_component>
      <object_component id="oc-8d">
         <name>.debug_info</name>
         <load_address>0x9bf5</load_address>
         <run_address>0x9bf5</run_address>
         <size>0x837</size>
         <input_file_ref idref="fl-15"/>
      </object_component>
      <object_component id="oc-92">
         <name>.debug_info</name>
         <load_address>0xa42c</load_address>
         <run_address>0xa42c</run_address>
         <size>0x34a5</size>
         <input_file_ref idref="fl-16"/>
      </object_component>
      <object_component id="oc-98">
         <name>.debug_info</name>
         <load_address>0xd8d1</load_address>
         <run_address>0xd8d1</run_address>
         <size>0xa74</size>
         <input_file_ref idref="fl-17"/>
      </object_component>
      <object_component id="oc-a3">
         <name>.debug_info</name>
         <load_address>0xe345</load_address>
         <run_address>0xe345</run_address>
         <size>0x632</size>
         <input_file_ref idref="fl-18"/>
      </object_component>
      <object_component id="oc-a8">
         <name>.debug_info</name>
         <load_address>0xe977</load_address>
         <run_address>0xe977</run_address>
         <size>0x3881</size>
         <input_file_ref idref="fl-19"/>
      </object_component>
      <object_component id="oc-ae">
         <name>.debug_info</name>
         <load_address>0x121f8</load_address>
         <run_address>0x121f8</run_address>
         <size>0x5db4</size>
         <input_file_ref idref="fl-1a"/>
      </object_component>
      <object_component id="oc-b4">
         <name>.debug_info</name>
         <load_address>0x17fac</load_address>
         <run_address>0x17fac</run_address>
         <size>0x24dc</size>
         <input_file_ref idref="fl-1b"/>
      </object_component>
      <object_component id="oc-b9">
         <name>.debug_info</name>
         <load_address>0x1a488</load_address>
         <run_address>0x1a488</run_address>
         <size>0x28d0</size>
         <input_file_ref idref="fl-1c"/>
      </object_component>
      <object_component id="oc-bd">
         <name>.debug_info</name>
         <load_address>0x1cd58</load_address>
         <run_address>0x1cd58</run_address>
         <size>0x2559</size>
         <input_file_ref idref="fl-1d"/>
      </object_component>
      <object_component id="oc-c2">
         <name>.debug_info</name>
         <load_address>0x1f2b1</load_address>
         <run_address>0x1f2b1</run_address>
         <size>0x30f3</size>
         <input_file_ref idref="fl-1e"/>
      </object_component>
      <object_component id="oc-c7">
         <name>.debug_info</name>
         <load_address>0x223a4</load_address>
         <run_address>0x223a4</run_address>
         <size>0x4201</size>
         <input_file_ref idref="fl-1f"/>
      </object_component>
      <object_component id="oc-ce">
         <name>.debug_info</name>
         <load_address>0x265a5</load_address>
         <run_address>0x265a5</run_address>
         <size>0x32e1</size>
         <input_file_ref idref="fl-20"/>
      </object_component>
      <object_component id="oc-d3">
         <name>.debug_info</name>
         <load_address>0x29886</load_address>
         <run_address>0x29886</run_address>
         <size>0x6ce</size>
         <input_file_ref idref="fl-21"/>
      </object_component>
      <object_component id="oc-d8">
         <name>.debug_info</name>
         <load_address>0x29f54</load_address>
         <run_address>0x29f54</run_address>
         <size>0x3257</size>
         <input_file_ref idref="fl-22"/>
      </object_component>
      <object_component id="oc-de">
         <name>.debug_info</name>
         <load_address>0x2d1ab</load_address>
         <run_address>0x2d1ab</run_address>
         <size>0xcb</size>
         <input_file_ref idref="fl-23"/>
      </object_component>
      <object_component id="oc-e2">
         <name>.debug_info</name>
         <load_address>0x2d276</load_address>
         <run_address>0x2d276</run_address>
         <size>0x44d</size>
         <input_file_ref idref="fl-24"/>
      </object_component>
      <object_component id="oc-e7">
         <name>.debug_info</name>
         <load_address>0x2d6c3</load_address>
         <run_address>0x2d6c3</run_address>
         <size>0x275</size>
         <input_file_ref idref="fl-25"/>
      </object_component>
      <object_component id="oc-ea">
         <name>.debug_info</name>
         <load_address>0x2d938</load_address>
         <run_address>0x2d938</run_address>
         <size>0x22d</size>
         <input_file_ref idref="fl-26"/>
      </object_component>
      <object_component id="oc-ed">
         <name>.debug_info</name>
         <load_address>0x2db65</load_address>
         <run_address>0x2db65</run_address>
         <size>0x23c</size>
         <input_file_ref idref="fl-27"/>
      </object_component>
      <object_component id="oc-f1">
         <name>.debug_info</name>
         <load_address>0x2dda1</load_address>
         <run_address>0x2dda1</run_address>
         <size>0xce</size>
         <input_file_ref idref="fl-28"/>
      </object_component>
      <object_component id="oc-f5">
         <name>.debug_info</name>
         <load_address>0x2de6f</load_address>
         <run_address>0x2de6f</run_address>
         <size>0xde</size>
         <input_file_ref idref="fl-29"/>
      </object_component>
      <object_component id="oc-f9">
         <name>.debug_info</name>
         <load_address>0x2df4d</load_address>
         <run_address>0x2df4d</run_address>
         <size>0xd0</size>
         <input_file_ref idref="fl-2a"/>
      </object_component>
      <object_component id="oc-fc">
         <name>.debug_info</name>
         <load_address>0x2e01d</load_address>
         <run_address>0x2e01d</run_address>
         <size>0x2f4</size>
         <input_file_ref idref="fl-2b"/>
      </object_component>
      <object_component id="oc-100">
         <name>.debug_info</name>
         <load_address>0x2e311</load_address>
         <run_address>0x2e311</run_address>
         <size>0xcb</size>
         <input_file_ref idref="fl-2c"/>
      </object_component>
      <object_component id="oc-103">
         <name>.debug_info</name>
         <load_address>0x2e3dc</load_address>
         <run_address>0x2e3dc</run_address>
         <size>0xd1</size>
         <input_file_ref idref="fl-2d"/>
      </object_component>
      <object_component id="oc-107">
         <name>.debug_info</name>
         <load_address>0x2e4ad</load_address>
         <run_address>0x2e4ad</run_address>
         <size>0xcb</size>
         <input_file_ref idref="fl-2e"/>
      </object_component>
      <object_component id="oc-10a">
         <name>.debug_info</name>
         <load_address>0x2e578</load_address>
         <run_address>0x2e578</run_address>
         <size>0xd1</size>
         <input_file_ref idref="fl-2f"/>
      </object_component>
      <object_component id="oc-10d">
         <name>.debug_info</name>
         <load_address>0x2e649</load_address>
         <run_address>0x2e649</run_address>
         <size>0x2eb</size>
         <input_file_ref idref="fl-30"/>
      </object_component>
      <object_component id="oc-110">
         <name>.debug_info</name>
         <load_address>0x2e934</load_address>
         <run_address>0x2e934</run_address>
         <size>0x372</size>
         <input_file_ref idref="fl-31"/>
      </object_component>
      <object_component id="oc-114">
         <name>.debug_info</name>
         <load_address>0x2eca6</load_address>
         <run_address>0x2eca6</run_address>
         <size>0xdd</size>
         <input_file_ref idref="fl-32"/>
      </object_component>
      <object_component id="oc-118">
         <name>.debug_info</name>
         <load_address>0x2ed83</load_address>
         <run_address>0x2ed83</run_address>
         <size>0xdd</size>
         <input_file_ref idref="fl-33"/>
      </object_component>
      <object_component id="oc-11c">
         <name>.debug_info</name>
         <load_address>0x2ee60</load_address>
         <run_address>0x2ee60</run_address>
         <size>0x251</size>
         <input_file_ref idref="fl-34"/>
      </object_component>
      <object_component id="oc-11f">
         <name>.debug_info</name>
         <load_address>0x2f0b1</load_address>
         <run_address>0x2f0b1</run_address>
         <size>0x28d</size>
         <input_file_ref idref="fl-35"/>
      </object_component>
      <object_component id="oc-122">
         <name>.debug_info</name>
         <load_address>0x2f33e</load_address>
         <run_address>0x2f33e</run_address>
         <size>0x3cf</size>
         <input_file_ref idref="fl-36"/>
      </object_component>
      <object_component id="oc-20f">
         <name>.debug_info</name>
         <load_address>0x2f70d</load_address>
         <run_address>0x2f70d</run_address>
         <size>0x6a</size>
      </object_component>
      <object_component id="oc-54">
         <name>.debug_frame</name>
         <load_address>0x0</load_address>
         <run_address>0x0</run_address>
         <size>0x4f</size>
         <input_file_ref idref="fl-2"/>
      </object_component>
      <object_component id="oc-5a">
         <name>.debug_frame</name>
         <load_address>0x4f</load_address>
         <run_address>0x4f</run_address>
         <size>0x32</size>
         <input_file_ref idref="fl-3"/>
      </object_component>
      <object_component id="oc-63">
         <name>.debug_frame</name>
         <load_address>0x81</load_address>
         <run_address>0x81</run_address>
         <size>0x1ab</size>
         <input_file_ref idref="fl-4"/>
      </object_component>
      <object_component id="oc-67">
         <name>.debug_frame</name>
         <load_address>0x22c</load_address>
         <run_address>0x22c</run_address>
         <size>0x47</size>
         <input_file_ref idref="fl-5"/>
      </object_component>
      <object_component id="oc-6f">
         <name>.debug_frame</name>
         <load_address>0x273</load_address>
         <run_address>0x273</run_address>
         <size>0x32</size>
         <input_file_ref idref="fl-7"/>
      </object_component>
      <object_component id="oc-73">
         <name>.debug_frame</name>
         <load_address>0x2a5</load_address>
         <run_address>0x2a5</run_address>
         <size>0x158</size>
         <input_file_ref idref="fl-8"/>
      </object_component>
      <object_component id="oc-78">
         <name>.debug_frame</name>
         <load_address>0x3fd</load_address>
         <run_address>0x3fd</run_address>
         <size>0xd6</size>
         <input_file_ref idref="fl-9"/>
      </object_component>
      <object_component id="oc-7f">
         <name>.debug_frame</name>
         <load_address>0x4d3</load_address>
         <run_address>0x4d3</run_address>
         <size>0x8d</size>
         <input_file_ref idref="fl-12"/>
      </object_component>
      <object_component id="oc-83">
         <name>.debug_frame</name>
         <load_address>0x560</load_address>
         <run_address>0x560</run_address>
         <size>0x8a</size>
         <input_file_ref idref="fl-13"/>
      </object_component>
      <object_component id="oc-8a">
         <name>.debug_frame</name>
         <load_address>0x5ea</load_address>
         <run_address>0x5ea</run_address>
         <size>0x86</size>
         <input_file_ref idref="fl-14"/>
      </object_component>
      <object_component id="oc-8e">
         <name>.debug_frame</name>
         <load_address>0x670</load_address>
         <run_address>0x670</run_address>
         <size>0x5e</size>
         <input_file_ref idref="fl-15"/>
      </object_component>
      <object_component id="oc-94">
         <name>.debug_frame</name>
         <load_address>0x6ce</load_address>
         <run_address>0x6ce</run_address>
         <size>0x300</size>
         <input_file_ref idref="fl-16"/>
      </object_component>
      <object_component id="oc-a0">
         <name>.debug_frame</name>
         <load_address>0x9ce</load_address>
         <run_address>0x9ce</run_address>
         <size>0xdc</size>
         <input_file_ref idref="fl-17"/>
      </object_component>
      <object_component id="oc-a4">
         <name>.debug_frame</name>
         <load_address>0xaaa</load_address>
         <run_address>0xaaa</run_address>
         <size>0x47</size>
         <input_file_ref idref="fl-18"/>
      </object_component>
      <object_component id="oc-aa">
         <name>.debug_frame</name>
         <load_address>0xaf1</load_address>
         <run_address>0xaf1</run_address>
         <size>0x161</size>
         <input_file_ref idref="fl-19"/>
      </object_component>
      <object_component id="oc-b0">
         <name>.debug_frame</name>
         <load_address>0xc52</load_address>
         <run_address>0xc52</run_address>
         <size>0x2d1</size>
         <input_file_ref idref="fl-1a"/>
      </object_component>
      <object_component id="oc-b5">
         <name>.debug_frame</name>
         <load_address>0xf23</load_address>
         <run_address>0xf23</run_address>
         <size>0x32</size>
         <input_file_ref idref="fl-1b"/>
      </object_component>
      <object_component id="oc-ba">
         <name>.debug_frame</name>
         <load_address>0xf55</load_address>
         <run_address>0xf55</run_address>
         <size>0x86</size>
         <input_file_ref idref="fl-1c"/>
      </object_component>
      <object_component id="oc-be">
         <name>.debug_frame</name>
         <load_address>0xfdb</load_address>
         <run_address>0xfdb</run_address>
         <size>0x5c</size>
         <input_file_ref idref="fl-1d"/>
      </object_component>
      <object_component id="oc-c3">
         <name>.debug_frame</name>
         <load_address>0x1037</load_address>
         <run_address>0x1037</run_address>
         <size>0xee</size>
         <input_file_ref idref="fl-1e"/>
      </object_component>
      <object_component id="oc-ca">
         <name>.debug_frame</name>
         <load_address>0x1125</load_address>
         <run_address>0x1125</run_address>
         <size>0xf1</size>
         <input_file_ref idref="fl-1f"/>
      </object_component>
      <object_component id="oc-d0">
         <name>.debug_frame</name>
         <load_address>0x1216</load_address>
         <run_address>0x1216</run_address>
         <size>0x62</size>
         <input_file_ref idref="fl-20"/>
      </object_component>
      <object_component id="oc-d4">
         <name>.debug_frame</name>
         <load_address>0x1278</load_address>
         <run_address>0x1278</run_address>
         <size>0x32</size>
         <input_file_ref idref="fl-21"/>
      </object_component>
      <object_component id="oc-da">
         <name>.debug_frame</name>
         <load_address>0x12aa</load_address>
         <run_address>0x12aa</run_address>
         <size>0x47</size>
         <input_file_ref idref="fl-22"/>
      </object_component>
      <object_component id="oc-55">
         <name>.debug_line</name>
         <load_address>0x0</load_address>
         <run_address>0x0</run_address>
         <size>0x95</size>
         <input_file_ref idref="fl-2"/>
      </object_component>
      <object_component id="oc-5b">
         <name>.debug_line</name>
         <load_address>0x95</load_address>
         <run_address>0x95</run_address>
         <size>0x2a</size>
         <input_file_ref idref="fl-3"/>
      </object_component>
      <object_component id="oc-64">
         <name>.debug_line</name>
         <load_address>0xbf</load_address>
         <run_address>0xbf</run_address>
         <size>0x770</size>
         <input_file_ref idref="fl-4"/>
      </object_component>
      <object_component id="oc-68">
         <name>.debug_line</name>
         <load_address>0x82f</load_address>
         <run_address>0x82f</run_address>
         <size>0x49</size>
         <input_file_ref idref="fl-5"/>
      </object_component>
      <object_component id="oc-70">
[...]
         <name>usbSendNextPacketOnIEP0</name>
         <value>0x6ffa</value>
         <object_component_ref idref="oc-157"/>
      </symbol>
      <symbol id="sm-9a4">
         <name>usbGetStringDescriptor</name>
         <value>0x7708</value>
         <object_component_ref idref="oc-18c"/>
      </symbol>
      <symbol id="sm-9a5">
         <name>usbSendZeroLengthPacketOnIEP0</name>
         <value>0x806a</value>
         <object_component_ref idref="oc-197"/>
      </symbol>
      <symbol id="sm-9a6">
         <name>usbClearDeviceFeature</name>
         <value>0x7fc6</value>
         <object_component_ref idref="oc-187"/>
      </symbol>
      <symbol id="sm-9a7">
         <name>usbSetConfiguration</name>
         <value>0x7ea6</value>
         <object_component_ref idref="oc-191"/>
      </symbol>
      <symbol id="sm-9a8">
         <name>USB_resume</name>
         <value>0x7f46</value>
         <object_component_ref idref="oc-12c"/>
      </symbol>
      <symbol id="sm-9a9">
         <name>usbSendDataPacketOnEP0</name>
         <value>0x7e86</value>
         <object_component_ref idref="oc-1a5"/>
      </symbol>
      <symbol id="sm-9aa">
         <name>usbGetConfiguration</name>
         <value>0x8030</value>
         <object_component_ref idref="oc-189"/>
      </symbol>
      <symbol id="sm-9ab">
         <name>usbStallOEP0</name>
         <value>0x80da</value>
         <object_component_ref idref="oc-170"/>
      </symbol>
      <symbol id="sm-9ac">
         <name>usbGetConfigurationDescriptor</name>
         <value>0x7fd8</value>
         <object_component_ref idref="oc-18b"/>
      </symbol>
      <symbol id="sm-9ad">
         <name>wBytesRemainingOnIEP0</name>
         <value>0x291e</value>
         <object_component_ref idref="oc-ad"/>
      </symbol>
      <symbol id="sm-9ae">
         <name>usbClearEndpointFeature</name>
         <value>0x7224</value>
         <object_component_ref idref="oc-188"/>
      </symbol>
      <symbol id="sm-9af">
         <name>bFunctionSuspended</name>
         <value>0x295f</value>
         <object_component_ref idref="oc-ad"/>
      </symbol>
      <symbol id="sm-9b0">
         <name>usbDecodeAndProcessUsbRequest</name>
         <value>0x6b48</value>
         <object_component_ref idref="oc-143"/>
      </symbol>
      <symbol id="sm-9b1">
         <name>bEnumerationStatus</name>
         <value>0x2960</value>
         <object_component_ref idref="oc-ad"/>
      </symbol>
      <symbol id="sm-9b2">
         <name>wUsbEventMask</name>
         <value>0x2962</value>
         <object_component_ref idref="oc-ad"/>
      </symbol>
      <symbol id="sm-9b3">
         <name>usbClearOEP0ByteCount</name>
         <value>0x80d4</value>
         <object_component_ref idref="oc-16f"/>
      </symbol>
      <symbol id="sm-9b4">
         <name>usbSetDeviceFeature</name>
         <value>0x800e</value>
         <object_component_ref idref="oc-192"/>
      </symbol>
      <symbol id="sm-9b5">
         <name>usbInvalidRequest</name>
         <value>0x8078</value>
         <object_component_ref idref="oc-195"/>
      </symbol>
      <symbol id="sm-9b6">
         <name>abUsbRequestIncomingData</name>
         <value>0x2934</value>
         <object_component_ref idref="oc-ad"/>
      </symbol>
      <symbol id="sm-9b7">
         <name>USB_reset</name>
         <value>0x5b3a</value>
         <object_component_ref idref="oc-130"/>
      </symbol>
      <symbol id="sm-9b8">
         <name>usbStallEndpoint0</name>
         <value>0x80ac</value>
         <object_component_ref idref="oc-196"/>
      </symbol>
      <symbol id="sm-9b9">
         <name>USB_connect</name>
         <value>0x7dce</value>
         <object_component_ref idref="oc-14e"/>
      </symbol>
      <symbol id="sm-9ba">
         <name>usbGetDeviceStatus</name>
         <value>0x7df6</value>
         <object_component_ref idref="oc-18e"/>
      </symbol>
      <symbol id="sm-9c4">
         <name>USB_TX_memcpy</name>
         <value>0x2a0e</value>
         <object_component_ref idref="oc-b3"/>
      </symbol>
      <symbol id="sm-9c5">
         <name>USB_RX_memcpy</name>
         <value>0x2a12</value>
         <object_component_ref idref="oc-b3"/>
      </symbol>
      <symbol id="sm-9db">
         <name>usbGetReportDescriptor</name>
         <value>0x805c</value>
         <object_component_ref idref="oc-183"/>
      </symbol>
      <symbol id="sm-9dc">
         <name>usbGetHidDescriptor</name>
         <value>0x7d24</value>
         <object_component_ref idref="oc-184"/>
      </symbol>
      <symbol id="sm-9dd">
         <name>usbGetReport</name>
         <value>0x7f8a</value>
         <object_component_ref idref="oc-181"/>
      </symbol>
      <symbol id="sm-9de">
         <name>usbSetReport</name>
         <value>0x80c6</value>
         <object_component_ref idref="oc-182"/>
      </symbol>
      <symbol id="sm-9ea">
         <name>Handler_InFeature</name>
         <value>0x80b6</value>
         <object_component_ref idref="oc-1a7"/>
      </symbol>
      <symbol id="sm-9eb">
         <name>Handler_InReport</name>
         <value>0x811c</value>
         <object_component_ref idref="oc-1a8"/>
      </symbol>
      <symbol id="sm-a21">
         <name>HidResetData</name>
         <value>0x7d7a</value>
         <object_component_ref idref="oc-14b"/>
      </symbol>
      <symbol id="sm-a22">
         <name>HidToHostFromBuffer</name>
         <value>0x5712</value>
         <object_component_ref idref="oc-138"/>
      </symbol>
      <symbol id="sm-a23">
         <name>HidIsReceiveInProgress</name>
         <value>0x7b44</value>
         <object_component_ref idref="oc-126"/>
      </symbol>
      <symbol id="sm-a24">
         <name>HidCopyUsbToBuff</name>
         <value>0x6e02</value>
         <object_component_ref idref="oc-145"/>
      </symbol>
      <symbol id="sm-a25">
         <name>HidToBufferFromHost</name>
         <value>0x59e0</value>
         <object_component_ref idref="oc-128"/>
      </symbol>
      <symbol id="sm-a73">
         <name>bMscCbwReceived</name>
         <value>0x274a</value>
         <object_component_ref idref="oc-c6"/>
      </symbol>
      <symbol id="sm-a74">
         <name>McsCbw</name>
         <value>0x2766</value>
         <object_component_ref idref="oc-c6"/>
      </symbol>
      <symbol id="sm-a75">
         <name>bMcsCommandSupported</name>
         <value>0x2748</value>
         <object_component_ref idref="oc-c6"/>
      </symbol>
      <symbol id="sm-a76">
         <name>MscWriteControl</name>
         <value>0x27b4</value>
         <object_component_ref idref="oc-c6"/>
      </symbol>
      <symbol id="sm-a77">
         <name>MscReadControl</name>
         <value>0x27d4</value>
         <object_component_ref idref="oc-c6"/>
      </symbol>
      <symbol id="sm-a78">
         <name>bUnitAttention</name>
         <value>0x27f8</value>
         <object_component_ref idref="oc-c6"/>
      </symbol>
      <symbol id="sm-a79">
         <name>RequestSenseResponse</name>
         <value>0x2794</value>
         <object_component_ref idref="oc-c6"/>
      </symbol>
      <symbol id="sm-a7a">
         <name>Scsi_Standard_Inquiry_Data</name>
         <value>0x27fa</value>
         <object_component_ref idref="oc-c6"/>
      </symbol>
      <symbol id="sm-a7b">
         <name>bMscResetRequired</name>
         <value>0x28fa</value>
         <object_component_ref idref="oc-c6"/>
      </symbol>
      <symbol id="sm-a7c">
         <name>Report_Luns</name>
         <value>0x8d12</value>
         <object_component_ref idref="oc-c9"/>
      </symbol>
      <symbol id="sm-a7d">
         <name>Scsi_Mode_Sense_10</name>
         <value>0x2908</value>
         <object_component_ref idref="oc-c6"/>
      </symbol>
      <symbol id="sm-a7e">
         <name>Scsi_Read_Capacity_10</name>
         <value>0x28fc</value>
         <object_component_ref idref="oc-c6"/>
      </symbol>
      <symbol id="sm-a7f">
         <name>MscControl</name>
         <value>0x27f0</value>
         <object_component_ref idref="oc-c6"/>
      </symbol>
      <symbol id="sm-a80">
         <name>sRwbuf</name>
         <value>0x2754</value>
         <object_component_ref idref="oc-c6"/>
      </symbol>
      <symbol id="sm-a81">
         <name>MSCToHostFromBuffer</name>
         <value>0x587e</value>
         <object_component_ref idref="oc-13a"/>
      </symbol>
      <symbol id="sm-a82">
         <name>Scsi_Mode_Sense_6</name>
         <value>0x2904</value>
         <object_component_ref idref="oc-c6"/>
      </symbol>
      <symbol id="sm-a83">
         <name>MscResetData</name>
         <value>0x7cf6</value>
         <object_component_ref idref="oc-14c"/>
      </symbol>
      <symbol id="sm-a84">
         <name>MSCFromHostToBuffer</name>
         <value>0x5284</value>
         <object_component_ref idref="oc-137"/>
      </symbol>
      <symbol id="sm-a85">
         <name>Scsi_Residue</name>
         <value>0x2762</value>
         <object_component_ref idref="oc-c6"/>
      </symbol>
      <symbol id="sm-a86">
         <name>Scsi_Read_Format_Capacity</name>
         <value>0x2910</value>
         <object_component_ref idref="oc-c6"/>
      </symbol>
      <symbol id="sm-a87">
         <name>McsCsw</name>
         <value>0x2786</value>
         <object_component_ref idref="oc-c6"/>
      </symbol>
      <symbol id="sm-a88">
         <name>Msc_ResetStruct</name>
         <value>0x728c</value>
         <object_component_ref idref="oc-16e"/>
      </symbol>
      <symbol id="sm-a89">
         <name>xBufferAddr</name>
         <value>0x274c</value>
         <object_component_ref idref="oc-c6"/>
      </symbol>
      <symbol id="sm-a8a">
         <name>yBufferAddr</name>
         <value>0x2750</value>
         <object_component_ref idref="oc-c6"/>
      </symbol>
      <symbol id="sm-a8b">
         <name>sCtrlLun</name>
         <value>0x27f6</value>
         <object_component_ref idref="oc-c6"/>
      </symbol>
      <symbol id="sm-a8c">
         <name>MscCopyUsbToBuff</name>
         <value>0x714c</value>
         <object_component_ref idref="oc-14f"/>
      </symbol>
      <symbol id="sm-a8d">
         <name>Msc_ResetFlags</name>
         <value>0x80ce</value>
         <object_component_ref idref="oc-1ab"/>
      </symbol>
      <symbol id="sm-a8e">
         <name>bMscCbwFailed</name>
         <value>0x27f9</value>
         <object_component_ref idref="oc-c6"/>
      </symbol>
      <symbol id="sm-a8f">
         <name>Reset_RequestSenseResponse</name>
         <value>0x72f0</value>
         <object_component_ref idref="oc-198"/>
      </symbol>
      <symbol id="sm-a9f">
         <name>USBMSC_reset</name>
         <value>0x7790</value>
         <object_component_ref idref="oc-185"/>
      </symbol>
      <symbol id="sm-aa0">
         <name>Get_MaxLUN</name>
         <value>0x7f2e</value>
         <object_component_ref idref="oc-186"/>
      </symbol>
      <symbol id="sm-aa1">
         <name>isMSCConfigured</name>
         <value>0x2a30</value>
         <object_component_ref idref="oc-cd"/>
      </symbol>
      <symbol id="sm-ab7">
         <name>Msc_ResetStateMachine</name>
         <value>0x804e</value>
         <object_component_ref idref="oc-1aa"/>
      </symbol>
      <symbol id="sm-ac0">
         <name>I_ASR</name>
         <value>0x808e</value>
         <object_component_ref idref="oc-dd"/>
      </symbol>
      <symbol id="sm-ad1">
         <name>_c_int00_noexit</name>
         <value>0x45f0</value>
         <object_component_ref idref="oc-50"/>
      </symbol>
      <symbol id="sm-ad2">
         <name>_c_int00</name>
         <value>0x45f0</value>
         <object_component_ref idref="oc-50"/>
      </symbol>
      <symbol id="sm-ad3">
         <name>_dtors_ptr</name>
         <value>0x2a22</value>
         <object_component_ref idref="oc-e1"/>
      </symbol>
      <symbol id="sm-ad4">
         <name>_cleanup_ptr</name>
         <value>0x2a1e</value>
         <object_component_ref idref="oc-e1"/>
      </symbol>
      <symbol id="sm-ad5">
         <name>_stack</name>
         <value>0x4360</value>
         <object_component_ref idref="oc-e3"/>
      </symbol>
      <symbol id="sm-ad6">
         <name>_reset_vector</name>
         <value>0xfffe</value>
         <object_component_ref idref="oc-e4"/>
      </symbol>
      <symbol id="sm-af5">
         <name>__remu</name>
         <value>0x7f5e</value>
         <object_component_ref idref="oc-f0"/>
      </symbol>
      <symbol id="sm-af6">
         <name>__divu</name>
         <value>0x7f5e</value>
         <object_component_ref idref="oc-f0"/>
      </symbol>
      <symbol id="sm-b02">
         <name>__remli</name>
         <value>0x7812</value>
         <object_component_ref idref="oc-f4"/>
      </symbol>
      <symbol id="sm-b03">
         <name>__divli</name>
         <value>0x7812</value>
         <object_component_ref idref="oc-f4"/>
      </symbol>
      <symbol id="sm-b11">
         <name>__divul</name>
         <value>0x7408</value>
         <object_component_ref idref="oc-f8"/>
      </symbol>
      <symbol id="sm-b12">
         <name>__remul</name>
         <value>0x7408</value>
         <object_component_ref idref="oc-f8"/>
      </symbol>
      <symbol id="sm-b1d">
         <name>C$$EXIT</name>
         <value>0x8114</value>
         <object_component_ref idref="oc-141"/>
      </symbol>
      <symbol id="sm-b1e">
         <name>abort</name>
         <value>0x8114</value>
         <object_component_ref idref="oc-141"/>
      </symbol>
      <symbol id="sm-b1f">
         <name>__TI_exit</name>
         <value>0x1</value>
      </symbol>
      <symbol id="sm-b28">
         <name>I_LSL</name>
         <value>0x8098</value>
         <object_component_ref idref="oc-ff"/>
      </symbol>
      <symbol id="sm-b30">
         <name>L_LSL_3</name>
         <value>0x797e</value>
         <object_component_ref idref="oc-14a"/>
      </symbol>
      <symbol id="sm-b31">
         <name>L_LSL_2</name>
         <value>0x7982</value>
         <object_component_ref idref="oc-14a"/>
      </symbol>
      <symbol id="sm-b32">
         <name>L_LSL_1</name>
         <value>0x7986</value>
         <object_component_ref idref="oc-14a"/>
      </symbol>
      <symbol id="sm-b33">
         <name>L_LSL_7</name>
         <value>0x796e</value>
         <object_component_ref idref="oc-14a"/>
      </symbol>
      <symbol id="sm-b34">
         <name>L_LSL_6</name>
         <value>0x7972</value>
         <object_component_ref idref="oc-14a"/>
      </symbol>
      <symbol id="sm-b35">
         <name>L_LSL_5</name>
         <value>0x7976</value>
         <object_component_ref idref="oc-14a"/>
      </symbol>
      <symbol id="sm-b36">
         <name>L_LSL_4</name>
         <value>0x797a</value>
         <object_component_ref idref="oc-14a"/>
      </symbol>
      <symbol id="sm-b37">
         <name>L_LSL_9</name>
         <value>0x7966</value>
         <object_component_ref idref="oc-14a"/>
      </symbol>
      <symbol id="sm-b38">
         <name>L_LSL_8</name>
         <value>0x796a</value>
         <object_component_ref idref="oc-14a"/>
      </symbol>
      <symbol id="sm-b39">
         <name>L_LSL_12</name>
         <value>0x795a</value>
         <object_component_ref idref="oc-14a"/>
      </symbol>
      <symbol id="sm-b3a">
         <name>L_LSL_13</name>
         <value>0x7956</value>
         <object_component_ref idref="oc-14a"/>
      </symbol>
      <symbol id="sm-b3b">
         <name>L_LSL_10</name>
         <value>0x7962</value>
         <object_component_ref idref="oc-14a"/>
      </symbol>
      <symbol id="sm-b3c">
         <name>L_LSL_11</name>
         <value>0x795e</value>
         <object_component_ref idref="oc-14a"/>
      </symbol>
      <symbol id="sm-b3d">
         <name>L_LSL_14</name>
         <value>0x7952</value>
         <object_component_ref idref="oc-14a"/>
      </symbol>
      <symbol id="sm-b3e">
         <name>L_LSL_15</name>
         <value>0x794e</value>
         <object_component_ref idref="oc-14a"/>
      </symbol>
      <symbol id="sm-b47">
         <name>I_LSR</name>
         <value>0x80a2</value>
         <object_component_ref idref="oc-106"/>
      </symbol>
      <symbol id="sm-b4f">
         <name>L_LSR_12</name>
         <value>0x7998</value>
         <object_component_ref idref="oc-1a4"/>
      </symbol>
      <symbol id="sm-b50">
         <name>L_LSR_13</name>
         <value>0x7994</value>
         <object_component_ref idref="oc-1a4"/>
      </symbol>
      <symbol id="sm-b51">
         <name>L_LSR_10</name>
         <value>0x79a0</value>
         <object_component_ref idref="oc-1a4"/>
      </symbol>
      <symbol id="sm-b52">
         <name>L_LSR_11</name>
         <value>0x799c</value>
         <object_component_ref idref="oc-1a4"/>
      </symbol>
      <symbol id="sm-b53">
         <name>L_LSR_14</name>
         <value>0x7990</value>
         <object_component_ref idref="oc-1a4"/>
      </symbol>
      <symbol id="sm-b54">
         <name>L_LSR_15</name>
         <value>0x798c</value>
         <object_component_ref idref="oc-1a4"/>
      </symbol>
      <symbol id="sm-b55">
         <name>L_LSR_3</name>
         <value>0x79bc</value>
         <object_component_ref idref="oc-1a4"/>
      </symbol>
      <symbol id="sm-b56">
         <name>L_LSR_2</name>
         <value>0x79c0</value>
         <object_component_ref idref="oc-1a4"/>
      </symbol>
      <symbol id="sm-b57">
         <name>L_LSR_1</name>
         <value>0x79c4</value>
         <object_component_ref idref="oc-1a4"/>
      </symbol>
      <symbol id="sm-b58">
         <name>L_LSR_7</name>
         <value>0x79ac</value>
         <object_component_ref idref="oc-1a4"/>
      </symbol>
      <symbol id="sm-b59">
         <name>L_LSR_6</name>
         <value>0x79b0</value>
         <object_component_ref idref="oc-1a4"/>
      </symbol>
      <symbol id="sm-b5a">
         <name>L_LSR_5</name>
         <value>0x79b4</value>
         <object_component_ref idref="oc-1a4"/>
      </symbol>
      <symbol id="sm-b5b">
         <name>L_LSR_4</name>
         <value>0x79b8</value>
         <object_component_ref idref="oc-1a4"/>
      </symbol>
      <symbol id="sm-b5c">
         <name>L_LSR_9</name>
         <value>0x79a4</value>
         <object_component_ref idref="oc-1a4"/>
      </symbol>
      <symbol id="sm-b5d">
         <name>L_LSR_8</name>
         <value>0x79a8</value>
         <object_component_ref idref="oc-1a4"/>
      </symbol>
      <symbol id="sm-b6a">
         <name>memcpy</name>
         <value>0x7da4</value>
         <object_component_ref idref="oc-158"/>
      </symbol>
      <symbol id="sm-b77">
         <name>memset</name>
         <value>0x7e66</value>
         <object_component_ref idref="oc-175"/>
      </symbol>
      <symbol id="sm-b7f">
         <name>__mpyi_f5hw</name>
         <value>0x7f74</value>
         <object_component_ref idref="oc-113"/>
      </symbol>
      <symbol id="sm-b87">
         <name>__mpyl_f5hw</name>
         <value>0x7e44</value>
         <object_component_ref idref="oc-117"/>
      </symbol>
      <symbol id="sm-b93">
         <name>_nop</name>
         <value>0x811e</value>
         <object_component_ref idref="oc-13d"/>
      </symbol>
      <symbol id="sm-b94">
         <name>_lock</name>
         <value>0x2a16</value>
         <object_component_ref idref="oc-11b"/>
      </symbol>
      <symbol id="sm-b95">
         <name>_unlock</name>
         <value>0x2a1a</value>
         <object_component_ref idref="oc-11b"/>
      </symbol>
      <symbol id="sm-b9d">
         <name>__TI_args_main</name>
         <value>0x1</value>
      </symbol>
      <symbol id="sm-bad">
         <name>_auto_init</name>
         <value>0x7354</value>
         <object_component_ref idref="oc-13f"/>
      </symbol>
      <symbol id="sm-bae">
         <name>__TI_auto_init</name>
         <value>0x1</value>
      </symbol>
   </symbol_table>
</link_info>
