******************************************************************************
                  MSP430 Linker PC v4.0.0                      
******************************************************************************
>> Linked Sat Sep 08 09:54:52 2012

OUTPUT FILE NAME:   <LAB5.out>
ENTRY POINT SYMBOL: "_c_int00"  address: 0000462e


MEMORY CONFIGURATION

         name            origin    length      used     unused   attr    fill
----------------------  --------  ---------  --------  --------  ----  --------
  SFR                   00000000   00000010  00000000  00000010  RWIX
  PERIPHERALS_8BIT      00000010   000000f0  00000000  000000f0  RWIX
  PERIPHERALS_16BIT     00000100   00000100  00000000  00000100  RWIX
  INFOD                 00001800   00000080  00000000  00000080  RWIX
  INFOC                 00001880   00000080  00000000  00000080  RWIX
  INFOB                 00001900   00000080  00000000  00000080  RWIX
  INFOA                 00001980   00000080  00000000  00000080  RWIX
  RAM                   00002400   00002000  00000f10  000010f0  RWIX
  FLASH                 00004400   0000bb80  00007530  00004650  RWIX
  INT00                 0000ff80   00000002  00000000  00000002  RWIX
  INT01                 0000ff82   00000002  00000000  00000002  RWIX
  INT02                 0000ff84   00000002  00000000  00000002  RWIX
  INT03                 0000ff86   00000002  00000000  00000002  RWIX
  INT04                 0000ff88   00000002  00000000  00000002  RWIX
  INT05                 0000ff8a   00000002  00000000  00000002  RWIX
  INT06                 0000ff8c   00000002  00000000  00000002  RWIX
  INT07                 0000ff8e   00000002  00000000  00000002  RWIX
  INT08                 0000ff90   00000002  00000000  00000002  RWIX
  INT09                 0000ff92   00000002  00000000  00000002  RWIX
  INT10                 0000ff94   00000002  00000000  00000002  RWIX
  INT11                 0000ff96   00000002  00000000  00000002  RWIX
  INT12                 0000ff98   00000002  00000000  00000002  RWIX
  INT13                 0000ff9a   00000002  00000000  00000002  RWIX
  INT14                 0000ff9c   00000002  00000000  00000002  RWIX
  INT15                 0000ff9e   00000002  00000000  00000002  RWIX
  INT16                 0000ffa0   00000002  00000000  00000002  RWIX
  INT17                 0000ffa2   00000002  00000000  00000002  RWIX
  INT18                 0000ffa4   00000002  00000000  00000002  RWIX
  INT19                 0000ffa6   00000002  00000000  00000002  RWIX
  INT20                 0000ffa8   00000002  00000000  00000002  RWIX
  INT21                 0000ffaa   00000002  00000000  00000002  RWIX
  INT22                 0000ffac   00000002  00000000  00000002  RWIX
  INT23                 0000ffae   00000002  00000000  00000002  RWIX
  INT24                 0000ffb0   00000002  00000000  00000002  RWIX
  INT25                 0000ffb2   00000002  00000000  00000002  RWIX
  INT26                 0000ffb4   00000002  00000000  00000002  RWIX
  INT27                 0000ffb6   00000002  00000000  00000002  RWIX
  INT28                 0000ffb8   00000002  00000000  00000002  RWIX
  INT29                 0000ffba   00000002  00000000  00000002  RWIX
  INT30                 0000ffbc   00000002  00000000  00000002  RWIX
  INT31                 0000ffbe   00000002  00000000  00000002  RWIX
  INT32                 0000ffc0   00000002  00000000  00000002  RWIX
  INT33                 0000ffc2   00000002  00000000  00000002  RWIX
  INT34                 0000ffc4   00000002  00000000  00000002  RWIX
  INT35                 0000ffc6   00000002  00000000  00000002  RWIX
  INT36                 0000ffc8   00000002  00000000  00000002  RWIX
  INT37                 0000ffca   00000002  00000000  00000002  RWIX
  INT38                 0000ffcc   00000002  00000000  00000002  RWIX
  INT39                 0000ffce   00000002  00000000  00000002  RWIX
  INT40                 0000ffd0   00000002  00000000  00000002  RWIX
  INT41                 0000ffd2   00000002  00000000  00000002  RWIX
  INT42                 0000ffd4   00000002  00000002  00000000  RWIX
  INT43                 0000ffd6   00000002  00000000  00000002  RWIX
  INT44                 0000ffd8   00000002  00000000  00000002  RWIX
  INT45                 0000ffda   00000002  00000000  00000002  RWIX
  INT46                 0000ffdc   00000002  00000000  00000002  RWIX
  INT47                 0000ffde   00000002  00000002  00000000  RWIX
  INT48                 0000ffe0   00000002  00000000  00000002  RWIX
  INT49                 0000ffe2   00000002  00000000  00000002  RWIX
  INT50                 0000ffe4   00000002  00000000  00000002  RWIX
  INT51                 0000ffe6   00000002  00000002  00000000  RWIX
  INT52                 0000ffe8   00000002  00000000  00000002  RWIX
  INT53                 0000ffea   00000002  00000000  00000002  RWIX
  INT54                 0000ffec   00000002  00000002  00000000  RWIX
  INT55                 0000ffee   00000002  00000000  00000002  RWIX
  INT56                 0000fff0   00000002  00000000  00000002  RWIX
  INT57                 0000fff2   00000002  00000002  00000000  RWIX
  INT58                 0000fff4   00000002  00000000  00000002  RWIX
  INT59                 0000fff6   00000002  00000000  00000002  RWIX
  INT60                 0000fff8   00000002  00000000  00000002  RWIX
  INT61                 0000fffa   00000002  00000002  00000000  RWIX
  INT62                 0000fffc   00000002  00000000  00000002  RWIX
  RESET                 0000fffe   00000002  00000002  00000000  RWIX
  FLASH2                00010000   00014400  00000000  00014400  RWIX


SECTION ALLOCATION MAP

 output                                  attributes/
section   page    origin      length       input sections
--------  ----  ----------  ----------   ----------------
.pinit     0    00004400    00000000     UNINITIALIZED

.bss       0    00002400    00000e70     UNINITIALIZED
                  00002400    00000614     MSP-EXP430F5529_UE.lib : MassStorageCommon.obj (.bss)
                  00002a14    00000346                            : HAL_Dogs102x6.obj (.bss)
                  00002d5a    0000024e     SDcard.obj (.bss)
                  00002fa8    000001d6     MSP-EXP430F5529_UE.lib : UsbMscScsi.obj (.bss)
                  0000317e    00000048                            : usb.obj (.bss)
                  000031c6    0000002e                            : UsbCdc.obj (.bss)
                  000031f4    00000024                            : UsbHid.obj (.bss)
                  00003218    0000001f     UsbMscUser.obj (.bss)
                  00003237    00000008     MSP-EXP430F5529_UE.lib : HAL_Cma3000.obj (.bss)
                  0000323f    00000001                            : UsbHidReq.obj (.bss)
                  00003240    00000008                            : dma.obj (.bss)
                  00003248    00000008     rts430xl.lib : _lock.obj (.bss)
                  00003250    00000008                  : boot.obj (.bss)
                  00003258    00000006     MSP-EXP430F5529_UE.lib : ff.obj (.bss)
                  0000325e    00000004                            : HAL_Buttons.obj (.bss)
                  00003262    00000004                            : HAL_Wheel.obj (.bss)
                  00003266    00000003                            : mmc.obj (.bss)
                  00003269    00000001     Massstorage.obj (.bss)
                  0000326a    00000002     LAB5main.obj (.bss)
                  0000326c    00000002     MSP-EXP430F5529_UE.lib : UsbMscReq.obj (.bss)
                  0000326e    00000002                            : UsbMscStateMachine.obj (.bss)

.stack     0    00004360    000000a0     UNINITIALIZED
                  00004360    00000004     rts430xl.lib : boot.obj (.stack)
                  00004364    0000009c     --HOLE--

.text:_isr 
*          0    00004400    00000288     
                  00004400    00000178     UsbIsr.obj (.text:_isr:iUsbInterruptHandler)
                  00004578    0000003e     lab5.obj (.text:_isr:UNMI_ISR)
                  000045b6    0000003c     MSP-EXP430F5529_UE.lib : HAL_Buttons.obj (.text:_isr:Port1_ISR)
                  000045f2    0000003c                            : HAL_Buttons.obj (.text:_isr:Port2_ISR)
                  0000462e    0000002a     rts430xl.lib : boot.obj (.text:_isr:_c_int00_noexit)
                  00004658    0000001a     MSP-EXP430F5529_UE.lib : HAL_Buttons.obj (.text:_isr:WDT_ISR)
                  00004672    00000016                            : HAL_Wheel.obj (.text:_isr:ADC12_ISR)

.cinit     0    00004688    0000015a     
                  00004688    00000052     MSP-EXP430F5529_UE.lib : UsbMscScsi.obj (.cinit)
                  000046da    00000036                            : HAL_Dogs102x6.obj (.cinit)
                  00004710    00000027     SDcard.obj (.cinit)
                  00004737    00000001     --HOLE-- [fill = 0]
                  00004738    00000026     UsbMscUser.obj (.cinit)
                  0000475e    00000021     MSP-EXP430F5529_UE.lib : UsbCdc.obj (.cinit)
                  0000477f    00000001     --HOLE-- [fill = 0]
                  00004780    00000017                            : usb.obj (.cinit)
                  00004797    00000001     --HOLE-- [fill = 0]
                  00004798    00000010                            : HAL_Buttons.obj (.cinit)
                  000047a8    0000000f                            : MassStorageCommon.obj (.cinit)
                  000047b7    00000001     --HOLE-- [fill = 0]
                  000047b8    0000000f                            : mmc.obj (.cinit)
                  000047c7    00000001     --HOLE-- [fill = 0]
                  000047c8    00000008                            : UsbMscReq.obj (.cinit)
                  000047d0    00000008                            : UsbMscStateMachine.obj (.cinit)
                  000047d8    00000007     Massstorage.obj (.cinit)
                  000047df    00000001     --HOLE-- [fill = 0]
                  000047e0    00000002     (.pad.cinit) [fill = 0]

.text      0    000047e2    000064d4     
                  000047e2    00000922     MSP-EXP430F5529_UE.lib : ff.obj (.text:chk_mounted)
                  00005104    000002c8                            : UsbMscScsi.obj (.text:USBMSC_bufferProcessed)
                  000053cc    00000228                            : ff.obj (.text:f_open)
                  000055f4    000001ee                            : ff.obj (.text:f_read)
                  000057e2    000001e6                            : UsbMscScsi.obj (.text:Scsi_Cmd_Parser)
                  000059c8    000001ae                            : ff.obj (.text:get_fileinfo)
                  00005b76    000001a2                            : UsbMscScsi.obj (.text:USBMSC_updateMediaInfo)
                  00005d18    0000019e                            : UsbMscScsi.obj (.text:MSCFromHostToBuffer)
                  00005eb6    00000194                            : ff.obj (.text:put_fat)
                  0000604a    00000186                            : ff.obj (.text:create_name)
                  000061d0    0000017e     SDcard.obj (.text:SDCard)
                  0000634e    0000016e     MSP-EXP430F5529_UE.lib : UsbCdc.obj (.text:CdcToHostFromBuffer)
                  000064bc    0000016e                            : ff.obj (.text:dir_next)
                  0000662a    0000016c                            : UsbHid.obj (.text:HidToHostFromBuffer)
                  00006796    00000162                            : UsbMscScsi.obj (.text:MSCToHostFromBuffer)
                  000068f8    0000015c                            : ff.obj (.text:f_sync)
                  00006a54    0000015a                            : UsbHid.obj (.text:HidToBufferFromHost)
                  00006bae    00000158                            : usb.obj (.text:USB_reset)
                  00006d06    00000146                            : ff.obj (.text:get_fat)
                  00006e4c    00000144     LAB5main.obj (.text:main)
                  00006f90    0000013c     MSP-EXP430F5529_UE.lib : mmc.obj (.text:disk_initialize)
                  000070cc    0000012e                            : UsbCdc.obj (.text:CdcToBufferFromHost)
                  000071fa    00000124                            : UsbMscScsi.obj (.text:Scsi_Inquiry)
                  0000731e    0000011e                            : ff.obj (.text:create_chain)
                  0000743c    000000fa                            : UsbMscStateMachine.obj (.text:USBMSC_poll)
                  00007536    000000f2                            : ff.obj (.text:sync)
                  00007628    000000ee                            : ff.obj (.text:follow_path)
                  00007716    000000ea                            : mmc.obj (.text:disk_ioctl)
                  00007800    000000e8                            : ff.obj (.text:dir_sdi)
                  000078e8    000000e4                            : HAL_Board.obj (.text:Board_init)
                  000079cc    000000e4                            : HAL_UCS.obj (.text:Init_FLL)
                  00007ab0    000000dc     SDcard.obj (.text:ActiveFile)
                  00007b8c    000000da     MSP-EXP430F5529_UE.lib : usb.obj (.text:USB_InitSerialStringDescriptor)
                  00007c66    000000d8                            : ff.obj (.text:f_opendir)
                  00007d3e    000000d0                            : UsbMscScsi.obj (.text:Scsi_Request_Sense)
                  00007e0e    000000ce                            : UsbMscScsi.obj (.text:Check_CBW)
                  00007edc    000000ce                            : HAL_PMM.obj (.text:SetVCoreUp)
                  00007faa    000000c6                            : mmc.obj (.text:disk_write)
                  00008070    000000c2     SDcard.obj (.text:GetDirectory)
                  00008132    000000c0     MSP-EXP430F5529_UE.lib : UsbMscScsi.obj (.text:Scsi_Write10)
                  000081f2    000000be                            : UsbMscScsi.obj (.text:Scsi_Read10)
                  000082b0    000000bc     Massstorage.obj (.text:MassStorage)
                  0000836c    000000ba     MSP-EXP430F5529_UE.lib : ff.obj (.text:move_window)
                  00008426    000000b2                            : mmc.obj (.text:send_cmd)
                  000084d8    000000ac     SDcard.obj (.text:ActiveDirectory)
                  00008584    000000a8     SDcard.obj (.text:SDDisplay)
                  0000862c    000000a4     MSP-EXP430F5529_UE.lib : ff.obj (.text:remove_chain)
                  000086d0    000000a2                            : HAL_Menu.obj (.text:Menu_active)
                  00008772    000000a0                            : mmc.obj (.text:disk_read)
                  00008812    00000098                            : usb.obj (.text:usbDecodeAndProcessUsbRequest)
                  000088aa    00000096                            : usb.obj (.text:USB_connectionState)
                  00008940    00000090                            : ff.obj (.text:check_fs)
                  000089d0    0000008c                            : HAL_PMM.obj (.text:SetVCoreDown)
                  00008a5c    0000008a                            : HAL_Dogs102x6.obj (.text:Dogs102x6_charDraw)
                  00008ae6    00000088                            : usb.obj (.text:USB_enable)
                  00008b6e    00000086                            : mmc.obj (.text:validateCSD)
                  00008bf4    00000084                            : UsbCdc.obj (.text:CopyUsbToBuff)
                  00008c78    00000084                            : UsbHid.obj (.text:HidCopyUsbToBuff)
                  00008cfc    0000007c                            : ff.obj (.text:dir_register)
                  00008d78    0000007a                            : HAL_Dogs102x6.obj (.text:Dogs102x6_stringDraw)
                  00008df2    0000007a     SDcard.obj (.text:GetFile)
                  00008e6c    0000007a     MSP-EXP430F5529_UE.lib : UsbMscScsi.obj (.text:Scsi_Unknown_Request)
                  00008ee6    00000078                            : HAL_Dogs102x6.obj (.text:Dogs102x6_init)
                  00008f5e    00000074                            : usb.obj (.text:usbSendNextPacketOnIEP0)
                  00008fd2    00000070                            : MassStorageCommon.obj (.text:read_LUN0)
                  00009042    00000070                            : usb.obj (.text:usbGetEndpointStatus)
                  000090b2    0000006e                            : HAL_Dogs102x6.obj (.text:Dogs102x6_writeData)
                  00009120    0000006e                            : UsbMscScsi.obj (.text:MscCopyUsbToBuff)
                  0000918e    0000006e                            : ff.obj (.text:dir_read)
                  000091fc    0000006e                            : MassStorageCommon.obj (.text:write_LUN0)
                  0000926a    0000006a                            : ff.obj (.text:dir_find)
                  000092d4    00000068                            : ff.obj (.text:f_readdir)
                  0000933c    00000068                            : usb.obj (.text:usbClearEndpointFeature)
                  000093a4    00000064                            : UsbMscScsi.obj (.text:Msc_ResetStruct)
                  00009408    00000064                            : UsbMscScsi.obj (.text:Reset_RequestSenseResponse)
                  0000946c    00000062     SDcard.obj (.text:ClearTempData)
                  000094ce    00000062     MSP-EXP430F5529_UE.lib : HAL_TLV.obj (.text:Get_TLV_Info)
                  00009530    00000060                            : UsbMscScsi.obj (.text:MscSendData)
                  00009590    0000005c                            : UsbMscScsi.obj (.text:Scsi_Verify_CBW)
                  000095ec    0000005c     rts430xl.lib : autoinit.obj (.text:_auto_init)
                  00009648    0000005c                  : strncpy.obj (.text:strncpy)
                  000096a4    0000005a     MSP-EXP430F5529_UE.lib : MassStorageCommon.obj (.text:checkInsertionRemoval)
                  000096fe    0000005a                            : MassStorageCommon.obj (.text:msc_Init)
                  00009758    00000058                            : HAL_Dogs102x6.obj (.text:Dogs102x6_setAddress)
                  000097b0    00000058     rts430xl.lib : div32u.obj (.text)
                  00009808    00000056     MSP-EXP430F5529_UE.lib : HAL_Dogs102x6.obj (.text:Dogs102x6_clearRow)
                  0000985e    00000056                            : usb.obj (.text:USB_init)
                  000098b4    00000054                            : HAL_Wheel.obj (.text:Wheel_getValue)
                  00009908    00000054                            : mmc.obj (.text:xmit_datablock)
                  0000995c    0000004e                            : HAL_Board.obj (.text:Board_ledOff)
                  000099aa    0000004e                            : HAL_Board.obj (.text:Board_ledOn)
                  000099f8    0000004e     UsbIsr.obj (.text:OEP0InterruptHandler)
                  00009a46    0000004e     MSP-EXP430F5529_UE.lib : mmc.obj (.text:rcvr_datablock)
                  00009a94    0000004c                            : MassStorageCommon.obj (.text:msc_Loop)
                  00009ae0    0000004a                            : HAL_SDCard.obj (.text:SDCard_init)
                  00009b2a    0000004a     SDcard.obj (.text:die)
                  00009b74    0000004a     rts430xl.lib : strncat.obj (.text:strncat)
                  00009bbe    00000048     MSP-EXP430F5529_UE.lib : HAL_Dogs102x6.obj (.text:Dogs102x6_clearImage)
                  00009c06    00000048     UsbIsr.obj (.text:PWRVBUSoffHandler)
                  00009c4e    00000048     UsbIsr.obj (.text:SetupPacketInterruptHandler)
                  00009c96    00000048     MSP-EXP430F5529_UE.lib : usb.obj (.text:usbReceiveNextPacketOnOEP0)
                  00009cde    00000044                            : usb.obj (.text:usbGetStringDescriptor)
                  00009d22    00000044                            : usb.obj (.text:usbSetEndpointFeature)
                  00009d66    00000042                            : MassStorageCommon.obj (.text:ClockUSB)
                  00009da8    00000042                            : UsbMscReq.obj (.text:USBMSC_reset)
                  00009dea    00000040                            : HAL_Dogs102x6.obj (.text:Dogs102x6_imageDraw)
                  00009e2a    00000040     lab5.obj (.text:lab5)
                  00009e6a    00000040     MSP-EXP430F5529_UE.lib : UsbCdc.obj (.text:usbGetLineCoding0)
                  00009eaa    00000040                            : usb.obj (.text:usbSetInterface)
                  00009eea    0000003e                            : HAL_Dogs102x6.obj (.text:Dogs102x6_setBacklight)
                  00009f28    0000003e                            : HAL_PMM.obj (.text:SetVCore)
                  00009f66    0000003e                            : UsbMscScsi.obj (.text:USBMSC_getState)
                  00009fa4    0000003e                            : ff.obj (.text:clust2sect)
                  00009fe2    0000003e     rts430xl.lib : lsl32.obj (.text:l_lsl_const)
                  0000a020    0000003e                  : lsr32.obj (.text:l_lsr_const)
                  0000a05e    0000003c     MSP-EXP430F5529_UE.lib : HAL_Dogs102x6.obj (.text:Dogs102x6_writeCommand)
                  0000a09a    0000003c                            : UsbMscScsi.obj (.text:Scsi_Send_CSW)
                  0000a0d6    00000038                            : HAL_UCS.obj (.text:LFXT_Start)
                  0000a10e    00000036                            : HAL_Dogs102x6.obj (.text:Dogs102x6_clearScreen)
                  0000a144    00000036     UsbIsr.obj (.text:PWRVBUSonHandler)
                  0000a17a    00000036     MSP-EXP430F5529_UE.lib : UsbMscScsi.obj (.text:Scsi_Mode_Sense10)
                  0000a1b0    00000036                            : UsbMscScsi.obj (.text:Scsi_Mode_Sense6)
                  0000a1e6    00000036                            : HAL_Wheel.obj (.text:Wheel_getPosition)
                  0000a21c    00000032                            : UsbCdc.obj (.text:CdcIsReceiveInProgress)
                  0000a24e    00000032                            : HAL_Dogs102x6.obj (.text:Dogs102x6_setContrast)
                  0000a280    00000032                            : UsbHid.obj (.text:HidIsReceiveInProgress)
                  0000a2b2    00000032                            : HAL_UCS.obj (.text:Init_FLL_Settle)
                  0000a2e4    00000032                            : HAL_SDCard.obj (.text:SDCard_readFrame)
                  0000a316    00000032                            : usb.obj (.text:USB_connectionInfo)
                  0000a348    00000032                            : usb.obj (.text:USB_suspend)
                  0000a37a    00000032                            : mmc.obj (.text:wait_ready)
                  0000a3ac    00000030                            : HAL_Dogs102x6.obj (.text:Dogs102x6_backlightInit)
                  0000a3dc    00000030                            : HAL_UCS.obj (.text:XT2_Start)
                  0000a40c    00000030                            : mmc.obj (.text:detectCard)
                  0000a43c    00000030                            : ff.obj (.text:mem_cmp)
                  0000a46c    0000002e                            : UsbCdc.obj (.text:Handler_SetLineCoding0)
                  0000a49a    0000002e                            : UsbCdc.obj (.text:Handler_SetLineCoding1)
                  0000a4c8    0000002e                            : UsbCdc.obj (.text:Handler_SetLineCoding2)
                  0000a4f6    0000002e                            : UsbMscScsi.obj (.text:MscResetData)
                  0000a524    0000002e                            : UsbMscScsi.obj (.text:USBMSC_registerBufInfo)
                  0000a552    0000002e                            : ff.obj (.text:f_mount)
                  0000a580    0000002e                            : UsbMscScsi.obj (.text:usbStallEndpoint)
                  0000a5ae    0000002c                            : UsbMscScsi.obj (.text:Scsi_Read_Capacity10)
                  0000a5da    0000002c                            : dma.obj (.text:memcpyDMA0)
                  0000a606    0000002c                            : UsbHidReq.obj (.text:usbGetHidDescriptor)
                  0000a632    0000002c                            : ff.obj (.text:validate)
                  0000a65e    0000002a                            : UsbCdc.obj (.text:CdcResetData)
                  0000a688    0000002a                            : UsbHid.obj (.text:HidResetData)
                  0000a6b2    0000002a     rts430xl.lib : memcpy.obj (.text:memcpy)
                  0000a6dc    0000002a                  : strcat.obj (.text:strcat)
                  0000a706    00000028     MSP-EXP430F5529_UE.lib : HAL_SDCard.obj (.text:SDCard_sendFrame)
                  0000a72e    00000028                            : UsbMscScsi.obj (.text:SET_RequestsenseMediaNotPresent)
                  0000a756    00000028                            : UsbMscScsi.obj (.text:SET_RequestsenseNotReady)
                  0000a77e    00000028                            : UsbMscScsi.obj (.text:Scsi_Report_Luns)
                  0000a7a6    00000028                            : usb.obj (.text:USB_connect)
                  0000a7ce    00000028                            : dma.obj (.text:USB_initMemcpy)
                  0000a7f6    00000028                            : usb.obj (.text:usbGetDeviceStatus)
                  0000a81e    00000026                            : HAL_Wheel.obj (.text:Wheel_init)
                  0000a844    00000022                            : usb.obj (.text:USB_disable)
                  0000a866    00000022     rts430xl.lib : mult32_f5hw.obj (.text)
                  0000a888    00000020     MSP-EXP430F5529_UE.lib : mmc.obj (.text:disk_status)
                  0000a8a8    00000020     rts430xl.lib : memset.obj (.text:memset)
                  0000a8c8    00000020     MSP-EXP430F5529_UE.lib : usb.obj (.text:usbSendDataPacketOnEP0)
                  0000a8e8    0000001e                            : usb.obj (.text:usbSetConfiguration)
                  0000a906    0000001c     UsbIsr.obj (.text:IEP0InterruptHandler)
                  0000a922    0000001a     rts430xl.lib : strlen.obj (.text:strlen)
                  0000a93c    0000001a     MSP-EXP430F5529_UE.lib : usb.obj (.text:usbGetInterface)
                  0000a956    0000001a                            : usb.obj (.text:usbGetInterfaceStatus)
                  0000a970    0000001a                            : usb.obj (.text:usbSetAddress)
                  0000a98a    00000018                            : UsbMscReq.obj (.text:Get_MaxLUN)
                  0000a9a2    00000018                            : usb.obj (.text:USB_resume)
                  0000a9ba    00000018                            : mmc.obj (.text:select)
                  0000a9d2    00000016                            : UsbMscScsi.obj (.text:Scsi_Test_Unit_Ready)
                  0000a9e8    00000016                            : ff.obj (.text:chk_chr)
                  0000a9fe    00000016                            : ff.obj (.text:f_close)
                  0000aa14    00000016     rts430xl.lib : div16u.obj (.text)
                  0000aa2a    00000016                  : mult16_f5hw.obj (.text)
                  0000aa40    00000016     MSP-EXP430F5529_UE.lib : UsbHidReq.obj (.text:usbGetReport)
                  0000aa56    00000014     usb_eventHandling.obj (.text:USB_handleVbusOnEvent)
                  0000aa6a    00000014     MSP-EXP430F5529_UE.lib : ff.obj (.text:mem_set)
                  0000aa7e    00000014                            : UsbMscScsi.obj (.text:usbClearOEPByteCount)
                  0000aa92    00000014                            : UsbMscScsi.obj (.text:usbStallInEndpoint)
                  0000aaa6    00000014                            : UsbMscScsi.obj (.text:usbStallOutEndpoint)
                  0000aaba    00000012                            : HAL_Buttons.obj (.text:Buttons_interruptEnable)
                  0000aacc    00000012                            : HAL_SDCard.obj (.text:SDCard_fastMode)
                  0000aade    00000012                            : mmc.obj (.text:deselect)
                  0000aaf0    00000012                            : ff.obj (.text:mem_cpy)
                  0000ab02    00000012                            : usb.obj (.text:usbClearDeviceFeature)
                  0000ab14    00000012                            : usb.obj (.text:usbGetConfigurationDescriptor)
                  0000ab26    00000012                            : usb.obj (.text:usbGetDeviceDescriptor)
                  0000ab38    00000012                            : usb.obj (.text:usbReceiveDataPacketOnEP0)
                  0000ab4a    00000012                            : usb.obj (.text:usbSetDeviceFeature)
                  0000ab5c    00000010                            : HAL_Buttons.obj (.text:Buttons_startWDT)
                  0000ab6c    00000010     rts430xl.lib : lsl32.obj (.text:l_lsl)
                  0000ab7c    00000010     MSP-EXP430F5529_UE.lib : usb.obj (.text:usbGetConfiguration)
                  0000ab8c    0000000e                            : HAL_Buttons.obj (.text:Buttons_init)
                  0000ab9a    0000000e                            : HAL_Cma3000.obj (.text:Cma3000_setAccel_offset)
                  0000aba8    0000000e                            : UsbMscStateMachine.obj (.text:Msc_ResetStateMachine)
                  0000abb6    0000000e                            : UsbHidReq.obj (.text:usbGetReportDescriptor)
                  0000abc4    0000000e                            : usb.obj (.text:usbSendZeroLengthPacketOnIEP0)
                  0000abd2    0000000c                            : UsbMscScsi.obj (.text:MscResetCtrlLun)
                  0000abde    0000000c                            : usb.obj (.text:usbInvalidRequest)
                  0000abea    0000000a     system_pre_init.obj (.text:_system_pre_init)
                  0000abf4    0000000a     MSP-EXP430F5529_UE.lib : mmc.obj (.text:get_fattime)
                  0000abfe    0000000a     rts430xl.lib : asr16.obj (.text)
                  0000ac08    0000000a                  : lsl16.obj (.text)
                  0000ac12    0000000a                  : lsr16.obj (.text)
                  0000ac1c    0000000a     MSP-EXP430F5529_UE.lib : usb.obj (.text:usbStallEndpoint0)
                  0000ac26    00000008                            : UsbHidReportHandler.obj (.text:Handler_InFeature)
                  0000ac2e    00000008                            : HAL_SDCard.obj (.text:SDCard_setCSHigh)
                  0000ac36    00000008                            : HAL_SDCard.obj (.text:SDCard_setCSLow)
                  0000ac3e    00000008                            : usb.obj (.text:USB_setEnabledEvents)
                  0000ac46    00000008                            : UsbCdc.obj (.text:usbSetLineCoding0)
                  0000ac4e    00000008                            : UsbHidReq.obj (.text:usbSetReport)
                  0000ac56    00000006                            : UsbMscScsi.obj (.text:Msc_ResetFlags)
                  0000ac5c    00000006                            : UsbMscScsi.obj (.text:USBMSC_fetchInfoStruct)
                  0000ac62    00000006                            : usb.obj (.text:usbClearOEP0ByteCount)
                  0000ac68    00000006                            : usb.obj (.text:usbStallOEP0)
                  0000ac6e    00000004     usb_eventHandling.obj (.text:USBCDC_handleDataReceived)
                  0000ac72    00000004     usb_eventHandling.obj (.text:USBCDC_handleReceiveCompleted)
                  0000ac76    00000004     usb_eventHandling.obj (.text:USBCDC_handleSendCompleted)
                  0000ac7a    00000004     usb_eventHandling.obj (.text:USBHID_handleDataReceived)
                  0000ac7e    00000004     usb_eventHandling.obj (.text:USBHID_handleReceiveCompleted)
                  0000ac82    00000004     usb_eventHandling.obj (.text:USBHID_handleSendCompleted)
                  0000ac86    00000004     usb_eventHandling.obj (.text:USBMSC_handleBufferEvent)
                  0000ac8a    00000004     usb_eventHandling.obj (.text:USB_handleClockEvent)
                  0000ac8e    00000004     usb_eventHandling.obj (.text:USB_handleEnumCompleteEvent)
                  0000ac92    00000004     usb_eventHandling.obj (.text:USB_handleResetEvent)
                  0000ac96    00000004     usb_eventHandling.obj (.text:USB_handleResumeEvent)
                  0000ac9a    00000004     usb_eventHandling.obj (.text:USB_handleSuspendEvent)
                  0000ac9e    00000004     usb_eventHandling.obj (.text:USB_handleVbusOffEvent)
                  0000aca2    00000004     rts430xl.lib : exit.obj (.text:abort)
                  0000aca6    00000004     MSP-EXP430F5529_UE.lib : mmc.obj (.text:rcvr_mmc)
                  0000acaa    00000004                            : UsbCdc.obj (.text:usbSetControlLineState)
                  0000acae    00000004                            : mmc.obj (.text:xmit_mmc)
                  0000acb2    00000002                            : UsbHidReportHandler.obj (.text:Handler_InReport)
                  0000acb4    00000002     rts430xl.lib : _lock.obj (.text:_nop)

.const     0    0000acb6    00000c7a     
                  0000acb6    00000294     Massstorage.obj (.const:usbDrive)
                  0000af4a    0000024c     MSP-EXP430F5529_UE.lib : HAL_Dogs102x6.obj (.const:FONT6x8)
                  0000b196    00000212     LAB5main.obj (.const:tiBug)
                  0000b3a8    0000015e     descriptors.obj (.const:tUsbRequestList)
                  0000b506    00000122     SDcard.obj (.const:warningSign)
                  0000b628    000000f4     descriptors.obj (.const:abromStringDescriptor)
                  0000b71c    00000082     descriptors.obj (.const)
                  0000b79e    00000048     LAB5main.obj (.const:.string)
                  0000b7e6    00000044     lab5.obj (.const:.string)
                  0000b82a    00000034     descriptors.obj (.const:abromReportDescriptor)
                  0000b85e    00000030     descriptors.obj (.const:stUsbHandle)
                  0000b88e    0000002c     SDcard.obj (.const:.string)
                  0000b8ba    00000024     MSP-EXP430F5529_UE.lib : UsbMscScsi.obj (.const:bScsi_Standard_Inquiry_Data)
                  0000b8de    00000012     Massstorage.obj (.const:.string)
                  0000b8f0    00000012     descriptors.obj (.const:abromDeviceDescriptor)
                  0000b902    00000010     MSP-EXP430F5529_UE.lib : ff.obj (.const:.string)
                  0000b912    00000010                            : UsbMscScsi.obj (.const)
                  0000b922    0000000c     lab5.obj (.const:SDMenuText)
                  0000b92e    00000002     MSP-EXP430F5529_UE.lib : MassStorageCommon.obj (.const)

.int42     0    0000ffd4    00000002     
                  0000ffd4    00000002     MSP-EXP430F5529_UE.lib : HAL_Buttons.obj (.int42)

.int47     0    0000ffde    00000002     
                  0000ffde    00000002     MSP-EXP430F5529_UE.lib : HAL_Buttons.obj (.int47)

.int51     0    0000ffe6    00000002     
                  0000ffe6    00000002     UsbIsr.obj (.int51)

.int54     0    0000ffec    00000002     
                  0000ffec    00000002     MSP-EXP430F5529_UE.lib : HAL_Wheel.obj (.int54)

.int57     0    0000fff2    00000002     
                  0000fff2    00000002     MSP-EXP430F5529_UE.lib : HAL_Buttons.obj (.int57)

.int61     0    0000fffa    00000002     
                  0000fffa    00000002     lab5.obj (.int61)

.reset     0    0000fffe    00000002     
                  0000fffe    00000002     rts430xl.lib : boot.obj (.reset)


GLOBAL SYMBOLS: SORTED ALPHABETICALLY BY Name 

address    name
--------   ----
00002400   .bss
ffffffff   .text
00000700   ADC12CTL0
00000701   ADC12CTL0_H
00000700   ADC12CTL0_L
00000702   ADC12CTL1
00000703   ADC12CTL1_H
00000702   ADC12CTL1_L
00000704   ADC12CTL2
00000705   ADC12CTL2_H
00000704   ADC12CTL2_L
0000070c   ADC12IE
0000070d   ADC12IE_H
0000070c   ADC12IE_L
0000070a   ADC12IFG
0000070b   ADC12IFG_H
0000070a   ADC12IFG_L
0000070e   ADC12IV
0000070f   ADC12IV_H
0000070e   ADC12IV_L
00000710   ADC12MCTL0
00000711   ADC12MCTL1
0000071a   ADC12MCTL10
0000071b   ADC12MCTL11
0000071c   ADC12MCTL12
0000071d   ADC12MCTL13
0000071e   ADC12MCTL14
0000071f   ADC12MCTL15
00000712   ADC12MCTL2
00000713   ADC12MCTL3
00000714   ADC12MCTL4
00000715   ADC12MCTL5
00000716   ADC12MCTL6
00000717   ADC12MCTL7
00000718   ADC12MCTL8
00000719   ADC12MCTL9
00000720   ADC12MEM0
00000721   ADC12MEM0_H
00000720   ADC12MEM0_L
00000722   ADC12MEM1
00000734   ADC12MEM10
00000735   ADC12MEM10_H
00000734   ADC12MEM10_L
00000736   ADC12MEM11
00000737   ADC12MEM11_H
00000736   ADC12MEM11_L
00000738   ADC12MEM12
00000739   ADC12MEM12_H
00000738   ADC12MEM12_L
0000073a   ADC12MEM13
0000073b   ADC12MEM13_H
0000073a   ADC12MEM13_L
0000073c   ADC12MEM14
0000073d   ADC12MEM14_H
0000073c   ADC12MEM14_L
0000073e   ADC12MEM15
0000073f   ADC12MEM15_H
0000073e   ADC12MEM15_L
00000723   ADC12MEM1_H
00000722   ADC12MEM1_L
00000724   ADC12MEM2
00000725   ADC12MEM2_H
00000724   ADC12MEM2_L
00000726   ADC12MEM3
00000727   ADC12MEM3_H
00000726   ADC12MEM3_L
00000728   ADC12MEM4
00000729   ADC12MEM4_H
00000728   ADC12MEM4_L
0000072a   ADC12MEM5
0000072b   ADC12MEM5_H
0000072a   ADC12MEM5_L
0000072c   ADC12MEM6
0000072d   ADC12MEM6_H
0000072c   ADC12MEM6_L
0000072e   ADC12MEM7
0000072f   ADC12MEM7_H
0000072e   ADC12MEM7_L
00000730   ADC12MEM8
00000731   ADC12MEM8_H
00000730   ADC12MEM8_L
00000732   ADC12MEM9
00000733   ADC12MEM9_H
00000732   ADC12MEM9_L
00004672   ADC12_ISR
000084d8   ActiveDirectory
00007ab0   ActiveFile
0000b92e   BYTES_PER_BLOCK
000078e8   Board_init
0000995c   Board_ledOff
000099aa   Board_ledOn
0000ab8c   Buttons_init
0000aaba   Buttons_interruptEnable
0000ab5c   Buttons_startWDT
0000aca2   C$$EXIT
000008c0   CBCTL0
000008c1   CBCTL0_H
000008c0   CBCTL0_L
000008c2   CBCTL1
000008c3   CBCTL1_H
000008c2   CBCTL1_L
000008c4   CBCTL2
000008c5   CBCTL2_H
000008c4   CBCTL2_L
000008c6   CBCTL3
000008c7   CBCTL3_H
000008c6   CBCTL3_L
000008cc   CBINT
000008cd   CBINT_H
000008cc   CBINT_L
000008ce   CBIV
00000150   CRCDI
00000152   CRCDIRB
00000153   CRCDIRB_H
00000152   CRCDIRB_L
00000151   CRCDI_H
00000150   CRCDI_L
00000154   CRCINIRES
00000155   CRCINIRES_H
00000154   CRCINIRES_L
00000156   CRCRESR
00000157   CRCRESR_H
00000156   CRCRESR_L
0000a21c   CdcIsReceiveInProgress
0000a65e   CdcResetData
000070cc   CdcToBufferFromHost
0000634e   CdcToHostFromBuffer
00007e0e   Check_CBW
0000946c   ClearTempData
00009d66   ClockUSB
0000ab9a   Cma3000_setAccel_offset
00003239   Cma3000_xAccel
0000323c   Cma3000_xAccel_offset
0000323a   Cma3000_yAccel
0000323d   Cma3000_yAccel_offset
0000323b   Cma3000_zAccel
0000323e   Cma3000_zAccel_offset
00008bf4   CopyUsbToBuff
00000510   DMA0CTL
00000511   DMA0CTL_H
00000510   DMA0CTL_L
00000516   DMA0DA
00000516   DMA0DAL
00000512   DMA0SA
00000512   DMA0SAL
0000051a   DMA0SZ
00000520   DMA1CTL
00000521   DMA1CTL_H
00000520   DMA1CTL_L
00000526   DMA1DA
00000526   DMA1DAL
00000522   DMA1SA
00000522   DMA1SAL
0000052a   DMA1SZ
00000530   DMA2CTL
00000531   DMA2CTL_H
00000530   DMA2CTL_L
00000536   DMA2DA
00000536   DMA2DAL
00000532   DMA2SA
00000532   DMA2SAL
0000053a   DMA2SZ
00000500   DMACTL0
00000501   DMACTL0_H
00000500   DMACTL0_L
00000502   DMACTL1
00000503   DMACTL1_H
00000502   DMACTL1_L
00000504   DMACTL2
00000505   DMACTL2_H
00000504   DMACTL2_L
00000506   DMACTL3
00000507   DMACTL3_H
00000506   DMACTL3_L
00000508   DMACTL4
00000509   DMACTL4_H
00000508   DMACTL4_L
0000050e   DMAIV
0000050f   DMAIV_H
0000050e   DMAIV_L
00002800   DataCnt
0000a3ac   Dogs102x6_backlightInit
00008a5c   Dogs102x6_charDraw
00009bbe   Dogs102x6_clearImage
00009808   Dogs102x6_clearRow
0000a10e   Dogs102x6_clearScreen
00009dea   Dogs102x6_imageDraw
00008ee6   Dogs102x6_init
00002d4a   Dogs102x6_initMacro
00009758   Dogs102x6_setAddress
00009eea   Dogs102x6_setBacklight
0000a24e   Dogs102x6_setContrast
00008d78   Dogs102x6_stringDraw
0000a05e   Dogs102x6_writeCommand
000090b2   Dogs102x6_writeData
00000140   FCTL1
00000141   FCTL1_H
00000140   FCTL1_L
00000144   FCTL3
00000145   FCTL3_H
00000144   FCTL3_L
00000146   FCTL4
00000147   FCTL4_H
00000146   FCTL4_L
00008070   GetDirectory
00008df2   GetFile
0000a98a   Get_MaxLUN
000094ce   Get_TLV_Info
0000ac26   Handler_InFeature
0000acb2   Handler_InReport
0000a46c   Handler_SetLineCoding0
0000a49a   Handler_SetLineCoding1
0000a4c8   Handler_SetLineCoding2
00008c78   HidCopyUsbToBuff
0000a280   HidIsReceiveInProgress
0000a688   HidResetData
00006a54   HidToBufferFromHost
0000662a   HidToHostFromBuffer
0000a906   IEP0InterruptHandler
00003266   INS
0000abfe   I_ASR
0000ac08   I_LSL
0000ac12   I_LSR
000079cc   Init_FLL
0000a2b2   Init_FLL_Settle
0000a0d6   LFXT_Start
0000ab6c   L_LSL
0000a01a   L_LSL_1
00009ff6   L_LSL_10
00009ff2   L_LSL_11
00009fee   L_LSL_12
00009fea   L_LSL_13
00009fe6   L_LSL_14
00009fe2   L_LSL_15
0000a016   L_LSL_2
0000a012   L_LSL_3
0000a00e   L_LSL_4
0000a00a   L_LSL_5
0000a006   L_LSL_6
0000a002   L_LSL_7
00009ffe   L_LSL_8
00009ffa   L_LSL_9
0000a058   L_LSR_1
0000a034   L_LSR_10
0000a030   L_LSR_11
0000a02c   L_LSR_12
0000a028   L_LSR_13
0000a024   L_LSR_14
0000a020   L_LSR_15
0000a054   L_LSR_2
0000a050   L_LSR_3
0000a04c   L_LSR_4
0000a048   L_LSR_5
0000a044   L_LSR_6
0000a040   L_LSR_7
0000a03c   L_LSR_8
0000a038   L_LSR_9
000004c4   MAC
000004da   MAC32H
000004db   MAC32H_H
000004da   MAC32H_L
000004d8   MAC32L
000004d9   MAC32L_H
000004d8   MAC32L_L
000004c6   MACS
000004de   MACS32H
000004df   MACS32H_H
000004de   MACS32H_L
000004dc   MACS32L
000004dd   MACS32L_H
000004dc   MACS32L_L
000004c7   MACS_H
000004c6   MACS_L
000004c5   MAC_H
000004c4   MAC_L
000004c0   MPY
000004ec   MPY32CTL0
000004ed   MPY32CTL0_H
000004ec   MPY32CTL0_L
000004d2   MPY32H
000004d3   MPY32H_H
000004d2   MPY32H_L
000004d0   MPY32L
000004d1   MPY32L_H
000004d0   MPY32L_L
000004c2   MPYS
000004d6   MPYS32H
000004d7   MPYS32H_H
000004d6   MPYS32H_L
000004d4   MPYS32L
000004d5   MPYS32L_H
000004d4   MPYS32L_L
000004c3   MPYS_H
000004c2   MPYS_L
000004c1   MPY_H
000004c0   MPY_L
00005d18   MSCFromHostToBuffer
00006796   MSCToHostFromBuffer
000082b0   MassStorage
00002fc8   McsCbw
00002fe8   McsCsw
000086d0   Menu_active
00003052   MscControl
00009120   MscCopyUsbToBuff
00003036   MscReadControl
0000abd2   MscResetCtrlLun
0000a4f6   MscResetData
00009530   MscSendData
00003016   MscWriteControl
0000ac56   Msc_ResetFlags
0000aba8   Msc_ResetStateMachine
000093a4   Msc_ResetStruct
000099f8   OEP0InterruptHandler
000004c8   OP2
000004e2   OP2H
000004e3   OP2H_H
000004e2   OP2H_L
000004e0   OP2L
000004e1   OP2L_H
000004e0   OP2L_L
000004c9   OP2_H
000004c8   OP2_L
0000020e   P1IV
0000021e   P2IV
000001e0   P4MAP01
000001e1   P4MAP01_H
000001e0   P4MAP01_L
000001e2   P4MAP23
000001e3   P4MAP23_H
000001e2   P4MAP23_L
000001e4   P4MAP45
000001e5   P4MAP45_H
000001e4   P4MAP45_L
000001e6   P4MAP67
000001e7   P4MAP67_H
000001e6   P4MAP67_L
00000204   PADIR
00000205   PADIR_H
00000204   PADIR_L
00000208   PADS
00000209   PADS_H
00000208   PADS_L
0000021a   PAIE
00000218   PAIES
00000219   PAIES_H
00000218   PAIES_L
0000021b   PAIE_H
0000021a   PAIE_L
0000021c   PAIFG
0000021d   PAIFG_H
0000021c   PAIFG_L
00000200   PAIN
00000201   PAIN_H
00000200   PAIN_L
00000202   PAOUT
00000203   PAOUT_H
00000202   PAOUT_L
00000206   PAREN
00000207   PAREN_H
00000206   PAREN_L
0000020a   PASEL
0000020b   PASEL_H
0000020a   PASEL_L
00000224   PBDIR
00000225   PBDIR_H
00000224   PBDIR_L
00000228   PBDS
00000229   PBDS_H
00000228   PBDS_L
00000220   PBIN
00000221   PBIN_H
00000220   PBIN_L
00000222   PBOUT
00000223   PBOUT_H
00000222   PBOUT_L
00000226   PBREN
00000227   PBREN_H
00000226   PBREN_L
0000022a   PBSEL
0000022b   PBSEL_H
0000022a   PBSEL_L
00000244   PCDIR
00000245   PCDIR_H
00000244   PCDIR_L
00000248   PCDS
00000249   PCDS_H
00000248   PCDS_L
00000240   PCIN
00000241   PCIN_H
00000240   PCIN_L
00000242   PCOUT
00000243   PCOUT_H
00000242   PCOUT_L
00000246   PCREN
00000247   PCREN_H
00000246   PCREN_L
0000024a   PCSEL
0000024b   PCSEL_H
0000024a   PCSEL_L
00000264   PDDIR
00000265   PDDIR_H
00000264   PDDIR_L
00000268   PDDS
00000269   PDDS_H
00000268   PDDS_L
00000260   PDIN
00000261   PDIN_H
00000260   PDIN_L
00000262   PDOUT
00000263   PDOUT_H
00000262   PDOUT_L
00000266   PDREN
00000267   PDREN_H
00000266   PDREN_L
0000026a   PDSEL
0000026b   PDSEL_H
0000026a   PDSEL_L
00000324   PJDIR
00000325   PJDIR_H
00000324   PJDIR_L
00000328   PJDS
00000329   PJDS_H
00000328   PJDS_L
00000320   PJIN
00000321   PJIN_H
00000320   PJIN_L
00000322   PJOUT
00000323   PJOUT_H
00000322   PJOUT_L
00000326   PJREN
00000327   PJREN_H
00000326   PJREN_L
00000130   PM5CTL0
00000131   PM5CTL0_H
00000130   PM5CTL0_L
000001c2   PMAPCTL
000001c3   PMAPCTL_H
000001c2   PMAPCTL_L
000001c0   PMAPKEYID
000001c1   PMAPKEYID_H
000001c0   PMAPKEYID_L
00000120   PMMCTL0
00000121   PMMCTL0_H
00000120   PMMCTL0_L
00000122   PMMCTL1
00000123   PMMCTL1_H
00000122   PMMCTL1_L
0000012c   PMMIFG
0000012d   PMMIFG_H
0000012c   PMMIFG_L
0000012e   PMMRIE
0000012f   PMMRIE_H
0000012e   PMMRIE_L
00009c06   PWRVBUSoffHandler
0000a144   PWRVBUSonHandler
000045b6   Port1_ISR
000045f2   Port2_ISR
00000158   RCCTL0
00000159   RCCTL0_H
00000158   RCCTL0_L
000001b0   REFCTL0
000001b1   REFCTL0_H
000001b0   REFCTL0_L
000004e4   RES0
000004e5   RES0_H
000004e4   RES0_L
000004e6   RES1
000004e7   RES1_H
000004e6   RES1_L
000004e8   RES2
000004e9   RES2_H
000004e8   RES2_L
000004ea   RES3
000004eb   RES3_H
000004ea   RES3_L
000004cc   RESHI
000004cd   RESHI_H
000004cc   RESHI_L
000004ca   RESLO
000004cb   RESLO_H
000004ca   RESLO_L
000004ba   RTCADOWDAY
000004bb   RTCADOWDAY_H
000004ba   RTCADOWDAY_L
000004b8   RTCAMINHR
000004b9   RTCAMINHR_H
000004b8   RTCAMINHR_L
000004a0   RTCCTL01
000004a1   RTCCTL01_H
000004a0   RTCCTL01_L
000004a2   RTCCTL23
000004a3   RTCCTL23_H
000004a2   RTCCTL23_L
000004b4   RTCDATE
000004b5   RTCDATE_H
000004b4   RTCDATE_L
000004ae   RTCIV
000004ac   RTCPS
000004a8   RTCPS0CTL
000004a9   RTCPS0CTL_H
000004a8   RTCPS0CTL_L
000004aa   RTCPS1CTL
000004ab   RTCPS1CTL_H
000004aa   RTCPS1CTL_L
000004ad   RTCPS_H
000004ac   RTCPS_L
000004b0   RTCTIM0
000004b1   RTCTIM0_H
000004b0   RTCTIM0_L
000004b2   RTCTIM1
000004b3   RTCTIM1_H
000004b2   RTCTIM1_L
000004b6   RTCYEAR
000004b7   RTCYEAR_H
000004b6   RTCYEAR_L
00002400   RW_dataBuf
00002808   RWbuf
00002804   RWbuf_info
0000b912   Report_Luns
00002ff6   RequestSenseResponse
00009408   Reset_RequestSenseResponse
00003238   RevID
000061d0   SDCard
0000aacc   SDCard_fastMode
00009ae0   SDCard_init
0000a2e4   SDCard_readFrame
0000a706   SDCard_sendFrame
0000ac2e   SDCard_setCSHigh
0000ac36   SDCard_setCSLow
00008584   SDDisplay
0000a72e   SET_RequestsenseMediaNotPresent
0000a756   SET_RequestsenseNotReady
00000100   SFRIE1
00000101   SFRIE1_H
00000100   SFRIE1_L
00000102   SFRIFG1
00000103   SFRIFG1_H
00000102   SFRIFG1_L
00000104   SFRRPCR
00000105   SFRRPCR_H
00000104   SFRRPCR_L
000004ce   SUMEXT
000004cf   SUMEXT_H
000004ce   SUMEXT_L
00000124   SVSMHCTL
00000125   SVSMHCTL_H
00000124   SVSMHCTL_L
00000128   SVSMIO
00000129   SVSMIO_H
00000128   SVSMIO_L
00000126   SVSMLCTL
00000127   SVSMLCTL_H
00000126   SVSMLCTL_L
00000198   SYSBERRIV
00000199   SYSBERRIV_H
00000198   SYSBERRIV_L
00000182   SYSBSLC
00000183   SYSBSLC_H
00000182   SYSBSLC_L
00000180   SYSCTL
00000181   SYSCTL_H
00000180   SYSCTL_L
00000186   SYSJMBC
00000187   SYSJMBC_H
00000186   SYSJMBC_L
00000188   SYSJMBI0
00000189   SYSJMBI0_H
00000188   SYSJMBI0_L
0000018a   SYSJMBI1
0000018b   SYSJMBI1_H
0000018a   SYSJMBI1_L
0000018c   SYSJMBO0
0000018d   SYSJMBO0_H
0000018c   SYSJMBO0_L
0000018e   SYSJMBO1
0000018f   SYSJMBO1_H
0000018e   SYSJMBO1_L
0000019e   SYSRSTIV
0000019f   SYSRSTIV_H
0000019e   SYSRSTIV_L
0000019c   SYSSNIV
0000019d   SYSSNIV_H
0000019c   SYSSNIV_L
0000019a   SYSUNIV
0000019b   SYSUNIV_H
0000019a   SYSUNIV_L
000057e2   Scsi_Cmd_Parser
000071fa   Scsi_Inquiry
0000a17a   Scsi_Mode_Sense10
0000a1b0   Scsi_Mode_Sense6
0000316a   Scsi_Mode_Sense_10
00003166   Scsi_Mode_Sense_6
000081f2   Scsi_Read10
0000a5ae   Scsi_Read_Capacity10
0000315e   Scsi_Read_Capacity_10
00003172   Scsi_Read_Format_Capacity
0000a77e   Scsi_Report_Luns
00007d3e   Scsi_Request_Sense
00002fc4   Scsi_Residue
0000a09a   Scsi_Send_CSW
0000305c   Scsi_Standard_Inquiry_Data
0000a9d2   Scsi_Test_Unit_Ready
00008e6c   Scsi_Unknown_Request
00009590   Scsi_Verify_CBW
00008132   Scsi_Write10
00009f28   SetVCore
00009c4e   SetupPacketInterruptHandler
00000352   TA0CCR0
00000354   TA0CCR1
00000356   TA0CCR2
00000358   TA0CCR3
0000035a   TA0CCR4
00000342   TA0CCTL0
00000344   TA0CCTL1
00000346   TA0CCTL2
00000348   TA0CCTL3
0000034a   TA0CCTL4
00000340   TA0CTL
00000360   TA0EX0
0000036e   TA0IV
00000350   TA0R
00000392   TA1CCR0
00000394   TA1CCR1
00000396   TA1CCR2
00000382   TA1CCTL0
00000384   TA1CCTL1
00000386   TA1CCTL2
00000380   TA1CTL
000003a0   TA1EX0
000003ae   TA1IV
00000390   TA1R
00000412   TA2CCR0
00000414   TA2CCR1
00000416   TA2CCR2
00000402   TA2CCTL0
00000404   TA2CCTL1
00000406   TA2CCTL2
00000400   TA2CTL
00000420   TA2EX0
0000042e   TA2IV
00000410   TA2R
000003d2   TB0CCR0
000003d4   TB0CCR1
000003d6   TB0CCR2
000003d8   TB0CCR3
000003da   TB0CCR4
000003dc   TB0CCR5
000003de   TB0CCR6
000003c2   TB0CCTL0
000003c4   TB0CCTL1
000003c6   TB0CCTL2
000003c8   TB0CCTL3
000003ca   TB0CCTL4
000003cc   TB0CCTL5
000003ce   TB0CCTL6
000003c0   TB0CTL
000003e0   TB0EX0
000003ee   TB0IV
000003d0   TB0R
000005d0   UCA0ABCTL
000005c6   UCA0BRW
000005c7   UCA0BRW_H
000005c6   UCA0BRW_L
000005c0   UCA0CTLW0
000005c1   UCA0CTLW0_H
000005c0   UCA0CTLW0_L
000005dc   UCA0ICTL
000005dd   UCA0ICTL_H
000005dc   UCA0ICTL_L
000005d2   UCA0IRCTL
000005d3   UCA0IRCTL_H
000005d2   UCA0IRCTL_L
000005de   UCA0IV
000005c8   UCA0MCTL
000005cc   UCA0RXBUF
000005ca   UCA0STAT
000005ce   UCA0TXBUF
00000610   UCA1ABCTL
00000606   UCA1BRW
00000607   UCA1BRW_H
00000606   UCA1BRW_L
00000600   UCA1CTLW0
00000601   UCA1CTLW0_H
00000600   UCA1CTLW0_L
0000061c   UCA1ICTL
0000061d   UCA1ICTL_H
0000061c   UCA1ICTL_L
00000612   UCA1IRCTL
00000613   UCA1IRCTL_H
00000612   UCA1IRCTL_L
0000061e   UCA1IV
00000608   UCA1MCTL
0000060c   UCA1RXBUF
0000060a   UCA1STAT
0000060e   UCA1TXBUF
000005e6   UCB0BRW
000005e7   UCB0BRW_H
000005e6   UCB0BRW_L
000005e0   UCB0CTLW0
000005e1   UCB0CTLW0_H
000005e0   UCB0CTLW0_L
000005f0   UCB0I2COA
000005f1   UCB0I2COA_H
000005f0   UCB0I2COA_L
000005f2   UCB0I2CSA
000005f3   UCB0I2CSA_H
000005f2   UCB0I2CSA_L
000005fc   UCB0ICTL
000005fd   UCB0ICTL_H
000005fc   UCB0ICTL_L
000005fe   UCB0IV
000005ec   UCB0RXBUF
000005ea   UCB0STAT
000005ee   UCB0TXBUF
00000626   UCB1BRW
00000627   UCB1BRW_H
00000626   UCB1BRW_L
00000620   UCB1CTLW0
00000621   UCB1CTLW0_H
00000620   UCB1CTLW0_L
00000630   UCB1I2COA
00000631   UCB1I2COA_H
00000630   UCB1I2COA_L
00000632   UCB1I2CSA
00000633   UCB1I2CSA_H
00000632   UCB1I2CSA_L
0000063c   UCB1ICTL
0000063d   UCB1ICTL_H
0000063c   UCB1ICTL_L
0000063e   UCB1IV
0000062c   UCB1RXBUF
0000062a   UCB1STAT
0000062e   UCB1TXBUF
00000160   UCSCTL0
00000161   UCSCTL0_H
00000160   UCSCTL0_L
00000162   UCSCTL1
00000163   UCSCTL1_H
00000162   UCSCTL1_L
00000164   UCSCTL2
00000165   UCSCTL2_H
00000164   UCSCTL2_L
00000166   UCSCTL3
00000167   UCSCTL3_H
00000166   UCSCTL3_L
00000168   UCSCTL4
00000169   UCSCTL4_H
00000168   UCSCTL4_L
0000016a   UCSCTL5
0000016b   UCSCTL5_H
0000016a   UCSCTL5_L
0000016c   UCSCTL6
0000016d   UCSCTL6_H
0000016c   UCSCTL6_L
0000016e   UCSCTL7
0000016f   UCSCTL7_H
0000016e   UCSCTL7_L
00000170   UCSCTL8
00000171   UCSCTL8_H
00000170   UCSCTL8_L
00004578   UNMI_ISR
0000ac6e   USBCDC_handleDataReceived
0000ac72   USBCDC_handleReceiveCompleted
0000ac76   USBCDC_handleSendCompleted
00000902   USBCNF
00000903   USBCNF_H
00000902   USBCNF_L
0000093c   USBCTL
0000093a   USBFN
0000093b   USBFN_H
0000093a   USBFN_L
0000093f   USBFUNADR
0000ac7a   USBHID_handleDataReceived
0000ac7e   USBHID_handleReceiveCompleted
0000ac82   USBHID_handleSendCompleted
0000093d   USBIE
00002378   USBIEP0BUF
000023c9   USBIEPBBAX_1
000023d1   USBIEPBBAX_2
000023d9   USBIEPBBAX_3
000023e1   USBIEPBBAX_4
000023e9   USBIEPBBAX_5
000023f1   USBIEPBBAX_6
000023f9   USBIEPBBAX_7
000023cd   USBIEPBBAY_1
000023d5   USBIEPBBAY_2
000023dd   USBIEPBBAY_3
000023e5   USBIEPBBAY_4
000023ed   USBIEPBBAY_5
000023f5   USBIEPBBAY_6
000023fd   USBIEPBBAY_7
000023ca   USBIEPBCTX_1
000023d2   USBIEPBCTX_2
000023da   USBIEPBCTX_3
000023e2   USBIEPBCTX_4
000023ea   USBIEPBCTX_5
000023f2   USBIEPBCTX_6
000023fa   USBIEPBCTX_7
000023ce   USBIEPBCTY_1
000023d6   USBIEPBCTY_2
000023de   USBIEPBCTY_3
000023e6   USBIEPBCTY_4
000023ee   USBIEPBCTY_5
000023f6   USBIEPBCTY_6
000023fe   USBIEPBCTY_7
00000920   USBIEPCNF_0
000023c8   USBIEPCNF_1
000023d0   USBIEPCNF_2
000023d8   USBIEPCNF_3
000023e0   USBIEPCNF_4
000023e8   USBIEPCNF_5
000023f0   USBIEPCNF_6
000023f8   USBIEPCNF_7
00000921   USBIEPCNT_0
0000092e   USBIEPIE
00000930   USBIEPIFG
000023cf   USBIEPSIZXY_1
000023d7   USBIEPSIZXY_2
000023df   USBIEPSIZXY_3
000023e7   USBIEPSIZXY_4
000023ef   USBIEPSIZXY_5
000023f7   USBIEPSIZXY_6
000023ff   USBIEPSIZXY_7
0000093e   USBIFG
00000900   USBKEYID
00000901   USBKEYID_H
00000900   USBKEYID_L
00000936   USBMAINT
00000937   USBMAINT_H
00000936   USBMAINT_L
00005104   USBMSC_bufferProcessed
00003218   USBMSC_config
0000ac5c   USBMSC_fetchInfoStruct
00009f66   USBMSC_getState
0000ac86   USBMSC_handleBufferEvent
0000743c   USBMSC_poll
0000a524   USBMSC_registerBufInfo
00009da8   USBMSC_reset
00005b76   USBMSC_updateMediaInfo
00002370   USBOEP0BUF
00002389   USBOEPBBAX_1
00002391   USBOEPBBAX_2
00002399   USBOEPBBAX_3
000023a1   USBOEPBBAX_4
000023a9   USBOEPBBAX_5
000023b1   USBOEPBBAX_6
000023b9   USBOEPBBAX_7
0000238d   USBOEPBBAY_1
00002395   USBOEPBBAY_2
0000239d   USBOEPBBAY_3
000023a5   USBOEPBBAY_4
000023ad   USBOEPBBAY_5
000023b5   USBOEPBBAY_6
000023bd   USBOEPBBAY_7
0000238a   USBOEPBCTX_1
00002392   USBOEPBCTX_2
0000239a   USBOEPBCTX_3
000023a2   USBOEPBCTX_4
000023aa   USBOEPBCTX_5
000023b2   USBOEPBCTX_6
000023ba   USBOEPBCTX_7
0000238e   USBOEPBCTY_1
00002396   USBOEPBCTY_2
0000239e   USBOEPBCTY_3
000023a6   USBOEPBCTY_4
000023ae   USBOEPBCTY_5
000023b6   USBOEPBCTY_6
000023be   USBOEPBCTY_7
00000922   USBOEPCNF_0
00002388   USBOEPCNF_1
00002390   USBOEPCNF_2
00002398   USBOEPCNF_3
000023a0   USBOEPCNF_4
000023a8   USBOEPCNF_5
000023b0   USBOEPCNF_6
000023b8   USBOEPCNF_7
00000923   USBOEPCNT_0
0000092f   USBOEPIE
00000931   USBOEPIFG
0000238f   USBOEPSIZXY_1
00002397   USBOEPSIZXY_2
0000239f   USBOEPSIZXY_3
000023a7   USBOEPSIZXY_4
000023af   USBOEPSIZXY_5
000023b7   USBOEPSIZXY_6
000023bf   USBOEPSIZXY_7
00000904   USBPHYCTL
00000905   USBPHYCTL_H
00000904   USBPHYCTL_L
00000910   USBPLLCTL
00000911   USBPLLCTL_H
00000910   USBPLLCTL_L
00000912   USBPLLDIVB
00000913   USBPLLDIVB_H
00000912   USBPLLDIVB_L
00000914   USBPLLIR
00000915   USBPLLIR_H
00000914   USBPLLIR_L
00000908   USBPWRCTL
00000909   USBPWRCTL_H
00000908   USBPWRCTL_L
00001c00   USBSTABUFF
00002380   USBSUBLK
0000236f   USBTOPBUFF
00000938   USBTSREG
00000939   USBTSREG_H
00000938   USBTSREG_L
00000932   USBVECINT
00000933   USBVECINT_H
00000932   USBVECINT_L
00007b8c   USB_InitSerialStringDescriptor
00003244   USB_RX_memcpy
00003240   USB_TX_memcpy
0000a7a6   USB_connect
0000a316   USB_connectionInfo
000088aa   USB_connectionState
0000a844   USB_disable
00008ae6   USB_enable
0000ac8a   USB_handleClockEvent
0000ac8e   USB_handleEnumCompleteEvent
0000ac92   USB_handleResetEvent
0000ac96   USB_handleResumeEvent
0000ac9a   USB_handleSuspendEvent
0000ac9e   USB_handleVbusOffEvent
0000aa56   USB_handleVbusOnEvent
0000985e   USB_init
0000a7ce   USB_initMemcpy
00006bae   USB_reset
0000a9a2   USB_resume
0000ac3e   USB_setEnabledEvents
0000a348   USB_suspend
0000015c   WDTCTL
0000015d   WDTCTL_H
0000015c   WDTCTL_L
00004658   WDT_ISR
0000a1e6   Wheel_getPosition
000098b4   Wheel_getValue
0000a81e   Wheel_init
0000a3dc   XT2_Start
00004400   __STACK_END
000000a0   __STACK_SIZE
00000001   __TI_args_main
00000001   __TI_auto_init
00000001   __TI_exit
ffffffff   __binit__
00002400   __bss__
ffffffff   __c_args__
00004688   __cinit__
0000aa14   __divu
000097b0   __divul
00003270   __end__
ffffffff   __etext__
0000aa2a   __mpyi_f5hw
0000a866   __mpyl_f5hw
ffffffff   __pinit__
0000aa14   __remu
000097b0   __remul
ffffffff   __text__
000095ec   _auto_init
0000462e   _c_int00
0000462e   _c_int00_noexit
00003250   _cleanup_ptr
00003254   _dtors_ptr
00003248   _lock
0000acb4   _nop
0000fffe   _reset_vector
00004360   _stack
0000abea   _system_pre_init
0000324c   _unlock
00002378   abIEP0Buffer
00002370   abOEP0Buffer
00003196   abUsbRequestIncomingData
0000318e   abUsbRequestReturnData
0000aca2   abort
0000319e   abramSerialStringDescriptor
0000b71c   abromConfigurationDescriptorGroup
0000b8f0   abromDeviceDescriptor
0000b82a   abromReportDescriptor
0000b628   abromStringDescriptor
00003237   accelData
00003269   bDetectCard
000031c2   bEnumerationStatus
000031c1   bFunctionSuspended
00002faa   bMcsCommandSupported
0000305b   bMscCbwFailed
00002fac   bMscCbwReceived
0000315c   bMscResetRequired
0000b8ba   bScsi_Standard_Inquiry_Data
000031c0   bStatusAction
0000305a   bUnitAttention
00002d48   backlight
ffffffff   binit
00002ea8   buff
0000325e   buttonDebounce
00003260   buttonsPressed
000096a4   checkInsertionRemoval
00004688   cinit
00009fa4   clust2sect
00002d49   contrast
00002d47   currentColumn
00002d46   currentPage
0000a40c   detectCard
00009b2a   die
00006f90   disk_initialize
00007716   disk_ioctl
00008772   disk_read
0000a888   disk_status
00007faa   disk_write
00002a14   dogs102x6Memory
00003270   end
ffffffff   etext
0000a9fe   f_close
0000a552   f_mount
000053cc   f_open
00007c66   f_opendir
000055f4   f_read
000092d4   f_readdir
000068f8   f_sync
00006d06   get_fat
0000abf4   get_fattime
00004400   iUsbInterruptHandler
0000326c   isMSCConfigured
00009e2a   lab5
00002ea4   listIndex
00002802   logCnt
00006e4c   main
00002a08   mediaInfo
0000a6b2   memcpy
0000a5da   memcpyDMA0
0000a8a8   memset
000096fe   msc_Init
00009a94   msc_Loop
00002e70   nameLengths
00002d5a   names
00002ea3   namesIndex
00002ea2   numNames
00002e22   output
00002e34   path
00002e66   pathLengths
00001c00   pbXBufferAddressEp1
00001d00   pbXBufferAddressEp2
00001e00   pbXBufferAddressEp3
00001c80   pbXBufferAddressEp81
00001d80   pbXBufferAddressEp82
00001c40   pbYBufferAddressEp1
00001d40   pbYBufferAddressEp2
00001cc0   pbYBufferAddressEp81
00001dc0   pbYBufferAddressEp82
ffffffff   pinit
00003262   positionData
00003264   positionDataOld
00005eb6   put_fat
00008fd2   read_LUN0
00003058   sCtrlLun
00002fb6   sRwbuf
00002ea5   selectedIndex
00002ea6   selectedLength
0000b85e   stUsbHandle
0000a6dc   strcat
0000a922   strlen
00009b74   strncat
00009648   strncpy
00000920   tEndPoint0DescriptorBlock
000023c8   tInputEndPointDescriptorBlock
00002388   tOutputEndPointDescriptorBlock
00002380   tSetupPacket
0000b3a8   tUsbRequestList
0000326a   timeoutCounter
0000ab02   usbClearDeviceFeature
0000933c   usbClearEndpointFeature
0000ac62   usbClearOEP0ByteCount
0000aa7e   usbClearOEPByteCount
00008812   usbDecodeAndProcessUsbRequest
0000ab7c   usbGetConfiguration
0000ab14   usbGetConfigurationDescriptor
0000ab26   usbGetDeviceDescriptor
0000a7f6   usbGetDeviceStatus
00009042   usbGetEndpointStatus
0000a606   usbGetHidDescriptor
0000a93c   usbGetInterface
0000a956   usbGetInterfaceStatus
00009e6a   usbGetLineCoding0
0000aa40   usbGetReport
0000abb6   usbGetReportDescriptor
00009cde   usbGetStringDescriptor
0000abde   usbInvalidRequest
0000ab38   usbReceiveDataPacketOnEP0
00009c96   usbReceiveNextPacketOnOEP0
0000a8c8   usbSendDataPacketOnEP0
00008f5e   usbSendNextPacketOnIEP0
0000abc4   usbSendZeroLengthPacketOnIEP0
0000a970   usbSetAddress
0000a8e8   usbSetConfiguration
0000acaa   usbSetControlLineState
0000ab4a   usbSetDeviceFeature
00009d22   usbSetEndpointFeature
00009eaa   usbSetInterface
0000ac46   usbSetLineCoding0
0000ac4e   usbSetReport
0000a580   usbStallEndpoint
0000ac1c   usbStallEndpoint0
0000aa92   usbStallInEndpoint
0000ac68   usbStallOEP0
0000aaa6   usbStallOutEndpoint
00008b6e   validateCSD
00003180   wBytesRemainingOnIEP0
00003182   wBytesRemainingOnOEP0
000031c4   wUsbEventMask
000091fc   write_LUN0
00002fae   xBufferAddr
00002fb2   yBufferAddr


GLOBAL SYMBOLS: SORTED BY Symbol Address 

address    name
--------   ----
00000001   __TI_args_main
00000001   __TI_auto_init
00000001   __TI_exit
000000a0   __STACK_SIZE
00000100   SFRIE1
00000100   SFRIE1_L
00000101   SFRIE1_H
00000102   SFRIFG1
00000102   SFRIFG1_L
00000103   SFRIFG1_H
00000104   SFRRPCR
00000104   SFRRPCR_L
00000105   SFRRPCR_H
00000120   PMMCTL0
00000120   PMMCTL0_L
00000121   PMMCTL0_H
00000122   PMMCTL1
00000122   PMMCTL1_L
00000123   PMMCTL1_H
00000124   SVSMHCTL
00000124   SVSMHCTL_L
00000125   SVSMHCTL_H
00000126   SVSMLCTL
00000126   SVSMLCTL_L
00000127   SVSMLCTL_H
00000128   SVSMIO
00000128   SVSMIO_L
00000129   SVSMIO_H
0000012c   PMMIFG
0000012c   PMMIFG_L
0000012d   PMMIFG_H
0000012e   PMMRIE
0000012e   PMMRIE_L
0000012f   PMMRIE_H
00000130   PM5CTL0
00000130   PM5CTL0_L
00000131   PM5CTL0_H
00000140   FCTL1
00000140   FCTL1_L
00000141   FCTL1_H
00000144   FCTL3
00000144   FCTL3_L
00000145   FCTL3_H
00000146   FCTL4
00000146   FCTL4_L
00000147   FCTL4_H
00000150   CRCDI
00000150   CRCDI_L
00000151   CRCDI_H
00000152   CRCDIRB
00000152   CRCDIRB_L
00000153   CRCDIRB_H
00000154   CRCINIRES
00000154   CRCINIRES_L
00000155   CRCINIRES_H
00000156   CRCRESR
00000156   CRCRESR_L
00000157   CRCRESR_H
00000158   RCCTL0
00000158   RCCTL0_L
00000159   RCCTL0_H
0000015c   WDTCTL
0000015c   WDTCTL_L
0000015d   WDTCTL_H
00000160   UCSCTL0
00000160   UCSCTL0_L
00000161   UCSCTL0_H
00000162   UCSCTL1
00000162   UCSCTL1_L
00000163   UCSCTL1_H
00000164   UCSCTL2
00000164   UCSCTL2_L
00000165   UCSCTL2_H
00000166   UCSCTL3
00000166   UCSCTL3_L
00000167   UCSCTL3_H
00000168   UCSCTL4
00000168   UCSCTL4_L
00000169   UCSCTL4_H
0000016a   UCSCTL5
0000016a   UCSCTL5_L
0000016b   UCSCTL5_H
0000016c   UCSCTL6
0000016c   UCSCTL6_L
0000016d   UCSCTL6_H
0000016e   UCSCTL7
0000016e   UCSCTL7_L
0000016f   UCSCTL7_H
00000170   UCSCTL8
00000170   UCSCTL8_L
00000171   UCSCTL8_H
00000180   SYSCTL
00000180   SYSCTL_L
00000181   SYSCTL_H
00000182   SYSBSLC
00000182   SYSBSLC_L
00000183   SYSBSLC_H
00000186   SYSJMBC
00000186   SYSJMBC_L
00000187   SYSJMBC_H
00000188   SYSJMBI0
00000188   SYSJMBI0_L
00000189   SYSJMBI0_H
0000018a   SYSJMBI1
0000018a   SYSJMBI1_L
0000018b   SYSJMBI1_H
0000018c   SYSJMBO0
0000018c   SYSJMBO0_L
0000018d   SYSJMBO0_H
0000018e   SYSJMBO1
0000018e   SYSJMBO1_L
0000018f   SYSJMBO1_H
00000198   SYSBERRIV
00000198   SYSBERRIV_L
00000199   SYSBERRIV_H
0000019a   SYSUNIV
0000019a   SYSUNIV_L
0000019b   SYSUNIV_H
0000019c   SYSSNIV
0000019c   SYSSNIV_L
0000019d   SYSSNIV_H
0000019e   SYSRSTIV
0000019e   SYSRSTIV_L
0000019f   SYSRSTIV_H
000001b0   REFCTL0
000001b0   REFCTL0_L
000001b1   REFCTL0_H
000001c0   PMAPKEYID
000001c0   PMAPKEYID_L
000001c1   PMAPKEYID_H
000001c2   PMAPCTL
000001c2   PMAPCTL_L
000001c3   PMAPCTL_H
000001e0   P4MAP01
000001e0   P4MAP01_L
000001e1   P4MAP01_H
000001e2   P4MAP23
000001e2   P4MAP23_L
000001e3   P4MAP23_H
000001e4   P4MAP45
000001e4   P4MAP45_L
000001e5   P4MAP45_H
000001e6   P4MAP67
000001e6   P4MAP67_L
000001e7   P4MAP67_H
00000200   PAIN
00000200   PAIN_L
00000201   PAIN_H
00000202   PAOUT
00000202   PAOUT_L
00000203   PAOUT_H
00000204   PADIR
00000204   PADIR_L
00000205   PADIR_H
00000206   PAREN
00000206   PAREN_L
00000207   PAREN_H
00000208   PADS
00000208   PADS_L
00000209   PADS_H
0000020a   PASEL
0000020a   PASEL_L
0000020b   PASEL_H
0000020e   P1IV
00000218   PAIES
00000218   PAIES_L
00000219   PAIES_H
0000021a   PAIE
0000021a   PAIE_L
0000021b   PAIE_H
0000021c   PAIFG
0000021c   PAIFG_L
0000021d   PAIFG_H
0000021e   P2IV
00000220   PBIN
00000220   PBIN_L
00000221   PBIN_H
00000222   PBOUT
00000222   PBOUT_L
00000223   PBOUT_H
00000224   PBDIR
00000224   PBDIR_L
00000225   PBDIR_H
00000226   PBREN
00000226   PBREN_L
00000227   PBREN_H
00000228   PBDS
00000228   PBDS_L
00000229   PBDS_H
0000022a   PBSEL
0000022a   PBSEL_L
0000022b   PBSEL_H
00000240   PCIN
00000240   PCIN_L
00000241   PCIN_H
00000242   PCOUT
00000242   PCOUT_L
00000243   PCOUT_H
00000244   PCDIR
00000244   PCDIR_L
00000245   PCDIR_H
00000246   PCREN
00000246   PCREN_L
00000247   PCREN_H
00000248   PCDS
00000248   PCDS_L
00000249   PCDS_H
0000024a   PCSEL
0000024a   PCSEL_L
0000024b   PCSEL_H
00000260   PDIN
00000260   PDIN_L
00000261   PDIN_H
00000262   PDOUT
00000262   PDOUT_L
00000263   PDOUT_H
00000264   PDDIR
00000264   PDDIR_L
00000265   PDDIR_H
00000266   PDREN
00000266   PDREN_L
00000267   PDREN_H
00000268   PDDS
00000268   PDDS_L
00000269   PDDS_H
0000026a   PDSEL
0000026a   PDSEL_L
0000026b   PDSEL_H
00000320   PJIN
00000320   PJIN_L
00000321   PJIN_H
00000322   PJOUT
00000322   PJOUT_L
00000323   PJOUT_H
00000324   PJDIR
00000324   PJDIR_L
00000325   PJDIR_H
00000326   PJREN
00000326   PJREN_L
00000327   PJREN_H
00000328   PJDS
00000328   PJDS_L
00000329   PJDS_H
00000340   TA0CTL
00000342   TA0CCTL0
00000344   TA0CCTL1
00000346   TA0CCTL2
00000348   TA0CCTL3
0000034a   TA0CCTL4
00000350   TA0R
00000352   TA0CCR0
00000354   TA0CCR1
00000356   TA0CCR2
00000358   TA0CCR3
0000035a   TA0CCR4
00000360   TA0EX0
0000036e   TA0IV
00000380   TA1CTL
00000382   TA1CCTL0
00000384   TA1CCTL1
00000386   TA1CCTL2
00000390   TA1R
00000392   TA1CCR0
00000394   TA1CCR1
00000396   TA1CCR2
000003a0   TA1EX0
000003ae   TA1IV
000003c0   TB0CTL
000003c2   TB0CCTL0
000003c4   TB0CCTL1
000003c6   TB0CCTL2
000003c8   TB0CCTL3
000003ca   TB0CCTL4
000003cc   TB0CCTL5
000003ce   TB0CCTL6
000003d0   TB0R
000003d2   TB0CCR0
000003d4   TB0CCR1
000003d6   TB0CCR2
000003d8   TB0CCR3
000003da   TB0CCR4
000003dc   TB0CCR5
000003de   TB0CCR6
000003e0   TB0EX0
000003ee   TB0IV
00000400   TA2CTL
00000402   TA2CCTL0
00000404   TA2CCTL1
00000406   TA2CCTL2
00000410   TA2R
00000412   TA2CCR0
00000414   TA2CCR1
00000416   TA2CCR2
00000420   TA2EX0
0000042e   TA2IV
000004a0   RTCCTL01
000004a0   RTCCTL01_L
000004a1   RTCCTL01_H
000004a2   RTCCTL23
000004a2   RTCCTL23_L
000004a3   RTCCTL23_H
000004a8   RTCPS0CTL
000004a8   RTCPS0CTL_L
000004a9   RTCPS0CTL_H
000004aa   RTCPS1CTL
000004aa   RTCPS1CTL_L
000004ab   RTCPS1CTL_H
000004ac   RTCPS
000004ac   RTCPS_L
000004ad   RTCPS_H
000004ae   RTCIV
000004b0   RTCTIM0
000004b0   RTCTIM0_L
000004b1   RTCTIM0_H
000004b2   RTCTIM1
000004b2   RTCTIM1_L
000004b3   RTCTIM1_H
000004b4   RTCDATE
000004b4   RTCDATE_L
000004b5   RTCDATE_H
000004b6   RTCYEAR
000004b6   RTCYEAR_L
000004b7   RTCYEAR_H
000004b8   RTCAMINHR
000004b8   RTCAMINHR_L
000004b9   RTCAMINHR_H
000004ba   RTCADOWDAY
000004ba   RTCADOWDAY_L
000004bb   RTCADOWDAY_H
000004c0   MPY
000004c0   MPY_L
000004c1   MPY_H
000004c2   MPYS
000004c2   MPYS_L
000004c3   MPYS_H
000004c4   MAC
000004c4   MAC_L
000004c5   MAC_H
000004c6   MACS
000004c6   MACS_L
000004c7   MACS_H
000004c8   OP2
000004c8   OP2_L
000004c9   OP2_H
000004ca   RESLO
000004ca   RESLO_L
000004cb   RESLO_H
000004cc   RESHI
000004cc   RESHI_L
000004cd   RESHI_H
000004ce   SUMEXT
000004ce   SUMEXT_L
000004cf   SUMEXT_H
000004d0   MPY32L
000004d0   MPY32L_L
000004d1   MPY32L_H
000004d2   MPY32H
000004d2   MPY32H_L
000004d3   MPY32H_H
000004d4   MPYS32L
000004d4   MPYS32L_L
000004d5   MPYS32L_H
000004d6   MPYS32H
000004d6   MPYS32H_L
000004d7   MPYS32H_H
000004d8   MAC32L
000004d8   MAC32L_L
000004d9   MAC32L_H
000004da   MAC32H
000004da   MAC32H_L
000004db   MAC32H_H
000004dc   MACS32L
000004dc   MACS32L_L
000004dd   MACS32L_H
000004de   MACS32H
000004de   MACS32H_L
000004df   MACS32H_H
000004e0   OP2L
000004e0   OP2L_L
000004e1   OP2L_H
000004e2   OP2H
000004e2   OP2H_L
000004e3   OP2H_H
000004e4   RES0
000004e4   RES0_L
000004e5   RES0_H
000004e6   RES1
000004e6   RES1_L
000004e7   RES1_H
000004e8   RES2
000004e8   RES2_L
000004e9   RES2_H
000004ea   RES3
000004ea   RES3_L
000004eb   RES3_H
000004ec   MPY32CTL0
000004ec   MPY32CTL0_L
000004ed   MPY32CTL0_H
00000500   DMACTL0
00000500   DMACTL0_L
00000501   DMACTL0_H
00000502   DMACTL1
00000502   DMACTL1_L
00000503   DMACTL1_H
00000504   DMACTL2
00000504   DMACTL2_L
00000505   DMACTL2_H
00000506   DMACTL3
00000506   DMACTL3_L
00000507   DMACTL3_H
00000508   DMACTL4
00000508   DMACTL4_L
00000509   DMACTL4_H
0000050e   DMAIV
0000050e   DMAIV_L
0000050f   DMAIV_H
00000510   DMA0CTL
00000510   DMA0CTL_L
00000511   DMA0CTL_H
00000512   DMA0SA
00000512   DMA0SAL
00000516   DMA0DA
00000516   DMA0DAL
0000051a   DMA0SZ
00000520   DMA1CTL
00000520   DMA1CTL_L
00000521   DMA1CTL_H
00000522   DMA1SA
00000522   DMA1SAL
00000526   DMA1DA
00000526   DMA1DAL
0000052a   DMA1SZ
00000530   DMA2CTL
00000530   DMA2CTL_L
00000531   DMA2CTL_H
00000532   DMA2SA
00000532   DMA2SAL
00000536   DMA2DA
00000536   DMA2DAL
0000053a   DMA2SZ
000005c0   UCA0CTLW0
000005c0   UCA0CTLW0_L
000005c1   UCA0CTLW0_H
000005c6   UCA0BRW
000005c6   UCA0BRW_L
000005c7   UCA0BRW_H
000005c8   UCA0MCTL
000005ca   UCA0STAT
000005cc   UCA0RXBUF
000005ce   UCA0TXBUF
000005d0   UCA0ABCTL
000005d2   UCA0IRCTL
000005d2   UCA0IRCTL_L
000005d3   UCA0IRCTL_H
000005dc   UCA0ICTL
000005dc   UCA0ICTL_L
000005dd   UCA0ICTL_H
000005de   UCA0IV
000005e0   UCB0CTLW0
000005e0   UCB0CTLW0_L
000005e1   UCB0CTLW0_H
000005e6   UCB0BRW
000005e6   UCB0BRW_L
000005e7   UCB0BRW_H
000005ea   UCB0STAT
000005ec   UCB0RXBUF
000005ee   UCB0TXBUF
000005f0   UCB0I2COA
000005f0   UCB0I2COA_L
000005f1   UCB0I2COA_H
000005f2   UCB0I2CSA
000005f2   UCB0I2CSA_L
000005f3   UCB0I2CSA_H
000005fc   UCB0ICTL
000005fc   UCB0ICTL_L
000005fd   UCB0ICTL_H
000005fe   UCB0IV
00000600   UCA1CTLW0
00000600   UCA1CTLW0_L
00000601   UCA1CTLW0_H
00000606   UCA1BRW
00000606   UCA1BRW_L
00000607   UCA1BRW_H
00000608   UCA1MCTL
0000060a   UCA1STAT
0000060c   UCA1RXBUF
0000060e   UCA1TXBUF
00000610   UCA1ABCTL
00000612   UCA1IRCTL
00000612   UCA1IRCTL_L
00000613   UCA1IRCTL_H
0000061c   UCA1ICTL
0000061c   UCA1ICTL_L
0000061d   UCA1ICTL_H
0000061e   UCA1IV
00000620   UCB1CTLW0
00000620   UCB1CTLW0_L
00000621   UCB1CTLW0_H
00000626   UCB1BRW
00000626   UCB1BRW_L
00000627   UCB1BRW_H
0000062a   UCB1STAT
0000062c   UCB1RXBUF
0000062e   UCB1TXBUF
00000630   UCB1I2COA
00000630   UCB1I2COA_L
00000631   UCB1I2COA_H
00000632   UCB1I2CSA
00000632   UCB1I2CSA_L
00000633   UCB1I2CSA_H
0000063c   UCB1ICTL
0000063c   UCB1ICTL_L
0000063d   UCB1ICTL_H
0000063e   UCB1IV
00000700   ADC12CTL0
00000700   ADC12CTL0_L
00000701   ADC12CTL0_H
00000702   ADC12CTL1
00000702   ADC12CTL1_L
00000703   ADC12CTL1_H
00000704   ADC12CTL2
00000704   ADC12CTL2_L
00000705   ADC12CTL2_H
0000070a   ADC12IFG
0000070a   ADC12IFG_L
0000070b   ADC12IFG_H
0000070c   ADC12IE
0000070c   ADC12IE_L
0000070d   ADC12IE_H
0000070e   ADC12IV
0000070e   ADC12IV_L
0000070f   ADC12IV_H
00000710   ADC12MCTL0
00000711   ADC12MCTL1
00000712   ADC12MCTL2
00000713   ADC12MCTL3
00000714   ADC12MCTL4
00000715   ADC12MCTL5
00000716   ADC12MCTL6
00000717   ADC12MCTL7
00000718   ADC12MCTL8
00000719   ADC12MCTL9
0000071a   ADC12MCTL10
0000071b   ADC12MCTL11
0000071c   ADC12MCTL12
0000071d   ADC12MCTL13
0000071e   ADC12MCTL14
0000071f   ADC12MCTL15
00000720   ADC12MEM0
00000720   ADC12MEM0_L
00000721   ADC12MEM0_H
00000722   ADC12MEM1
00000722   ADC12MEM1_L
00000723   ADC12MEM1_H
00000724   ADC12MEM2
00000724   ADC12MEM2_L
00000725   ADC12MEM2_H
00000726   ADC12MEM3
00000726   ADC12MEM3_L
00000727   ADC12MEM3_H
00000728   ADC12MEM4
00000728   ADC12MEM4_L
00000729   ADC12MEM4_H
0000072a   ADC12MEM5
0000072a   ADC12MEM5_L
0000072b   ADC12MEM5_H
0000072c   ADC12MEM6
0000072c   ADC12MEM6_L
0000072d   ADC12MEM6_H
0000072e   ADC12MEM7
0000072e   ADC12MEM7_L
0000072f   ADC12MEM7_H
00000730   ADC12MEM8
00000730   ADC12MEM8_L
00000731   ADC12MEM8_H
00000732   ADC12MEM9
00000732   ADC12MEM9_L
00000733   ADC12MEM9_H
00000734   ADC12MEM10
00000734   ADC12MEM10_L
00000735   ADC12MEM10_H
00000736   ADC12MEM11
00000736   ADC12MEM11_L
00000737   ADC12MEM11_H
00000738   ADC12MEM12
00000738   ADC12MEM12_L
00000739   ADC12MEM12_H
0000073a   ADC12MEM13
0000073a   ADC12MEM13_L
0000073b   ADC12MEM13_H
0000073c   ADC12MEM14
0000073c   ADC12MEM14_L
0000073d   ADC12MEM14_H
0000073e   ADC12MEM15
0000073e   ADC12MEM15_L
0000073f   ADC12MEM15_H
000008c0   CBCTL0
000008c0   CBCTL0_L
000008c1   CBCTL0_H
000008c2   CBCTL1
000008c2   CBCTL1_L
000008c3   CBCTL1_H
000008c4   CBCTL2
000008c4   CBCTL2_L
000008c5   CBCTL2_H
000008c6   CBCTL3
000008c6   CBCTL3_L
000008c7   CBCTL3_H
000008cc   CBINT
000008cc   CBINT_L
000008cd   CBINT_H
000008ce   CBIV
00000900   USBKEYID
00000900   USBKEYID_L
00000901   USBKEYID_H
00000902   USBCNF
00000902   USBCNF_L
00000903   USBCNF_H
00000904   USBPHYCTL
00000904   USBPHYCTL_L
00000905   USBPHYCTL_H
00000908   USBPWRCTL
00000908   USBPWRCTL_L
00000909   USBPWRCTL_H
00000910   USBPLLCTL
00000910   USBPLLCTL_L
00000911   USBPLLCTL_H
00000912   USBPLLDIVB
00000912   USBPLLDIVB_L
00000913   USBPLLDIVB_H
00000914   USBPLLIR
00000914   USBPLLIR_L
00000915   USBPLLIR_H
00000920   USBIEPCNF_0
00000920   tEndPoint0DescriptorBlock
00000921   USBIEPCNT_0
00000922   USBOEPCNF_0
00000923   USBOEPCNT_0
0000092e   USBIEPIE
0000092f   USBOEPIE
00000930   USBIEPIFG
00000931   USBOEPIFG
00000932   USBVECINT
00000932   USBVECINT_L
00000933   USBVECINT_H
00000936   USBMAINT
00000936   USBMAINT_L
00000937   USBMAINT_H
00000938   USBTSREG
00000938   USBTSREG_L
00000939   USBTSREG_H
0000093a   USBFN
0000093a   USBFN_L
0000093b   USBFN_H
0000093c   USBCTL
0000093d   USBIE
0000093e   USBIFG
0000093f   USBFUNADR
00001c00   USBSTABUFF
00001c00   pbXBufferAddressEp1
00001c40   pbYBufferAddressEp1
00001c80   pbXBufferAddressEp81
00001cc0   pbYBufferAddressEp81
00001d00   pbXBufferAddressEp2
00001d40   pbYBufferAddressEp2
00001d80   pbXBufferAddressEp82
00001dc0   pbYBufferAddressEp82
00001e00   pbXBufferAddressEp3
0000236f   USBTOPBUFF
00002370   USBOEP0BUF
00002370   abOEP0Buffer
00002378   USBIEP0BUF
00002378   abIEP0Buffer
00002380   USBSUBLK
00002380   tSetupPacket
00002388   USBOEPCNF_1
00002388   tOutputEndPointDescriptorBlock
00002389   USBOEPBBAX_1
0000238a   USBOEPBCTX_1
0000238d   USBOEPBBAY_1
0000238e   USBOEPBCTY_1
0000238f   USBOEPSIZXY_1
00002390   USBOEPCNF_2
00002391   USBOEPBBAX_2
00002392   USBOEPBCTX_2
00002395   USBOEPBBAY_2
00002396   USBOEPBCTY_2
00002397   USBOEPSIZXY_2
00002398   USBOEPCNF_3
00002399   USBOEPBBAX_3
0000239a   USBOEPBCTX_3
0000239d   USBOEPBBAY_3
0000239e   USBOEPBCTY_3
0000239f   USBOEPSIZXY_3
000023a0   USBOEPCNF_4
000023a1   USBOEPBBAX_4
000023a2   USBOEPBCTX_4
000023a5   USBOEPBBAY_4
000023a6   USBOEPBCTY_4
000023a7   USBOEPSIZXY_4
000023a8   USBOEPCNF_5
000023a9   USBOEPBBAX_5
000023aa   USBOEPBCTX_5
000023ad   USBOEPBBAY_5
000023ae   USBOEPBCTY_5
000023af   USBOEPSIZXY_5
000023b0   USBOEPCNF_6
000023b1   USBOEPBBAX_6
000023b2   USBOEPBCTX_6
000023b5   USBOEPBBAY_6
000023b6   USBOEPBCTY_6
000023b7   USBOEPSIZXY_6
000023b8   USBOEPCNF_7
000023b9   USBOEPBBAX_7
000023ba   USBOEPBCTX_7
000023bd   USBOEPBBAY_7
000023be   USBOEPBCTY_7
000023bf   USBOEPSIZXY_7
000023c8   USBIEPCNF_1
000023c8   tInputEndPointDescriptorBlock
000023c9   USBIEPBBAX_1
000023ca   USBIEPBCTX_1
000023cd   USBIEPBBAY_1
000023ce   USBIEPBCTY_1
000023cf   USBIEPSIZXY_1
000023d0   USBIEPCNF_2
000023d1   USBIEPBBAX_2
000023d2   USBIEPBCTX_2
000023d5   USBIEPBBAY_2
000023d6   USBIEPBCTY_2
000023d7   USBIEPSIZXY_2
000023d8   USBIEPCNF_3
000023d9   USBIEPBBAX_3
000023da   USBIEPBCTX_3
000023dd   USBIEPBBAY_3
000023de   USBIEPBCTY_3
000023df   USBIEPSIZXY_3
000023e0   USBIEPCNF_4
000023e1   USBIEPBBAX_4
000023e2   USBIEPBCTX_4
000023e5   USBIEPBBAY_4
000023e6   USBIEPBCTY_4
000023e7   USBIEPSIZXY_4
000023e8   USBIEPCNF_5
000023e9   USBIEPBBAX_5
000023ea   USBIEPBCTX_5
000023ed   USBIEPBBAY_5
000023ee   USBIEPBCTY_5
000023ef   USBIEPSIZXY_5
000023f0   USBIEPCNF_6
000023f1   USBIEPBBAX_6
000023f2   USBIEPBCTX_6
000023f5   USBIEPBBAY_6
000023f6   USBIEPBCTY_6
000023f7   USBIEPSIZXY_6
000023f8   USBIEPCNF_7
000023f9   USBIEPBBAX_7
000023fa   USBIEPBCTX_7
000023fd   USBIEPBBAY_7
000023fe   USBIEPBCTY_7
000023ff   USBIEPSIZXY_7
00002400   .bss
00002400   RW_dataBuf
00002400   __bss__
00002800   DataCnt
00002802   logCnt
00002804   RWbuf_info
00002808   RWbuf
00002a08   mediaInfo
00002a14   dogs102x6Memory
00002d46   currentPage
00002d47   currentColumn
00002d48   backlight
00002d49   contrast
00002d4a   Dogs102x6_initMacro
00002d5a   names
00002e22   output
00002e34   path
00002e66   pathLengths
00002e70   nameLengths
00002ea2   numNames
00002ea3   namesIndex
00002ea4   listIndex
00002ea5   selectedIndex
00002ea6   selectedLength
00002ea8   buff
00002faa   bMcsCommandSupported
00002fac   bMscCbwReceived
00002fae   xBufferAddr
00002fb2   yBufferAddr
00002fb6   sRwbuf
00002fc4   Scsi_Residue
00002fc8   McsCbw
00002fe8   McsCsw
00002ff6   RequestSenseResponse
00003016   MscWriteControl
00003036   MscReadControl
00003052   MscControl
00003058   sCtrlLun
0000305a   bUnitAttention
0000305b   bMscCbwFailed
0000305c   Scsi_Standard_Inquiry_Data
0000315c   bMscResetRequired
0000315e   Scsi_Read_Capacity_10
00003166   Scsi_Mode_Sense_6
0000316a   Scsi_Mode_Sense_10
00003172   Scsi_Read_Format_Capacity
00003180   wBytesRemainingOnIEP0
00003182   wBytesRemainingOnOEP0
0000318e   abUsbRequestReturnData
00003196   abUsbRequestIncomingData
0000319e   abramSerialStringDescriptor
000031c0   bStatusAction
000031c1   bFunctionSuspended
000031c2   bEnumerationStatus
000031c4   wUsbEventMask
00003218   USBMSC_config
00003237   accelData
00003238   RevID
00003239   Cma3000_xAccel
0000323a   Cma3000_yAccel
0000323b   Cma3000_zAccel
0000323c   Cma3000_xAccel_offset
0000323d   Cma3000_yAccel_offset
0000323e   Cma3000_zAccel_offset
00003240   USB_TX_memcpy
00003244   USB_RX_memcpy
00003248   _lock
0000324c   _unlock
00003250   _cleanup_ptr
00003254   _dtors_ptr
0000325e   buttonDebounce
00003260   buttonsPressed
00003262   positionData
00003264   positionDataOld
00003266   INS
00003269   bDetectCard
0000326a   timeoutCounter
0000326c   isMSCConfigured
00003270   __end__
00003270   end
00004360   _stack
00004400   __STACK_END
00004400   iUsbInterruptHandler
00004578   UNMI_ISR
000045b6   Port1_ISR
000045f2   Port2_ISR
0000462e   _c_int00
0000462e   _c_int00_noexit
00004658   WDT_ISR
00004672   ADC12_ISR
00004688   __cinit__
00004688   cinit
00005104   USBMSC_bufferProcessed
000053cc   f_open
000055f4   f_read
000057e2   Scsi_Cmd_Parser
00005b76   USBMSC_updateMediaInfo
00005d18   MSCFromHostToBuffer
00005eb6   put_fat
000061d0   SDCard
0000634e   CdcToHostFromBuffer
0000662a   HidToHostFromBuffer
00006796   MSCToHostFromBuffer
000068f8   f_sync
00006a54   HidToBufferFromHost
00006bae   USB_reset
00006d06   get_fat
00006e4c   main
00006f90   disk_initialize
000070cc   CdcToBufferFromHost
000071fa   Scsi_Inquiry
0000743c   USBMSC_poll
00007716   disk_ioctl
000078e8   Board_init
000079cc   Init_FLL
00007ab0   ActiveFile
00007b8c   USB_InitSerialStringDescriptor
00007c66   f_opendir
00007d3e   Scsi_Request_Sense
00007e0e   Check_CBW
00007faa   disk_write
00008070   GetDirectory
00008132   Scsi_Write10
000081f2   Scsi_Read10
000082b0   MassStorage
000084d8   ActiveDirectory
00008584   SDDisplay
000086d0   Menu_active
00008772   disk_read
00008812   usbDecodeAndProcessUsbRequest
000088aa   USB_connectionState
00008a5c   Dogs102x6_charDraw
00008ae6   USB_enable
00008b6e   validateCSD
00008bf4   CopyUsbToBuff
00008c78   HidCopyUsbToBuff
00008d78   Dogs102x6_stringDraw
00008df2   GetFile
00008e6c   Scsi_Unknown_Request
00008ee6   Dogs102x6_init
00008f5e   usbSendNextPacketOnIEP0
00008fd2   read_LUN0
00009042   usbGetEndpointStatus
000090b2   Dogs102x6_writeData
00009120   MscCopyUsbToBuff
000091fc   write_LUN0
000092d4   f_readdir
0000933c   usbClearEndpointFeature
000093a4   Msc_ResetStruct
00009408   Reset_RequestSenseResponse
0000946c   ClearTempData
000094ce   Get_TLV_Info
00009530   MscSendData
00009590   Scsi_Verify_CBW
000095ec   _auto_init
00009648   strncpy
000096a4   checkInsertionRemoval
000096fe   msc_Init
00009758   Dogs102x6_setAddress
000097b0   __divul
000097b0   __remul
00009808   Dogs102x6_clearRow
0000985e   USB_init
000098b4   Wheel_getValue
0000995c   Board_ledOff
000099aa   Board_ledOn
000099f8   OEP0InterruptHandler
00009a94   msc_Loop
00009ae0   SDCard_init
00009b2a   die
00009b74   strncat
00009bbe   Dogs102x6_clearImage
00009c06   PWRVBUSoffHandler
00009c4e   SetupPacketInterruptHandler
00009c96   usbReceiveNextPacketOnOEP0
00009cde   usbGetStringDescriptor
00009d22   usbSetEndpointFeature
00009d66   ClockUSB
00009da8   USBMSC_reset
00009dea   Dogs102x6_imageDraw
00009e2a   lab5
00009e6a   usbGetLineCoding0
00009eaa   usbSetInterface
00009eea   Dogs102x6_setBacklight
00009f28   SetVCore
00009f66   USBMSC_getState
00009fa4   clust2sect
00009fe2   L_LSL_15
00009fe6   L_LSL_14
00009fea   L_LSL_13
00009fee   L_LSL_12
00009ff2   L_LSL_11
00009ff6   L_LSL_10
00009ffa   L_LSL_9
00009ffe   L_LSL_8
0000a002   L_LSL_7
0000a006   L_LSL_6
0000a00a   L_LSL_5
0000a00e   L_LSL_4
0000a012   L_LSL_3
0000a016   L_LSL_2
0000a01a   L_LSL_1
0000a020   L_LSR_15
0000a024   L_LSR_14
0000a028   L_LSR_13
0000a02c   L_LSR_12
0000a030   L_LSR_11
0000a034   L_LSR_10
0000a038   L_LSR_9
0000a03c   L_LSR_8
0000a040   L_LSR_7
0000a044   L_LSR_6
0000a048   L_LSR_5
0000a04c   L_LSR_4
0000a050   L_LSR_3
0000a054   L_LSR_2
0000a058   L_LSR_1
0000a05e   Dogs102x6_writeCommand
0000a09a   Scsi_Send_CSW
0000a0d6   LFXT_Start
0000a10e   Dogs102x6_clearScreen
0000a144   PWRVBUSonHandler
0000a17a   Scsi_Mode_Sense10
0000a1b0   Scsi_Mode_Sense6
0000a1e6   Wheel_getPosition
0000a21c   CdcIsReceiveInProgress
0000a24e   Dogs102x6_setContrast
0000a280   HidIsReceiveInProgress
0000a2b2   Init_FLL_Settle
0000a2e4   SDCard_readFrame
0000a316   USB_connectionInfo
0000a348   USB_suspend
0000a3ac   Dogs102x6_backlightInit
0000a3dc   XT2_Start
0000a40c   detectCard
0000a46c   Handler_SetLineCoding0
0000a49a   Handler_SetLineCoding1
0000a4c8   Handler_SetLineCoding2
0000a4f6   MscResetData
0000a524   USBMSC_registerBufInfo
0000a552   f_mount
0000a580   usbStallEndpoint
0000a5ae   Scsi_Read_Capacity10
0000a5da   memcpyDMA0
0000a606   usbGetHidDescriptor
0000a65e   CdcResetData
0000a688   HidResetData
0000a6b2   memcpy
0000a6dc   strcat
0000a706   SDCard_sendFrame
0000a72e   SET_RequestsenseMediaNotPresent
0000a756   SET_RequestsenseNotReady
0000a77e   Scsi_Report_Luns
0000a7a6   USB_connect
0000a7ce   USB_initMemcpy
0000a7f6   usbGetDeviceStatus
0000a81e   Wheel_init
0000a844   USB_disable
0000a866   __mpyl_f5hw
0000a888   disk_status
0000a8a8   memset
0000a8c8   usbSendDataPacketOnEP0
0000a8e8   usbSetConfiguration
0000a906   IEP0InterruptHandler
0000a922   strlen
0000a93c   usbGetInterface
0000a956   usbGetInterfaceStatus
0000a970   usbSetAddress
0000a98a   Get_MaxLUN
0000a9a2   USB_resume
0000a9d2   Scsi_Test_Unit_Ready
0000a9fe   f_close
0000aa14   __divu
0000aa14   __remu
0000aa2a   __mpyi_f5hw
0000aa40   usbGetReport
0000aa56   USB_handleVbusOnEvent
0000aa7e   usbClearOEPByteCount
0000aa92   usbStallInEndpoint
0000aaa6   usbStallOutEndpoint
0000aaba   Buttons_interruptEnable
0000aacc   SDCard_fastMode
0000ab02   usbClearDeviceFeature
0000ab14   usbGetConfigurationDescriptor
0000ab26   usbGetDeviceDescriptor
0000ab38   usbReceiveDataPacketOnEP0
0000ab4a   usbSetDeviceFeature
0000ab5c   Buttons_startWDT
0000ab6c   L_LSL
0000ab7c   usbGetConfiguration
0000ab8c   Buttons_init
0000ab9a   Cma3000_setAccel_offset
0000aba8   Msc_ResetStateMachine
0000abb6   usbGetReportDescriptor
0000abc4   usbSendZeroLengthPacketOnIEP0
0000abd2   MscResetCtrlLun
0000abde   usbInvalidRequest
0000abea   _system_pre_init
0000abf4   get_fattime
0000abfe   I_ASR
0000ac08   I_LSL
0000ac12   I_LSR
0000ac1c   usbStallEndpoint0
0000ac26   Handler_InFeature
0000ac2e   SDCard_setCSHigh
0000ac36   SDCard_setCSLow
0000ac3e   USB_setEnabledEvents
0000ac46   usbSetLineCoding0
0000ac4e   usbSetReport
0000ac56   Msc_ResetFlags
0000ac5c   USBMSC_fetchInfoStruct
0000ac62   usbClearOEP0ByteCount
0000ac68   usbStallOEP0
0000ac6e   USBCDC_handleDataReceived
0000ac72   USBCDC_handleReceiveCompleted
0000ac76   USBCDC_handleSendCompleted
0000ac7a   USBHID_handleDataReceived
0000ac7e   USBHID_handleReceiveCompleted
0000ac82   USBHID_handleSendCompleted
0000ac86   USBMSC_handleBufferEvent
0000ac8a   USB_handleClockEvent
0000ac8e   USB_handleEnumCompleteEvent
0000ac92   USB_handleResetEvent
0000ac96   USB_handleResumeEvent
0000ac9a   USB_handleSuspendEvent
0000ac9e   USB_handleVbusOffEvent
0000aca2   C$$EXIT
0000aca2   abort
0000acaa   usbSetControlLineState
0000acb2   Handler_InReport
0000acb4   _nop
0000b3a8   tUsbRequestList
0000b628   abromStringDescriptor
0000b71c   abromConfigurationDescriptorGroup
0000b82a   abromReportDescriptor
0000b85e   stUsbHandle
0000b8ba   bScsi_Standard_Inquiry_Data
0000b8f0   abromDeviceDescriptor
0000b912   Report_Luns
0000b92e   BYTES_PER_BLOCK
0000fffe   _reset_vector
ffffffff   .text
ffffffff   __binit__
ffffffff   __c_args__
ffffffff   __etext__
ffffffff   __pinit__
ffffffff   __text__
ffffffff   binit
ffffffff   etext
ffffffff   pinit

[1111 symbols]
