******************************************************************************
                  MSP430 Linker PC v4.0.0                      
******************************************************************************
>> Linked Wed Aug 29 17:43:43 2012

OUTPUT FILE NAME:   <LAB4.out>
ENTRY POINT SYMBOL: "_c_int00"  address: 0000462e


MEMORY CONFIGURATION

         name            origin    length      used     unused   attr    fill
----------------------  --------  ---------  --------  --------  ----  --------
  SFR                   00000000   00000010  00000000  00000010  RWIX
  PERIPHERALS_8BIT      00000010   000000f0  00000000  000000f0  RWIX
  PERIPHERALS_16BIT     00000100   00000100  00000000  00000100  RWIX
  INFOD                 00001800   00000080  00000000  00000080  RWIX
  INFOC                 00001880   00000080  00000000  00000080  RWIX
  INFOB                 00001900   00000080  00000000  00000080  RWIX
  INFOA                 00001980   00000080  00000000  00000080  RWIX
  RAM                   00002400   00002000  00000d3e  000012c2  RWIX
  FLASH                 00004400   0000bb80  00004dd2  00006dae  RWIX
  INT00                 0000ff80   00000002  00000000  00000002  RWIX
  INT01                 0000ff82   00000002  00000000  00000002  RWIX
  INT02                 0000ff84   00000002  00000000  00000002  RWIX
  INT03                 0000ff86   00000002  00000000  00000002  RWIX
  INT04                 0000ff88   00000002  00000000  00000002  RWIX
  INT05                 0000ff8a   00000002  00000000  00000002  RWIX
  INT06                 0000ff8c   00000002  00000000  00000002  RWIX
  INT07                 0000ff8e   00000002  00000000  00000002  RWIX
  INT08                 0000ff90   00000002  00000000  00000002  RWIX
  INT09                 0000ff92   00000002  00000000  00000002  RWIX
  INT10                 0000ff94   00000002  00000000  00000002  RWIX
  INT11                 0000ff96   00000002  00000000  00000002  RWIX
  INT12                 0000ff98   00000002  00000000  00000002  RWIX
  INT13                 0000ff9a   00000002  00000000  00000002  RWIX
  INT14                 0000ff9c   00000002  00000000  00000002  RWIX
  INT15                 0000ff9e   00000002  00000000  00000002  RWIX
  INT16                 0000ffa0   00000002  00000000  00000002  RWIX
  INT17                 0000ffa2   00000002  00000000  00000002  RWIX
  INT18                 0000ffa4   00000002  00000000  00000002  RWIX
  INT19                 0000ffa6   00000002  00000000  00000002  RWIX
  INT20                 0000ffa8   00000002  00000000  00000002  RWIX
  INT21                 0000ffaa   00000002  00000000  00000002  RWIX
  INT22                 0000ffac   00000002  00000000  00000002  RWIX
  INT23                 0000ffae   00000002  00000000  00000002  RWIX
  INT24                 0000ffb0   00000002  00000000  00000002  RWIX
  INT25                 0000ffb2   00000002  00000000  00000002  RWIX
  INT26                 0000ffb4   00000002  00000000  00000002  RWIX
  INT27                 0000ffb6   00000002  00000000  00000002  RWIX
  INT28                 0000ffb8   00000002  00000000  00000002  RWIX
  INT29                 0000ffba   00000002  00000000  00000002  RWIX
  INT30                 0000ffbc   00000002  00000000  00000002  RWIX
  INT31                 0000ffbe   00000002  00000000  00000002  RWIX
  INT32                 0000ffc0   00000002  00000000  00000002  RWIX
  INT33                 0000ffc2   00000002  00000000  00000002  RWIX
  INT34                 0000ffc4   00000002  00000000  00000002  RWIX
  INT35                 0000ffc6   00000002  00000000  00000002  RWIX
  INT36                 0000ffc8   00000002  00000000  00000002  RWIX
  INT37                 0000ffca   00000002  00000000  00000002  RWIX
  INT38                 0000ffcc   00000002  00000000  00000002  RWIX
  INT39                 0000ffce   00000002  00000000  00000002  RWIX
  INT40                 0000ffd0   00000002  00000000  00000002  RWIX
  INT41                 0000ffd2   00000002  00000000  00000002  RWIX
  INT42                 0000ffd4   00000002  00000002  00000000  RWIX
  INT43                 0000ffd6   00000002  00000000  00000002  RWIX
  INT44                 0000ffd8   00000002  00000000  00000002  RWIX
  INT45                 0000ffda   00000002  00000000  00000002  RWIX
  INT46                 0000ffdc   00000002  00000000  00000002  RWIX
  INT47                 0000ffde   00000002  00000002  00000000  RWIX
  INT48                 0000ffe0   00000002  00000000  00000002  RWIX
  INT49                 0000ffe2   00000002  00000000  00000002  RWIX
  INT50                 0000ffe4   00000002  00000000  00000002  RWIX
  INT51                 0000ffe6   00000002  00000002  00000000  RWIX
  INT52                 0000ffe8   00000002  00000000  00000002  RWIX
  INT53                 0000ffea   00000002  00000000  00000002  RWIX
  INT54                 0000ffec   00000002  00000002  00000000  RWIX
  INT55                 0000ffee   00000002  00000000  00000002  RWIX
  INT56                 0000fff0   00000002  00000000  00000002  RWIX
  INT57                 0000fff2   00000002  00000002  00000000  RWIX
  INT58                 0000fff4   00000002  00000000  00000002  RWIX
  INT59                 0000fff6   00000002  00000000  00000002  RWIX
  INT60                 0000fff8   00000002  00000000  00000002  RWIX
  INT61                 0000fffa   00000002  00000002  00000000  RWIX
  INT62                 0000fffc   00000002  00000000  00000002  RWIX
  RESET                 0000fffe   00000002  00000002  00000000  RWIX
  FLASH2                00010000   00014400  00000000  00014400  RWIX


SECTION ALLOCATION MAP

 output                                  attributes/
section   page    origin      length       input sections
--------  ----  ----------  ----------   ----------------
.pinit     0    00004400    00000000     UNINITIALIZED

.bss       0    00002400    00000c9e     UNINITIALIZED
                  00002400    00000614     MSP-EXP430F5529_UE.lib : MassStorageCommon.obj (.bss)
                  00002a14    00000346                            : HAL_Dogs102x6.obj (.bss)
                  00002d5a    000001d6                            : UsbMscScsi.obj (.bss)
                  00002f30    00000082     lab4.obj (.bss)
                  00002fb2    00000048     MSP-EXP430F5529_UE.lib : usb.obj (.bss)
                  00002ffa    0000002e                            : UsbCdc.obj (.bss)
                  00003028    00000024                            : UsbHid.obj (.bss)
                  0000304c    0000001f     UsbMscUser.obj (.bss)
                  0000306b    00000008     MSP-EXP430F5529_UE.lib : HAL_Cma3000.obj (.bss)
                  00003073    00000001                            : MassStorage.obj (.bss)
                  00003074    00000008                            : dma.obj (.bss)
                  0000307c    00000008     rts430xl.lib : _lock.obj (.bss)
                  00003084    00000008                  : boot.obj (.bss)
                  0000308c    00000004     MSP-EXP430F5529_UE.lib : HAL_Buttons.obj (.bss)
                  00003090    00000004                            : HAL_Wheel.obj (.bss)
                  00003094    00000003                            : mmc.obj (.bss)
                  00003097    00000001                            : UsbHidReq.obj (.bss)
                  00003098    00000002     LAB4main.obj (.bss)
                  0000309a    00000002     MSP-EXP430F5529_UE.lib : UsbMscReq.obj (.bss)
                  0000309c    00000002                            : UsbMscStateMachine.obj (.bss)

.stack     0    00004360    000000a0     UNINITIALIZED
                  00004360    00000004     rts430xl.lib : boot.obj (.stack)
                  00004364    0000009c     --HOLE--

.text:_isr 
*          0    00004400    00000288     
                  00004400    00000178     UsbIsr.obj (.text:_isr:iUsbInterruptHandler)
                  00004578    0000003e     lab4.obj (.text:_isr:UNMI_ISR)
                  000045b6    0000003c     MSP-EXP430F5529_UE.lib : HAL_Buttons.obj (.text:_isr:Port1_ISR)
                  000045f2    0000003c                            : HAL_Buttons.obj (.text:_isr:Port2_ISR)
                  0000462e    0000002a     rts430xl.lib : boot.obj (.text:_isr:_c_int00_noexit)
                  00004658    0000001a     MSP-EXP430F5529_UE.lib : HAL_Buttons.obj (.text:_isr:WDT_ISR)
                  00004672    00000016                            : HAL_Wheel.obj (.text:_isr:ADC12_ISR)

.cinit     0    00004688    00000132     
                  00004688    00000052     MSP-EXP430F5529_UE.lib : UsbMscScsi.obj (.cinit)
                  000046da    00000036                            : HAL_Dogs102x6.obj (.cinit)
                  00004710    00000026     UsbMscUser.obj (.cinit)
                  00004736    00000021     MSP-EXP430F5529_UE.lib : UsbCdc.obj (.cinit)
                  00004757    00000001     --HOLE-- [fill = 0]
                  00004758    00000017                            : usb.obj (.cinit)
                  0000476f    00000001     --HOLE-- [fill = 0]
                  00004770    00000010                            : HAL_Buttons.obj (.cinit)
                  00004780    0000000f                            : MassStorageCommon.obj (.cinit)
                  0000478f    00000001     --HOLE-- [fill = 0]
                  00004790    0000000f                            : mmc.obj (.cinit)
                  0000479f    00000001     --HOLE-- [fill = 0]
                  000047a0    00000008                            : UsbMscReq.obj (.cinit)
                  000047a8    00000008                            : UsbMscStateMachine.obj (.cinit)
                  000047b0    00000007                            : MassStorage.obj (.cinit)
                  000047b7    00000001     --HOLE-- [fill = 0]
                  000047b8    00000002     (.pad.cinit) [fill = 0]

.text      0    000047ba    00004186     
                  000047ba    000002c8     MSP-EXP430F5529_UE.lib : UsbMscScsi.obj (.text:USBMSC_bufferProcessed)
                  00004a82    000001f4                            : UsbCdc.obj (.text:USBCDC_receiveData)
                  00004c76    000001e6                            : UsbMscScsi.obj (.text:Scsi_Cmd_Parser)
                  00004e5c    000001a2                            : UsbMscScsi.obj (.text:USBMSC_updateMediaInfo)
                  00004ffe    0000019e                            : UsbMscScsi.obj (.text:MSCFromHostToBuffer)
                  0000519c    00000194     lab4.obj (.text:lab4)
                  00005330    0000016e     MSP-EXP430F5529_UE.lib : UsbCdc.obj (.text:CdcToHostFromBuffer)
                  0000549e    0000016c                            : UsbHid.obj (.text:HidToHostFromBuffer)
                  0000560a    00000162                            : UsbMscScsi.obj (.text:MSCToHostFromBuffer)
                  0000576c    0000015a                            : UsbHid.obj (.text:HidToBufferFromHost)
                  000058c6    00000158                            : usb.obj (.text:USB_reset)
                  00005a1e    00000144     LAB4main.obj (.text:main)
                  00005b62    0000013c     MSP-EXP430F5529_UE.lib : mmc.obj (.text:disk_initialize)
                  00005c9e    0000012e                            : UsbCdc.obj (.text:CdcToBufferFromHost)
                  00005dcc    00000124                            : UsbMscScsi.obj (.text:Scsi_Inquiry)
                  00005ef0    000000fa                            : UsbMscStateMachine.obj (.text:USBMSC_poll)
                  00005fea    000000ea                            : mmc.obj (.text:disk_ioctl)
                  000060d4    000000e4                            : HAL_Board.obj (.text:Board_init)
                  000061b8    000000e4                            : HAL_UCS.obj (.text:Init_FLL)
                  0000629c    000000dc                            : UsbCdc.obj (.text:USBCDC_intfStatus)
                  00006378    000000da                            : usb.obj (.text:USB_InitSerialStringDescriptor)
                  00006452    000000d0                            : UsbMscScsi.obj (.text:Scsi_Request_Sense)
                  00006522    000000ce                            : UsbMscScsi.obj (.text:Check_CBW)
                  000065f0    000000ce                            : HAL_PMM.obj (.text:SetVCoreUp)
                  000066be    000000c6                            : mmc.obj (.text:disk_write)
                  00006784    000000c0                            : UsbMscScsi.obj (.text:Scsi_Write10)
                  00006844    000000be                            : UsbMscScsi.obj (.text:Scsi_Read10)
                  00006902    000000b2                            : mmc.obj (.text:send_cmd)
                  000069b4    000000a0                            : mmc.obj (.text:disk_read)
                  00006a54    00000098                            : UsbCdc.obj (.text:USBCDC_bytesInUSBBuffer)
                  00006aec    00000098                            : usb.obj (.text:usbDecodeAndProcessUsbRequest)
                  00006b84    00000096                            : usb.obj (.text:USB_connectionState)
                  00006c1a    00000090                            : UsbCdc.obj (.text:USBCDC_sendData)
                  00006caa    0000008c                            : HAL_PMM.obj (.text:SetVCoreDown)
                  00006d36    0000008a                            : HAL_Dogs102x6.obj (.text:Dogs102x6_charDraw)
                  00006dc0    00000088                            : usb.obj (.text:USB_enable)
                  00006e48    00000086                            : mmc.obj (.text:validateCSD)
                  00006ece    00000084                            : UsbCdc.obj (.text:CopyUsbToBuff)
                  00006f52    00000084                            : UsbHid.obj (.text:HidCopyUsbToBuff)
                  00006fd6    0000007a                            : HAL_Dogs102x6.obj (.text:Dogs102x6_stringDraw)
                  00007050    0000007a                            : UsbMscScsi.obj (.text:Scsi_Unknown_Request)
                  000070ca    00000078                            : HAL_Dogs102x6.obj (.text:Dogs102x6_init)
                  00007142    00000074                            : usb.obj (.text:usbSendNextPacketOnIEP0)
                  000071b6    00000070                            : MassStorageCommon.obj (.text:read_LUN0)
                  00007226    00000070                            : usb.obj (.text:usbGetEndpointStatus)
                  00007296    0000006e                            : HAL_Dogs102x6.obj (.text:Dogs102x6_writeData)
                  00007304    0000006e                            : UsbMscScsi.obj (.text:MscCopyUsbToBuff)
                  00007372    0000006e     usbConstructs.obj (.text:cdcSendDataInBackground)
                  000073e0    0000006e     MSP-EXP430F5529_UE.lib : MassStorageCommon.obj (.text:write_LUN0)
                  0000744e    00000068                            : usb.obj (.text:usbClearEndpointFeature)
                  000074b6    00000064                            : UsbMscScsi.obj (.text:Msc_ResetStruct)
                  0000751a    00000064                            : UsbMscScsi.obj (.text:Reset_RequestSenseResponse)
                  0000757e    00000062                            : HAL_TLV.obj (.text:Get_TLV_Info)
                  000075e0    00000060                            : UsbMscScsi.obj (.text:MscSendData)
                  00007640    0000005c                            : UsbMscScsi.obj (.text:Scsi_Verify_CBW)
                  0000769c    0000005c     rts430xl.lib : autoinit.obj (.text:_auto_init)
                  000076f8    0000005a     MSP-EXP430F5529_UE.lib : MassStorageCommon.obj (.text:checkInsertionRemoval)
                  00007752    0000005a                            : MassStorageCommon.obj (.text:msc_Init)
                  000077ac    00000058                            : HAL_Dogs102x6.obj (.text:Dogs102x6_setAddress)
                  00007804    00000056                            : usb.obj (.text:USB_init)
                  0000785a    00000054                            : mmc.obj (.text:xmit_datablock)
                  000078ae    0000004e                            : HAL_Board.obj (.text:Board_ledOff)
                  000078fc    0000004e     UsbIsr.obj (.text:OEP0InterruptHandler)
                  0000794a    0000004e     MSP-EXP430F5529_UE.lib : mmc.obj (.text:rcvr_datablock)
                  00007998    0000004c                            : MassStorageCommon.obj (.text:msc_Loop)
                  000079e4    0000004a                            : HAL_SDCard.obj (.text:SDCard_init)
                  00007a2e    00000048     UsbIsr.obj (.text:PWRVBUSoffHandler)
                  00007a76    00000048     UsbIsr.obj (.text:SetupPacketInterruptHandler)
                  00007abe    00000048     MSP-EXP430F5529_UE.lib : usb.obj (.text:usbReceiveNextPacketOnOEP0)
                  00007b06    00000044                            : usb.obj (.text:usbGetStringDescriptor)
                  00007b4a    00000044                            : usb.obj (.text:usbSetEndpointFeature)
                  00007b8e    00000042                            : MassStorageCommon.obj (.text:ClockUSB)
                  00007bd0    00000042                            : UsbMscReq.obj (.text:USBMSC_reset)
                  00007c12    00000040                            : HAL_Dogs102x6.obj (.text:Dogs102x6_imageDraw)
                  00007c52    00000040     usbConstructs.obj (.text:cdcReceiveDataInBuffer)
                  00007c92    00000040     MSP-EXP430F5529_UE.lib : UsbCdc.obj (.text:usbGetLineCoding0)
                  00007cd2    00000040                            : usb.obj (.text:usbSetInterface)
                  00007d12    0000003e                            : HAL_Dogs102x6.obj (.text:Dogs102x6_setBacklight)
                  00007d50    0000003e                            : HAL_PMM.obj (.text:SetVCore)
                  00007d8e    0000003e                            : UsbMscScsi.obj (.text:USBMSC_getState)
                  00007dcc    0000003e     rts430xl.lib : lsl32.obj (.text:l_lsl_const)
                  00007e0a    0000003e                  : lsr32.obj (.text:l_lsr_const)
                  00007e48    0000003c     MSP-EXP430F5529_UE.lib : HAL_Dogs102x6.obj (.text:Dogs102x6_writeCommand)
                  00007e84    0000003c                            : UsbMscScsi.obj (.text:Scsi_Send_CSW)
                  00007ec0    00000038                            : HAL_UCS.obj (.text:LFXT_Start)
                  00007ef8    00000036                            : HAL_Dogs102x6.obj (.text:Dogs102x6_clearScreen)
                  00007f2e    00000036     UsbIsr.obj (.text:PWRVBUSonHandler)
                  00007f64    00000036     MSP-EXP430F5529_UE.lib : UsbMscScsi.obj (.text:Scsi_Mode_Sense10)
                  00007f9a    00000036                            : UsbMscScsi.obj (.text:Scsi_Mode_Sense6)
                  00007fd0    00000032                            : UsbCdc.obj (.text:CdcIsReceiveInProgress)
                  00008002    00000032                            : HAL_Dogs102x6.obj (.text:Dogs102x6_setContrast)
                  00008034    00000032                            : UsbHid.obj (.text:HidIsReceiveInProgress)
                  00008066    00000032                            : HAL_UCS.obj (.text:Init_FLL_Settle)
                  00008098    00000032                            : HAL_SDCard.obj (.text:SDCard_readFrame)
                  000080ca    00000032                            : usb.obj (.text:USB_connectionInfo)
                  000080fc    00000032                            : usb.obj (.text:USB_suspend)
                  0000812e    00000032                            : mmc.obj (.text:wait_ready)
                  00008160    00000030                            : HAL_Dogs102x6.obj (.text:Dogs102x6_backlightInit)
                  00008190    00000030                            : HAL_UCS.obj (.text:XT2_Start)
                  000081c0    00000030                            : mmc.obj (.text:detectCard)
                  000081f0    0000002e                            : UsbCdc.obj (.text:Handler_SetLineCoding0)
                  0000821e    0000002e                            : UsbCdc.obj (.text:Handler_SetLineCoding1)
                  0000824c    0000002e                            : UsbCdc.obj (.text:Handler_SetLineCoding2)
                  0000827a    0000002e                            : UsbMscScsi.obj (.text:MscResetData)
                  000082a8    0000002e                            : UsbMscScsi.obj (.text:USBMSC_registerBufInfo)
                  000082d6    0000002e                            : UsbMscScsi.obj (.text:usbStallEndpoint)
                  00008304    0000002c                            : UsbMscScsi.obj (.text:Scsi_Read_Capacity10)
                  00008330    0000002c                            : dma.obj (.text:memcpyDMA0)
                  0000835c    0000002c                            : UsbHidReq.obj (.text:usbGetHidDescriptor)
                  00008388    0000002a                            : UsbCdc.obj (.text:CdcResetData)
                  000083b2    0000002a                            : UsbHid.obj (.text:HidResetData)
                  000083dc    0000002a     rts430xl.lib : memcpy.obj (.text:memcpy)
                  00008406    00000028     MSP-EXP430F5529_UE.lib : HAL_SDCard.obj (.text:SDCard_sendFrame)
                  0000842e    00000028                            : UsbMscScsi.obj (.text:SET_RequestsenseMediaNotPresent)
                  00008456    00000028                            : UsbMscScsi.obj (.text:SET_RequestsenseNotReady)
                  0000847e    00000028                            : UsbMscScsi.obj (.text:Scsi_Report_Luns)
                  000084a6    00000028                            : usb.obj (.text:USB_connect)
                  000084ce    00000028                            : dma.obj (.text:USB_initMemcpy)
                  000084f6    00000028                            : usb.obj (.text:usbGetDeviceStatus)
                  0000851e    00000026                            : HAL_Wheel.obj (.text:Wheel_init)
                  00008544    00000022                            : usb.obj (.text:USB_disable)
                  00008566    00000022     rts430xl.lib : mult32_f5hw.obj (.text)
                  00008588    00000020     MSP-EXP430F5529_UE.lib : mmc.obj (.text:disk_status)
                  000085a8    00000020     rts430xl.lib : memset.obj (.text:memset)
                  000085c8    00000020     MSP-EXP430F5529_UE.lib : usb.obj (.text:usbSendDataPacketOnEP0)
                  000085e8    0000001e                            : usb.obj (.text:usbSetConfiguration)
                  00008606    0000001c     UsbIsr.obj (.text:IEP0InterruptHandler)
                  00008622    0000001a     MSP-EXP430F5529_UE.lib : usb.obj (.text:usbGetInterface)
                  0000863c    0000001a                            : usb.obj (.text:usbGetInterfaceStatus)
                  00008656    0000001a                            : usb.obj (.text:usbSetAddress)
                  00008670    00000018                            : UsbMscReq.obj (.text:Get_MaxLUN)
                  00008688    00000018                            : usb.obj (.text:USB_resume)
                  000086a0    00000018                            : mmc.obj (.text:select)
                  000086b8    00000016                            : UsbMscScsi.obj (.text:Scsi_Test_Unit_Ready)
                  000086ce    00000016     rts430xl.lib : div16u.obj (.text)
                  000086e4    00000016                  : mult16_f5hw.obj (.text)
                  000086fa    00000016     MSP-EXP430F5529_UE.lib : UsbHidReq.obj (.text:usbGetReport)
                  00008710    00000014     usb_eventHandling.obj (.text:USB_handleVbusOnEvent)
                  00008724    00000014     MSP-EXP430F5529_UE.lib : UsbMscScsi.obj (.text:usbClearOEPByteCount)
                  00008738    00000014                            : UsbMscScsi.obj (.text:usbStallInEndpoint)
                  0000874c    00000014                            : UsbMscScsi.obj (.text:usbStallOutEndpoint)
                  00008760    00000012                            : HAL_Buttons.obj (.text:Buttons_interruptEnable)
                  00008772    00000012                            : HAL_SDCard.obj (.text:SDCard_fastMode)
                  00008784    00000012                            : mmc.obj (.text:deselect)
                  00008796    00000012                            : usb.obj (.text:usbClearDeviceFeature)
                  000087a8    00000012                            : usb.obj (.text:usbGetConfigurationDescriptor)
                  000087ba    00000012                            : usb.obj (.text:usbGetDeviceDescriptor)
                  000087cc    00000012                            : usb.obj (.text:usbReceiveDataPacketOnEP0)
                  000087de    00000012                            : usb.obj (.text:usbSetDeviceFeature)
                  000087f0    00000010                            : HAL_Buttons.obj (.text:Buttons_startWDT)
                  00008800    00000010     rts430xl.lib : lsl32.obj (.text:l_lsl)
                  00008810    00000010     MSP-EXP430F5529_UE.lib : usb.obj (.text:usbGetConfiguration)
                  00008820    0000000e                            : HAL_Buttons.obj (.text:Buttons_init)
                  0000882e    0000000e                            : HAL_Cma3000.obj (.text:Cma3000_setAccel_offset)
                  0000883c    0000000e                            : UsbMscStateMachine.obj (.text:Msc_ResetStateMachine)
                  0000884a    0000000e                            : UsbHidReq.obj (.text:usbGetReportDescriptor)
                  00008858    0000000e                            : usb.obj (.text:usbSendZeroLengthPacketOnIEP0)
                  00008866    0000000c                            : UsbMscScsi.obj (.text:MscResetCtrlLun)
                  00008872    0000000c                            : usb.obj (.text:usbInvalidRequest)
                  0000887e    0000000a     system_pre_init.obj (.text:_system_pre_init)
                  00008888    0000000a     rts430xl.lib : asr16.obj (.text)
                  00008892    0000000a                  : lsl16.obj (.text)
                  0000889c    0000000a                  : lsr16.obj (.text)
                  000088a6    0000000a     MSP-EXP430F5529_UE.lib : usb.obj (.text:usbStallEndpoint0)
                  000088b0    00000008                            : UsbHidReportHandler.obj (.text:Handler_InFeature)
                  000088b8    00000008                            : HAL_SDCard.obj (.text:SDCard_setCSHigh)
                  000088c0    00000008                            : HAL_SDCard.obj (.text:SDCard_setCSLow)
                  000088c8    00000008                            : usb.obj (.text:USB_setEnabledEvents)
                  000088d0    00000008                            : UsbCdc.obj (.text:usbSetLineCoding0)
                  000088d8    00000008                            : UsbHidReq.obj (.text:usbSetReport)
                  000088e0    00000006                            : UsbMscScsi.obj (.text:Msc_ResetFlags)
                  000088e6    00000006                            : UsbMscScsi.obj (.text:USBMSC_fetchInfoStruct)
                  000088ec    00000006                            : usb.obj (.text:usbClearOEP0ByteCount)
                  000088f2    00000006                            : usb.obj (.text:usbStallOEP0)
                  000088f8    00000004     usb_eventHandling.obj (.text:USBCDC_handleDataReceived)
                  000088fc    00000004     usb_eventHandling.obj (.text:USBCDC_handleReceiveCompleted)
                  00008900    00000004     usb_eventHandling.obj (.text:USBCDC_handleSendCompleted)
                  00008904    00000004     usb_eventHandling.obj (.text:USBHID_handleDataReceived)
                  00008908    00000004     usb_eventHandling.obj (.text:USBHID_handleReceiveCompleted)
                  0000890c    00000004     usb_eventHandling.obj (.text:USBHID_handleSendCompleted)
                  00008910    00000004     usb_eventHandling.obj (.text:USBMSC_handleBufferEvent)
                  00008914    00000004     usb_eventHandling.obj (.text:USB_handleClockEvent)
                  00008918    00000004     usb_eventHandling.obj (.text:USB_handleEnumCompleteEvent)
                  0000891c    00000004     usb_eventHandling.obj (.text:USB_handleResetEvent)
                  00008920    00000004     usb_eventHandling.obj (.text:USB_handleResumeEvent)
                  00008924    00000004     usb_eventHandling.obj (.text:USB_handleSuspendEvent)
                  00008928    00000004     usb_eventHandling.obj (.text:USB_handleVbusOffEvent)
                  0000892c    00000004     rts430xl.lib : exit.obj (.text:abort)
                  00008930    00000004     MSP-EXP430F5529_UE.lib : mmc.obj (.text:rcvr_mmc)
                  00008934    00000004                            : UsbCdc.obj (.text:usbSetControlLineState)
                  00008938    00000004                            : mmc.obj (.text:xmit_mmc)
                  0000893c    00000002                            : UsbHidReportHandler.obj (.text:Handler_InReport)
                  0000893e    00000002     rts430xl.lib : _lock.obj (.text:_nop)

.const     0    00008940    00000892     
                  00008940    0000024c     MSP-EXP430F5529_UE.lib : HAL_Dogs102x6.obj (.const:FONT6x8)
                  00008b8c    00000212     LAB4main.obj (.const:tiBug)
                  00008d9e    0000015e     descriptors.obj (.const:tUsbRequestList)
                  00008efc    000000f4     descriptors.obj (.const:abromStringDescriptor)
                  00008ff0    00000082     descriptors.obj (.const)
                  00009072    0000005a     lab4.obj (.const:.string)
                  000090cc    00000048     LAB4main.obj (.const:.string)
                  00009114    00000034     descriptors.obj (.const:abromReportDescriptor)
                  00009148    00000030     descriptors.obj (.const:stUsbHandle)
                  00009178    00000024     MSP-EXP430F5529_UE.lib : UsbMscScsi.obj (.const:bScsi_Standard_Inquiry_Data)
                  0000919c    00000012                            : MassStorage.obj (.const:.string)
                  000091ae    00000012     descriptors.obj (.const:abromDeviceDescriptor)
                  000091c0    00000010     MSP-EXP430F5529_UE.lib : UsbMscScsi.obj (.const)
                  000091d0    00000002                            : MassStorageCommon.obj (.const)

.int42     0    0000ffd4    00000002     
                  0000ffd4    00000002     MSP-EXP430F5529_UE.lib : HAL_Buttons.obj (.int42)

.int47     0    0000ffde    00000002     
                  0000ffde    00000002     MSP-EXP430F5529_UE.lib : HAL_Buttons.obj (.int47)

.int51     0    0000ffe6    00000002     
                  0000ffe6    00000002     UsbIsr.obj (.int51)

.int54     0    0000ffec    00000002     
                  0000ffec    00000002     MSP-EXP430F5529_UE.lib : HAL_Wheel.obj (.int54)

.int57     0    0000fff2    00000002     
                  0000fff2    00000002     MSP-EXP430F5529_UE.lib : HAL_Buttons.obj (.int57)

.int61     0    0000fffa    00000002     
                  0000fffa    00000002     lab4.obj (.int61)

.reset     0    0000fffe    00000002     
                  0000fffe    00000002     rts430xl.lib : boot.obj (.reset)


GLOBAL SYMBOLS: SORTED ALPHABETICALLY BY Name 

address    name
--------   ----
00002400   .bss
ffffffff   .text
00000700   ADC12CTL0
00000701   ADC12CTL0_H
00000700   ADC12CTL0_L
00000702   ADC12CTL1
00000703   ADC12CTL1_H
00000702   ADC12CTL1_L
00000704   ADC12CTL2
00000705   ADC12CTL2_H
00000704   ADC12CTL2_L
0000070c   ADC12IE
0000070d   ADC12IE_H
0000070c   ADC12IE_L
0000070a   ADC12IFG
0000070b   ADC12IFG_H
0000070a   ADC12IFG_L
0000070e   ADC12IV
0000070f   ADC12IV_H
0000070e   ADC12IV_L
00000710   ADC12MCTL0
00000711   ADC12MCTL1
0000071a   ADC12MCTL10
0000071b   ADC12MCTL11
0000071c   ADC12MCTL12
0000071d   ADC12MCTL13
0000071e   ADC12MCTL14
0000071f   ADC12MCTL15
00000712   ADC12MCTL2
00000713   ADC12MCTL3
00000714   ADC12MCTL4
00000715   ADC12MCTL5
00000716   ADC12MCTL6
00000717   ADC12MCTL7
00000718   ADC12MCTL8
00000719   ADC12MCTL9
00000720   ADC12MEM0
00000721   ADC12MEM0_H
00000720   ADC12MEM0_L
00000722   ADC12MEM1
00000734   ADC12MEM10
00000735   ADC12MEM10_H
00000734   ADC12MEM10_L
00000736   ADC12MEM11
00000737   ADC12MEM11_H
00000736   ADC12MEM11_L
00000738   ADC12MEM12
00000739   ADC12MEM12_H
00000738   ADC12MEM12_L
0000073a   ADC12MEM13
0000073b   ADC12MEM13_H
0000073a   ADC12MEM13_L
0000073c   ADC12MEM14
0000073d   ADC12MEM14_H
0000073c   ADC12MEM14_L
0000073e   ADC12MEM15
0000073f   ADC12MEM15_H
0000073e   ADC12MEM15_L
00000723   ADC12MEM1_H
00000722   ADC12MEM1_L
00000724   ADC12MEM2
00000725   ADC12MEM2_H
00000724   ADC12MEM2_L
00000726   ADC12MEM3
00000727   ADC12MEM3_H
00000726   ADC12MEM3_L
00000728   ADC12MEM4
00000729   ADC12MEM4_H
00000728   ADC12MEM4_L
0000072a   ADC12MEM5
0000072b   ADC12MEM5_H
0000072a   ADC12MEM5_L
0000072c   ADC12MEM6
0000072d   ADC12MEM6_H
0000072c   ADC12MEM6_L
0000072e   ADC12MEM7
0000072f   ADC12MEM7_H
0000072e   ADC12MEM7_L
00000730   ADC12MEM8
00000731   ADC12MEM8_H
00000730   ADC12MEM8_L
00000732   ADC12MEM9
00000733   ADC12MEM9_H
00000732   ADC12MEM9_L
00004672   ADC12_ISR
000091d0   BYTES_PER_BLOCK
000060d4   Board_init
000078ae   Board_ledOff
00008820   Buttons_init
00008760   Buttons_interruptEnable
000087f0   Buttons_startWDT
0000892c   C$$EXIT
000008c0   CBCTL0
000008c1   CBCTL0_H
000008c0   CBCTL0_L
000008c2   CBCTL1
000008c3   CBCTL1_H
000008c2   CBCTL1_L
000008c4   CBCTL2
000008c5   CBCTL2_H
000008c4   CBCTL2_L
000008c6   CBCTL3
000008c7   CBCTL3_H
000008c6   CBCTL3_L
000008cc   CBINT
000008cd   CBINT_H
000008cc   CBINT_L
000008ce   CBIV
00000150   CRCDI
00000152   CRCDIRB
00000153   CRCDIRB_H
00000152   CRCDIRB_L
00000151   CRCDI_H
00000150   CRCDI_L
00000154   CRCINIRES
00000155   CRCINIRES_H
00000154   CRCINIRES_L
00000156   CRCRESR
00000157   CRCRESR_H
00000156   CRCRESR_L
00007fd0   CdcIsReceiveInProgress
00008388   CdcResetData
00005c9e   CdcToBufferFromHost
00005330   CdcToHostFromBuffer
00006522   Check_CBW
00007b8e   ClockUSB
0000882e   Cma3000_setAccel_offset
0000306d   Cma3000_xAccel
00003070   Cma3000_xAccel_offset
0000306e   Cma3000_yAccel
00003071   Cma3000_yAccel_offset
0000306f   Cma3000_zAccel
00003072   Cma3000_zAccel_offset
00006ece   CopyUsbToBuff
00000510   DMA0CTL
00000511   DMA0CTL_H
00000510   DMA0CTL_L
00000516   DMA0DA
00000516   DMA0DAL
00000512   DMA0SA
00000512   DMA0SAL
0000051a   DMA0SZ
00000520   DMA1CTL
00000521   DMA1CTL_H
00000520   DMA1CTL_L
00000526   DMA1DA
00000526   DMA1DAL
00000522   DMA1SA
00000522   DMA1SAL
0000052a   DMA1SZ
00000530   DMA2CTL
00000531   DMA2CTL_H
00000530   DMA2CTL_L
00000536   DMA2DA
00000536   DMA2DAL
00000532   DMA2SA
00000532   DMA2SAL
0000053a   DMA2SZ
00000500   DMACTL0
00000501   DMACTL0_H
00000500   DMACTL0_L
00000502   DMACTL1
00000503   DMACTL1_H
00000502   DMACTL1_L
00000504   DMACTL2
00000505   DMACTL2_H
00000504   DMACTL2_L
00000506   DMACTL3
00000507   DMACTL3_H
00000506   DMACTL3_L
00000508   DMACTL4
00000509   DMACTL4_H
00000508   DMACTL4_L
0000050e   DMAIV
0000050f   DMAIV_H
0000050e   DMAIV_L
00002800   DataCnt
00008160   Dogs102x6_backlightInit
00006d36   Dogs102x6_charDraw
00007ef8   Dogs102x6_clearScreen
00007c12   Dogs102x6_imageDraw
000070ca   Dogs102x6_init
00002d4a   Dogs102x6_initMacro
000077ac   Dogs102x6_setAddress
00007d12   Dogs102x6_setBacklight
00008002   Dogs102x6_setContrast
00006fd6   Dogs102x6_stringDraw
00007e48   Dogs102x6_writeCommand
00007296   Dogs102x6_writeData
00000140   FCTL1
00000141   FCTL1_H
00000140   FCTL1_L
00000144   FCTL3
00000145   FCTL3_H
00000144   FCTL3_L
00000146   FCTL4
00000147   FCTL4_H
00000146   FCTL4_L
00008670   Get_MaxLUN
0000757e   Get_TLV_Info
000088b0   Handler_InFeature
0000893c   Handler_InReport
000081f0   Handler_SetLineCoding0
0000821e   Handler_SetLineCoding1
0000824c   Handler_SetLineCoding2
00006f52   HidCopyUsbToBuff
00008034   HidIsReceiveInProgress
000083b2   HidResetData
0000576c   HidToBufferFromHost
0000549e   HidToHostFromBuffer
00008606   IEP0InterruptHandler
00003094   INS
00008888   I_ASR
00008892   I_LSL
0000889c   I_LSR
000061b8   Init_FLL
00008066   Init_FLL_Settle
00007ec0   LFXT_Start
00008800   L_LSL
00007e04   L_LSL_1
00007de0   L_LSL_10
00007ddc   L_LSL_11
00007dd8   L_LSL_12
00007dd4   L_LSL_13
00007dd0   L_LSL_14
00007dcc   L_LSL_15
00007e00   L_LSL_2
00007dfc   L_LSL_3
00007df8   L_LSL_4
00007df4   L_LSL_5
00007df0   L_LSL_6
00007dec   L_LSL_7
00007de8   L_LSL_8
00007de4   L_LSL_9
00007e42   L_LSR_1
00007e1e   L_LSR_10
00007e1a   L_LSR_11
00007e16   L_LSR_12
00007e12   L_LSR_13
00007e0e   L_LSR_14
00007e0a   L_LSR_15
00007e3e   L_LSR_2
00007e3a   L_LSR_3
00007e36   L_LSR_4
00007e32   L_LSR_5
00007e2e   L_LSR_6
00007e2a   L_LSR_7
00007e26   L_LSR_8
00007e22   L_LSR_9
000004c4   MAC
000004da   MAC32H
000004db   MAC32H_H
000004da   MAC32H_L
000004d8   MAC32L
000004d9   MAC32L_H
000004d8   MAC32L_L
000004c6   MACS
000004de   MACS32H
000004df   MACS32H_H
000004de   MACS32H_L
000004dc   MACS32L
000004dd   MACS32L_H
000004dc   MACS32L_L
000004c7   MACS_H
000004c6   MACS_L
000004c5   MAC_H
000004c4   MAC_L
000004c0   MPY
000004ec   MPY32CTL0
000004ed   MPY32CTL0_H
000004ec   MPY32CTL0_L
000004d2   MPY32H
000004d3   MPY32H_H
000004d2   MPY32H_L
000004d0   MPY32L
000004d1   MPY32L_H
000004d0   MPY32L_L
000004c2   MPYS
000004d6   MPYS32H
000004d7   MPYS32H_H
000004d6   MPYS32H_L
000004d4   MPYS32L
000004d5   MPYS32L_H
000004d4   MPYS32L_L
000004c3   MPYS_H
000004c2   MPYS_L
000004c1   MPY_H
000004c0   MPY_L
00004ffe   MSCFromHostToBuffer
0000560a   MSCToHostFromBuffer
00002d7a   McsCbw
00002d9a   McsCsw
00002e04   MscControl
00007304   MscCopyUsbToBuff
00002de8   MscReadControl
00008866   MscResetCtrlLun
0000827a   MscResetData
000075e0   MscSendData
00002dc8   MscWriteControl
000088e0   Msc_ResetFlags
0000883c   Msc_ResetStateMachine
000074b6   Msc_ResetStruct
000078fc   OEP0InterruptHandler
000004c8   OP2
000004e2   OP2H
000004e3   OP2H_H
000004e2   OP2H_L
000004e0   OP2L
000004e1   OP2L_H
000004e0   OP2L_L
000004c9   OP2_H
000004c8   OP2_L
0000020e   P1IV
0000021e   P2IV
000001e0   P4MAP01
000001e1   P4MAP01_H
000001e0   P4MAP01_L
000001e2   P4MAP23
000001e3   P4MAP23_H
000001e2   P4MAP23_L
000001e4   P4MAP45
000001e5   P4MAP45_H
000001e4   P4MAP45_L
000001e6   P4MAP67
000001e7   P4MAP67_H
000001e6   P4MAP67_L
00000204   PADIR
00000205   PADIR_H
00000204   PADIR_L
00000208   PADS
00000209   PADS_H
00000208   PADS_L
0000021a   PAIE
00000218   PAIES
00000219   PAIES_H
00000218   PAIES_L
0000021b   PAIE_H
0000021a   PAIE_L
0000021c   PAIFG
0000021d   PAIFG_H
0000021c   PAIFG_L
00000200   PAIN
00000201   PAIN_H
00000200   PAIN_L
00000202   PAOUT
00000203   PAOUT_H
00000202   PAOUT_L
00000206   PAREN
00000207   PAREN_H
00000206   PAREN_L
0000020a   PASEL
0000020b   PASEL_H
0000020a   PASEL_L
00000224   PBDIR
00000225   PBDIR_H
00000224   PBDIR_L
00000228   PBDS
00000229   PBDS_H
00000228   PBDS_L
00000220   PBIN
00000221   PBIN_H
00000220   PBIN_L
00000222   PBOUT
00000223   PBOUT_H
00000222   PBOUT_L
00000226   PBREN
00000227   PBREN_H
00000226   PBREN_L
0000022a   PBSEL
0000022b   PBSEL_H
0000022a   PBSEL_L
00000244   PCDIR
00000245   PCDIR_H
00000244   PCDIR_L
00000248   PCDS
00000249   PCDS_H
00000248   PCDS_L
00000240   PCIN
00000241   PCIN_H
00000240   PCIN_L
00000242   PCOUT
00000243   PCOUT_H
00000242   PCOUT_L
00000246   PCREN
00000247   PCREN_H
00000246   PCREN_L
0000024a   PCSEL
0000024b   PCSEL_H
0000024a   PCSEL_L
00000264   PDDIR
00000265   PDDIR_H
00000264   PDDIR_L
00000268   PDDS
00000269   PDDS_H
00000268   PDDS_L
00000260   PDIN
00000261   PDIN_H
00000260   PDIN_L
00000262   PDOUT
00000263   PDOUT_H
00000262   PDOUT_L
00000266   PDREN
00000267   PDREN_H
00000266   PDREN_L
0000026a   PDSEL
0000026b   PDSEL_H
0000026a   PDSEL_L
00000324   PJDIR
00000325   PJDIR_H
00000324   PJDIR_L
00000328   PJDS
00000329   PJDS_H
00000328   PJDS_L
00000320   PJIN
00000321   PJIN_H
00000320   PJIN_L
00000322   PJOUT
00000323   PJOUT_H
00000322   PJOUT_L
00000326   PJREN
00000327   PJREN_H
00000326   PJREN_L
00000130   PM5CTL0
00000131   PM5CTL0_H
00000130   PM5CTL0_L
000001c2   PMAPCTL
000001c3   PMAPCTL_H
000001c2   PMAPCTL_L
000001c0   PMAPKEYID
000001c1   PMAPKEYID_H
000001c0   PMAPKEYID_L
00000120   PMMCTL0
00000121   PMMCTL0_H
00000120   PMMCTL0_L
00000122   PMMCTL1
00000123   PMMCTL1_H
00000122   PMMCTL1_L
0000012c   PMMIFG
0000012d   PMMIFG_H
0000012c   PMMIFG_L
0000012e   PMMRIE
0000012f   PMMRIE_H
0000012e   PMMRIE_L
00007a2e   PWRVBUSoffHandler
00007f2e   PWRVBUSonHandler
000045b6   Port1_ISR
000045f2   Port2_ISR
00000158   RCCTL0
00000159   RCCTL0_H
00000158   RCCTL0_L
000001b0   REFCTL0
000001b1   REFCTL0_H
000001b0   REFCTL0_L
000004e4   RES0
000004e5   RES0_H
000004e4   RES0_L
000004e6   RES1
000004e7   RES1_H
000004e6   RES1_L
000004e8   RES2
000004e9   RES2_H
000004e8   RES2_L
000004ea   RES3
000004eb   RES3_H
000004ea   RES3_L
000004cc   RESHI
000004cd   RESHI_H
000004cc   RESHI_L
000004ca   RESLO
000004cb   RESLO_H
000004ca   RESLO_L
000004ba   RTCADOWDAY
000004bb   RTCADOWDAY_H
000004ba   RTCADOWDAY_L
000004b8   RTCAMINHR
000004b9   RTCAMINHR_H
000004b8   RTCAMINHR_L
000004a0   RTCCTL01
000004a1   RTCCTL01_H
000004a0   RTCCTL01_L
000004a2   RTCCTL23
000004a3   RTCCTL23_H
000004a2   RTCCTL23_L
000004b4   RTCDATE
000004b5   RTCDATE_H
000004b4   RTCDATE_L
000004ae   RTCIV
000004ac   RTCPS
000004a8   RTCPS0CTL
000004a9   RTCPS0CTL_H
000004a8   RTCPS0CTL_L
000004aa   RTCPS1CTL
000004ab   RTCPS1CTL_H
000004aa   RTCPS1CTL_L
000004ad   RTCPS_H
000004ac   RTCPS_L
000004b0   RTCTIM0
000004b1   RTCTIM0_H
000004b0   RTCTIM0_L
000004b2   RTCTIM1
000004b3   RTCTIM1_H
000004b2   RTCTIM1_L
000004b6   RTCYEAR
000004b7   RTCYEAR_H
000004b6   RTCYEAR_L
00002400   RW_dataBuf
00002808   RWbuf
00002804   RWbuf_info
000091c0   Report_Luns
00002da8   RequestSenseResponse
0000751a   Reset_RequestSenseResponse
0000306c   RevID
00008772   SDCard_fastMode
000079e4   SDCard_init
00008098   SDCard_readFrame
00008406   SDCard_sendFrame
000088b8   SDCard_setCSHigh
000088c0   SDCard_setCSLow
0000842e   SET_RequestsenseMediaNotPresent
00008456   SET_RequestsenseNotReady
00000100   SFRIE1
00000101   SFRIE1_H
00000100   SFRIE1_L
00000102   SFRIFG1
00000103   SFRIFG1_H
00000102   SFRIFG1_L
00000104   SFRRPCR
00000105   SFRRPCR_H
00000104   SFRRPCR_L
000004ce   SUMEXT
000004cf   SUMEXT_H
000004ce   SUMEXT_L
00000124   SVSMHCTL
00000125   SVSMHCTL_H
00000124   SVSMHCTL_L
00000128   SVSMIO
00000129   SVSMIO_H
00000128   SVSMIO_L
00000126   SVSMLCTL
00000127   SVSMLCTL_H
00000126   SVSMLCTL_L
00000198   SYSBERRIV
00000199   SYSBERRIV_H
00000198   SYSBERRIV_L
00000182   SYSBSLC
00000183   SYSBSLC_H
00000182   SYSBSLC_L
00000180   SYSCTL
00000181   SYSCTL_H
00000180   SYSCTL_L
00000186   SYSJMBC
00000187   SYSJMBC_H
00000186   SYSJMBC_L
00000188   SYSJMBI0
00000189   SYSJMBI0_H
00000188   SYSJMBI0_L
0000018a   SYSJMBI1
0000018b   SYSJMBI1_H
0000018a   SYSJMBI1_L
0000018c   SYSJMBO0
0000018d   SYSJMBO0_H
0000018c   SYSJMBO0_L
0000018e   SYSJMBO1
0000018f   SYSJMBO1_H
0000018e   SYSJMBO1_L
0000019e   SYSRSTIV
0000019f   SYSRSTIV_H
0000019e   SYSRSTIV_L
0000019c   SYSSNIV
0000019d   SYSSNIV_H
0000019c   SYSSNIV_L
0000019a   SYSUNIV
0000019b   SYSUNIV_H
0000019a   SYSUNIV_L
00004c76   Scsi_Cmd_Parser
00005dcc   Scsi_Inquiry
00007f64   Scsi_Mode_Sense10
00007f9a   Scsi_Mode_Sense6
00002f1c   Scsi_Mode_Sense_10
00002f18   Scsi_Mode_Sense_6
00006844   Scsi_Read10
00008304   Scsi_Read_Capacity10
00002f10   Scsi_Read_Capacity_10
00002f24   Scsi_Read_Format_Capacity
0000847e   Scsi_Report_Luns
00006452   Scsi_Request_Sense
00002d76   Scsi_Residue
00007e84   Scsi_Send_CSW
00002e0e   Scsi_Standard_Inquiry_Data
000086b8   Scsi_Test_Unit_Ready
00007050   Scsi_Unknown_Request
00007640   Scsi_Verify_CBW
00006784   Scsi_Write10
00007d50   SetVCore
00007a76   SetupPacketInterruptHandler
00000352   TA0CCR0
00000354   TA0CCR1
00000356   TA0CCR2
00000358   TA0CCR3
0000035a   TA0CCR4
00000342   TA0CCTL0
00000344   TA0CCTL1
00000346   TA0CCTL2
00000348   TA0CCTL3
0000034a   TA0CCTL4
00000340   TA0CTL
00000360   TA0EX0
0000036e   TA0IV
00000350   TA0R
00000392   TA1CCR0
00000394   TA1CCR1
00000396   TA1CCR2
00000382   TA1CCTL0
00000384   TA1CCTL1
00000386   TA1CCTL2
00000380   TA1CTL
000003a0   TA1EX0
000003ae   TA1IV
00000390   TA1R
00000412   TA2CCR0
00000414   TA2CCR1
00000416   TA2CCR2
00000402   TA2CCTL0
00000404   TA2CCTL1
00000406   TA2CCTL2
00000400   TA2CTL
00000420   TA2EX0
0000042e   TA2IV
00000410   TA2R
000003d2   TB0CCR0
000003d4   TB0CCR1
000003d6   TB0CCR2
000003d8   TB0CCR3
000003da   TB0CCR4
000003dc   TB0CCR5
000003de   TB0CCR6
000003c2   TB0CCTL0
000003c4   TB0CCTL1
000003c6   TB0CCTL2
000003c8   TB0CCTL3
000003ca   TB0CCTL4
000003cc   TB0CCTL5
000003ce   TB0CCTL6
000003c0   TB0CTL
000003e0   TB0EX0
000003ee   TB0IV
000003d0   TB0R
000005d0   UCA0ABCTL
000005c6   UCA0BRW
000005c7   UCA0BRW_H
000005c6   UCA0BRW_L
000005c0   UCA0CTLW0
000005c1   UCA0CTLW0_H
000005c0   UCA0CTLW0_L
000005dc   UCA0ICTL
000005dd   UCA0ICTL_H
000005dc   UCA0ICTL_L
000005d2   UCA0IRCTL
000005d3   UCA0IRCTL_H
000005d2   UCA0IRCTL_L
000005de   UCA0IV
000005c8   UCA0MCTL
000005cc   UCA0RXBUF
000005ca   UCA0STAT
000005ce   UCA0TXBUF
00000610   UCA1ABCTL
00000606   UCA1BRW
00000607   UCA1BRW_H
00000606   UCA1BRW_L
00000600   UCA1CTLW0
00000601   UCA1CTLW0_H
00000600   UCA1CTLW0_L
0000061c   UCA1ICTL
0000061d   UCA1ICTL_H
0000061c   UCA1ICTL_L
00000612   UCA1IRCTL
00000613   UCA1IRCTL_H
00000612   UCA1IRCTL_L
0000061e   UCA1IV
00000608   UCA1MCTL
0000060c   UCA1RXBUF
0000060a   UCA1STAT
0000060e   UCA1TXBUF
000005e6   UCB0BRW
000005e7   UCB0BRW_H
000005e6   UCB0BRW_L
000005e0   UCB0CTLW0
000005e1   UCB0CTLW0_H
000005e0   UCB0CTLW0_L
000005f0   UCB0I2COA
000005f1   UCB0I2COA_H
000005f0   UCB0I2COA_L
000005f2   UCB0I2CSA
000005f3   UCB0I2CSA_H
000005f2   UCB0I2CSA_L
000005fc   UCB0ICTL
000005fd   UCB0ICTL_H
000005fc   UCB0ICTL_L
000005fe   UCB0IV
000005ec   UCB0RXBUF
000005ea   UCB0STAT
000005ee   UCB0TXBUF
00000626   UCB1BRW
00000627   UCB1BRW_H
00000626   UCB1BRW_L
00000620   UCB1CTLW0
00000621   UCB1CTLW0_H
00000620   UCB1CTLW0_L
00000630   UCB1I2COA
00000631   UCB1I2COA_H
00000630   UCB1I2COA_L
00000632   UCB1I2CSA
00000633   UCB1I2CSA_H
00000632   UCB1I2CSA_L
0000063c   UCB1ICTL
0000063d   UCB1ICTL_H
0000063c   UCB1ICTL_L
0000063e   UCB1IV
0000062c   UCB1RXBUF
0000062a   UCB1STAT
0000062e   UCB1TXBUF
00000160   UCSCTL0
00000161   UCSCTL0_H
00000160   UCSCTL0_L
00000162   UCSCTL1
00000163   UCSCTL1_H
00000162   UCSCTL1_L
00000164   UCSCTL2
00000165   UCSCTL2_H
00000164   UCSCTL2_L
00000166   UCSCTL3
00000167   UCSCTL3_H
00000166   UCSCTL3_L
00000168   UCSCTL4
00000169   UCSCTL4_H
00000168   UCSCTL4_L
0000016a   UCSCTL5
0000016b   UCSCTL5_H
0000016a   UCSCTL5_L
0000016c   UCSCTL6
0000016d   UCSCTL6_H
0000016c   UCSCTL6_L
0000016e   UCSCTL7
0000016f   UCSCTL7_H
0000016e   UCSCTL7_L
00000170   UCSCTL8
00000171   UCSCTL8_H
00000170   UCSCTL8_L
00004578   UNMI_ISR
00006a54   USBCDC_bytesInUSBBuffer
000088f8   USBCDC_handleDataReceived
000088fc   USBCDC_handleReceiveCompleted
00008900   USBCDC_handleSendCompleted
0000629c   USBCDC_intfStatus
00004a82   USBCDC_receiveData
00006c1a   USBCDC_sendData
00000902   USBCNF
00000903   USBCNF_H
00000902   USBCNF_L
0000093c   USBCTL
0000093a   USBFN
0000093b   USBFN_H
0000093a   USBFN_L
0000093f   USBFUNADR
00008904   USBHID_handleDataReceived
00008908   USBHID_handleReceiveCompleted
0000890c   USBHID_handleSendCompleted
0000093d   USBIE
00002378   USBIEP0BUF
000023c9   USBIEPBBAX_1
000023d1   USBIEPBBAX_2
000023d9   USBIEPBBAX_3
000023e1   USBIEPBBAX_4
000023e9   USBIEPBBAX_5
000023f1   USBIEPBBAX_6
000023f9   USBIEPBBAX_7
000023cd   USBIEPBBAY_1
000023d5   USBIEPBBAY_2
000023dd   USBIEPBBAY_3
000023e5   USBIEPBBAY_4
000023ed   USBIEPBBAY_5
000023f5   USBIEPBBAY_6
000023fd   USBIEPBBAY_7
000023ca   USBIEPBCTX_1
000023d2   USBIEPBCTX_2
000023da   USBIEPBCTX_3
000023e2   USBIEPBCTX_4
000023ea   USBIEPBCTX_5
000023f2   USBIEPBCTX_6
000023fa   USBIEPBCTX_7
000023ce   USBIEPBCTY_1
000023d6   USBIEPBCTY_2
000023de   USBIEPBCTY_3
000023e6   USBIEPBCTY_4
000023ee   USBIEPBCTY_5
000023f6   USBIEPBCTY_6
000023fe   USBIEPBCTY_7
00000920   USBIEPCNF_0
000023c8   USBIEPCNF_1
000023d0   USBIEPCNF_2
000023d8   USBIEPCNF_3
000023e0   USBIEPCNF_4
000023e8   USBIEPCNF_5
000023f0   USBIEPCNF_6
000023f8   USBIEPCNF_7
00000921   USBIEPCNT_0
0000092e   USBIEPIE
00000930   USBIEPIFG
000023cf   USBIEPSIZXY_1
000023d7   USBIEPSIZXY_2
000023df   USBIEPSIZXY_3
000023e7   USBIEPSIZXY_4
000023ef   USBIEPSIZXY_5
000023f7   USBIEPSIZXY_6
000023ff   USBIEPSIZXY_7
0000093e   USBIFG
00000900   USBKEYID
00000901   USBKEYID_H
00000900   USBKEYID_L
00000936   USBMAINT
00000937   USBMAINT_H
00000936   USBMAINT_L
000047ba   USBMSC_bufferProcessed
0000304c   USBMSC_config
000088e6   USBMSC_fetchInfoStruct
00007d8e   USBMSC_getState
00008910   USBMSC_handleBufferEvent
00005ef0   USBMSC_poll
000082a8   USBMSC_registerBufInfo
00007bd0   USBMSC_reset
00004e5c   USBMSC_updateMediaInfo
00002370   USBOEP0BUF
00002389   USBOEPBBAX_1
00002391   USBOEPBBAX_2
00002399   USBOEPBBAX_3
000023a1   USBOEPBBAX_4
000023a9   USBOEPBBAX_5
000023b1   USBOEPBBAX_6
000023b9   USBOEPBBAX_7
0000238d   USBOEPBBAY_1
00002395   USBOEPBBAY_2
0000239d   USBOEPBBAY_3
000023a5   USBOEPBBAY_4
000023ad   USBOEPBBAY_5
000023b5   USBOEPBBAY_6
000023bd   USBOEPBBAY_7
0000238a   USBOEPBCTX_1
00002392   USBOEPBCTX_2
0000239a   USBOEPBCTX_3
000023a2   USBOEPBCTX_4
000023aa   USBOEPBCTX_5
000023b2   USBOEPBCTX_6
000023ba   USBOEPBCTX_7
0000238e   USBOEPBCTY_1
00002396   USBOEPBCTY_2
0000239e   USBOEPBCTY_3
000023a6   USBOEPBCTY_4
000023ae   USBOEPBCTY_5
000023b6   USBOEPBCTY_6
000023be   USBOEPBCTY_7
00000922   USBOEPCNF_0
00002388   USBOEPCNF_1
00002390   USBOEPCNF_2
00002398   USBOEPCNF_3
000023a0   USBOEPCNF_4
000023a8   USBOEPCNF_5
000023b0   USBOEPCNF_6
000023b8   USBOEPCNF_7
00000923   USBOEPCNT_0
0000092f   USBOEPIE
00000931   USBOEPIFG
0000238f   USBOEPSIZXY_1
00002397   USBOEPSIZXY_2
0000239f   USBOEPSIZXY_3
000023a7   USBOEPSIZXY_4
000023af   USBOEPSIZXY_5
000023b7   USBOEPSIZXY_6
000023bf   USBOEPSIZXY_7
00000904   USBPHYCTL
00000905   USBPHYCTL_H
00000904   USBPHYCTL_L
00000910   USBPLLCTL
00000911   USBPLLCTL_H
00000910   USBPLLCTL_L
00000912   USBPLLDIVB
00000913   USBPLLDIVB_H
00000912   USBPLLDIVB_L
00000914   USBPLLIR
00000915   USBPLLIR_H
00000914   USBPLLIR_L
00000908   USBPWRCTL
00000909   USBPWRCTL_H
00000908   USBPWRCTL_L
00001c00   USBSTABUFF
00002380   USBSUBLK
0000236f   USBTOPBUFF
00000938   USBTSREG
00000939   USBTSREG_H
00000938   USBTSREG_L
00000932   USBVECINT
00000933   USBVECINT_H
00000932   USBVECINT_L
00006378   USB_InitSerialStringDescriptor
00003078   USB_RX_memcpy
00003074   USB_TX_memcpy
000084a6   USB_connect
000080ca   USB_connectionInfo
00006b84   USB_connectionState
00008544   USB_disable
00006dc0   USB_enable
00008914   USB_handleClockEvent
00008918   USB_handleEnumCompleteEvent
0000891c   USB_handleResetEvent
00008920   USB_handleResumeEvent
00008924   USB_handleSuspendEvent
00008928   USB_handleVbusOffEvent
00008710   USB_handleVbusOnEvent
00007804   USB_init
000084ce   USB_initMemcpy
000058c6   USB_reset
00008688   USB_resume
000088c8   USB_setEnabledEvents
000080fc   USB_suspend
0000015c   WDTCTL
0000015d   WDTCTL_H
0000015c   WDTCTL_L
00004658   WDT_ISR
0000851e   Wheel_init
00008190   XT2_Start
00004400   __STACK_END
000000a0   __STACK_SIZE
00000001   __TI_args_main
00000001   __TI_auto_init
00000001   __TI_exit
ffffffff   __binit__
00002400   __bss__
ffffffff   __c_args__
00004688   __cinit__
000086ce   __divu
0000309e   __end__
ffffffff   __etext__
000086e4   __mpyi_f5hw
00008566   __mpyl_f5hw
ffffffff   __pinit__
000086ce   __remu
ffffffff   __text__
0000769c   _auto_init
0000462e   _c_int00
0000462e   _c_int00_noexit
00003084   _cleanup_ptr
00003088   _dtors_ptr
0000307c   _lock
0000893e   _nop
0000fffe   _reset_vector
00004360   _stack
0000887e   _system_pre_init
00003080   _unlock
00002378   abIEP0Buffer
00002370   abOEP0Buffer
00002fca   abUsbRequestIncomingData
00002fc2   abUsbRequestReturnData
0000892c   abort
00002fd2   abramSerialStringDescriptor
00008ff0   abromConfigurationDescriptorGroup
000091ae   abromDeviceDescriptor
00009114   abromReportDescriptor
00008efc   abromStringDescriptor
0000306b   accelData
00003073   bDetectCard
00002ff6   bEnumerationStatus
00002ff5   bFunctionSuspended
00002d5c   bMcsCommandSupported
00002e0d   bMscCbwFailed
00002d5e   bMscCbwReceived
00002f0e   bMscResetRequired
00009178   bScsi_Standard_Inquiry_Data
00002ff4   bStatusAction
00002e0c   bUnitAttention
00002d48   backlight
ffffffff   binit
0000308c   buttonDebounce
0000308e   buttonsPressed
00007c52   cdcReceiveDataInBuffer
00007372   cdcSendDataInBackground
000076f8   checkInsertionRemoval
00004688   cinit
00002d49   contrast
00002d47   currentColumn
00002d46   currentPage
00002f30   dataBuffer
000081c0   detectCard
00005b62   disk_initialize
00005fea   disk_ioctl
000069b4   disk_read
00008588   disk_status
000066be   disk_write
00002a14   dogs102x6Memory
0000309e   end
ffffffff   etext
00004400   iUsbInterruptHandler
0000309a   isMSCConfigured
0000519c   lab4
00002802   logCnt
00005a1e   main
00002a08   mediaInfo
000083dc   memcpy
00008330   memcpyDMA0
000085a8   memset
00007752   msc_Init
00007998   msc_Loop
00001c00   pbXBufferAddressEp1
00001d00   pbXBufferAddressEp2
00001e00   pbXBufferAddressEp3
00001c80   pbXBufferAddressEp81
00001d80   pbXBufferAddressEp82
00001c40   pbYBufferAddressEp1
00001d40   pbYBufferAddressEp2
00001cc0   pbYBufferAddressEp81
00001dc0   pbYBufferAddressEp82
ffffffff   pinit
00003090   positionData
00003092   positionDataOld
000071b6   read_LUN0
00002e0a   sCtrlLun
00002d68   sRwbuf
00009148   stUsbHandle
00000920   tEndPoint0DescriptorBlock
000023c8   tInputEndPointDescriptorBlock
00002388   tOutputEndPointDescriptorBlock
00002380   tSetupPacket
00008d9e   tUsbRequestList
00003098   timeoutCounter
00008796   usbClearDeviceFeature
0000744e   usbClearEndpointFeature
000088ec   usbClearOEP0ByteCount
00008724   usbClearOEPByteCount
00006aec   usbDecodeAndProcessUsbRequest
00008810   usbGetConfiguration
000087a8   usbGetConfigurationDescriptor
000087ba   usbGetDeviceDescriptor
000084f6   usbGetDeviceStatus
00007226   usbGetEndpointStatus
0000835c   usbGetHidDescriptor
00008622   usbGetInterface
0000863c   usbGetInterfaceStatus
00007c92   usbGetLineCoding0
000086fa   usbGetReport
0000884a   usbGetReportDescriptor
00007b06   usbGetStringDescriptor
00008872   usbInvalidRequest
000087cc   usbReceiveDataPacketOnEP0
00007abe   usbReceiveNextPacketOnOEP0
000085c8   usbSendDataPacketOnEP0
00007142   usbSendNextPacketOnIEP0
00008858   usbSendZeroLengthPacketOnIEP0
00008656   usbSetAddress
000085e8   usbSetConfiguration
00008934   usbSetControlLineState
000087de   usbSetDeviceFeature
00007b4a   usbSetEndpointFeature
00007cd2   usbSetInterface
000088d0   usbSetLineCoding0
000088d8   usbSetReport
000082d6   usbStallEndpoint
000088a6   usbStallEndpoint0
00008738   usbStallInEndpoint
000088f2   usbStallOEP0
0000874c   usbStallOutEndpoint
00006e48   validateCSD
00002fb4   wBytesRemainingOnIEP0
00002fb6   wBytesRemainingOnOEP0
00002ff8   wUsbEventMask
000073e0   write_LUN0
00002d60   xBufferAddr
00002d64   yBufferAddr


GLOBAL SYMBOLS: SORTED BY Symbol Address 

address    name
--------   ----
00000001   __TI_args_main
00000001   __TI_auto_init
00000001   __TI_exit
000000a0   __STACK_SIZE
00000100   SFRIE1
00000100   SFRIE1_L
00000101   SFRIE1_H
00000102   SFRIFG1
00000102   SFRIFG1_L
00000103   SFRIFG1_H
00000104   SFRRPCR
00000104   SFRRPCR_L
00000105   SFRRPCR_H
00000120   PMMCTL0
00000120   PMMCTL0_L
00000121   PMMCTL0_H
00000122   PMMCTL1
00000122   PMMCTL1_L
00000123   PMMCTL1_H
00000124   SVSMHCTL
00000124   SVSMHCTL_L
00000125   SVSMHCTL_H
00000126   SVSMLCTL
00000126   SVSMLCTL_L
00000127   SVSMLCTL_H
00000128   SVSMIO
00000128   SVSMIO_L
00000129   SVSMIO_H
0000012c   PMMIFG
0000012c   PMMIFG_L
0000012d   PMMIFG_H
0000012e   PMMRIE
0000012e   PMMRIE_L
0000012f   PMMRIE_H
00000130   PM5CTL0
00000130   PM5CTL0_L
00000131   PM5CTL0_H
00000140   FCTL1
00000140   FCTL1_L
00000141   FCTL1_H
00000144   FCTL3
00000144   FCTL3_L
00000145   FCTL3_H
00000146   FCTL4
00000146   FCTL4_L
00000147   FCTL4_H
00000150   CRCDI
00000150   CRCDI_L
00000151   CRCDI_H
00000152   CRCDIRB
00000152   CRCDIRB_L
00000153   CRCDIRB_H
00000154   CRCINIRES
00000154   CRCINIRES_L
00000155   CRCINIRES_H
00000156   CRCRESR
00000156   CRCRESR_L
00000157   CRCRESR_H
00000158   RCCTL0
00000158   RCCTL0_L
00000159   RCCTL0_H
0000015c   WDTCTL
0000015c   WDTCTL_L
0000015d   WDTCTL_H
00000160   UCSCTL0
00000160   UCSCTL0_L
00000161   UCSCTL0_H
00000162   UCSCTL1
00000162   UCSCTL1_L
00000163   UCSCTL1_H
00000164   UCSCTL2
00000164   UCSCTL2_L
00000165   UCSCTL2_H
00000166   UCSCTL3
00000166   UCSCTL3_L
00000167   UCSCTL3_H
00000168   UCSCTL4
00000168   UCSCTL4_L
00000169   UCSCTL4_H
0000016a   UCSCTL5
0000016a   UCSCTL5_L
0000016b   UCSCTL5_H
0000016c   UCSCTL6
0000016c   UCSCTL6_L
0000016d   UCSCTL6_H
0000016e   UCSCTL7
0000016e   UCSCTL7_L
0000016f   UCSCTL7_H
00000170   UCSCTL8
00000170   UCSCTL8_L
00000171   UCSCTL8_H
00000180   SYSCTL
00000180   SYSCTL_L
00000181   SYSCTL_H
00000182   SYSBSLC
00000182   SYSBSLC_L
00000183   SYSBSLC_H
00000186   SYSJMBC
00000186   SYSJMBC_L
00000187   SYSJMBC_H
00000188   SYSJMBI0
00000188   SYSJMBI0_L
00000189   SYSJMBI0_H
0000018a   SYSJMBI1
0000018a   SYSJMBI1_L
0000018b   SYSJMBI1_H
0000018c   SYSJMBO0
0000018c   SYSJMBO0_L
0000018d   SYSJMBO0_H
0000018e   SYSJMBO1
0000018e   SYSJMBO1_L
0000018f   SYSJMBO1_H
00000198   SYSBERRIV
00000198   SYSBERRIV_L
00000199   SYSBERRIV_H
0000019a   SYSUNIV
0000019a   SYSUNIV_L
0000019b   SYSUNIV_H
0000019c   SYSSNIV
0000019c   SYSSNIV_L
0000019d   SYSSNIV_H
0000019e   SYSRSTIV
0000019e   SYSRSTIV_L
0000019f   SYSRSTIV_H
000001b0   REFCTL0
000001b0   REFCTL0_L
000001b1   REFCTL0_H
000001c0   PMAPKEYID
000001c0   PMAPKEYID_L
000001c1   PMAPKEYID_H
000001c2   PMAPCTL
000001c2   PMAPCTL_L
000001c3   PMAPCTL_H
000001e0   P4MAP01
000001e0   P4MAP01_L
000001e1   P4MAP01_H
000001e2   P4MAP23
000001e2   P4MAP23_L
000001e3   P4MAP23_H
000001e4   P4MAP45
000001e4   P4MAP45_L
000001e5   P4MAP45_H
000001e6   P4MAP67
000001e6   P4MAP67_L
000001e7   P4MAP67_H
00000200   PAIN
00000200   PAIN_L
00000201   PAIN_H
00000202   PAOUT
00000202   PAOUT_L
00000203   PAOUT_H
00000204   PADIR
00000204   PADIR_L
00000205   PADIR_H
00000206   PAREN
00000206   PAREN_L
00000207   PAREN_H
00000208   PADS
00000208   PADS_L
00000209   PADS_H
0000020a   PASEL
0000020a   PASEL_L
0000020b   PASEL_H
0000020e   P1IV
00000218   PAIES
00000218   PAIES_L
00000219   PAIES_H
0000021a   PAIE
0000021a   PAIE_L
0000021b   PAIE_H
0000021c   PAIFG
0000021c   PAIFG_L
0000021d   PAIFG_H
0000021e   P2IV
00000220   PBIN
00000220   PBIN_L
00000221   PBIN_H
00000222   PBOUT
00000222   PBOUT_L
00000223   PBOUT_H
00000224   PBDIR
00000224   PBDIR_L
00000225   PBDIR_H
00000226   PBREN
00000226   PBREN_L
00000227   PBREN_H
00000228   PBDS
00000228   PBDS_L
00000229   PBDS_H
0000022a   PBSEL
0000022a   PBSEL_L
0000022b   PBSEL_H
00000240   PCIN
00000240   PCIN_L
00000241   PCIN_H
00000242   PCOUT
00000242   PCOUT_L
00000243   PCOUT_H
00000244   PCDIR
00000244   PCDIR_L
00000245   PCDIR_H
00000246   PCREN
00000246   PCREN_L
00000247   PCREN_H
00000248   PCDS
00000248   PCDS_L
00000249   PCDS_H
0000024a   PCSEL
0000024a   PCSEL_L
0000024b   PCSEL_H
00000260   PDIN
00000260   PDIN_L
00000261   PDIN_H
00000262   PDOUT
00000262   PDOUT_L
00000263   PDOUT_H
00000264   PDDIR
00000264   PDDIR_L
00000265   PDDIR_H
00000266   PDREN
00000266   PDREN_L
00000267   PDREN_H
00000268   PDDS
00000268   PDDS_L
00000269   PDDS_H
0000026a   PDSEL
0000026a   PDSEL_L
0000026b   PDSEL_H
00000320   PJIN
00000320   PJIN_L
00000321   PJIN_H
00000322   PJOUT
00000322   PJOUT_L
00000323   PJOUT_H
00000324   PJDIR
00000324   PJDIR_L
00000325   PJDIR_H
00000326   PJREN
00000326   PJREN_L
00000327   PJREN_H
00000328   PJDS
00000328   PJDS_L
00000329   PJDS_H
00000340   TA0CTL
00000342   TA0CCTL0
00000344   TA0CCTL1
00000346   TA0CCTL2
00000348   TA0CCTL3
0000034a   TA0CCTL4
00000350   TA0R
00000352   TA0CCR0
00000354   TA0CCR1
00000356   TA0CCR2
00000358   TA0CCR3
0000035a   TA0CCR4
00000360   TA0EX0
0000036e   TA0IV
00000380   TA1CTL
00000382   TA1CCTL0
00000384   TA1CCTL1
00000386   TA1CCTL2
00000390   TA1R
00000392   TA1CCR0
00000394   TA1CCR1
00000396   TA1CCR2
000003a0   TA1EX0
000003ae   TA1IV
000003c0   TB0CTL
000003c2   TB0CCTL0
000003c4   TB0CCTL1
000003c6   TB0CCTL2
000003c8   TB0CCTL3
000003ca   TB0CCTL4
000003cc   TB0CCTL5
000003ce   TB0CCTL6
000003d0   TB0R
000003d2   TB0CCR0
000003d4   TB0CCR1
000003d6   TB0CCR2
000003d8   TB0CCR3
000003da   TB0CCR4
000003dc   TB0CCR5
000003de   TB0CCR6
000003e0   TB0EX0
000003ee   TB0IV
00000400   TA2CTL
00000402   TA2CCTL0
00000404   TA2CCTL1
00000406   TA2CCTL2
00000410   TA2R
00000412   TA2CCR0
00000414   TA2CCR1
00000416   TA2CCR2
00000420   TA2EX0
0000042e   TA2IV
000004a0   RTCCTL01
000004a0   RTCCTL01_L
000004a1   RTCCTL01_H
000004a2   RTCCTL23
000004a2   RTCCTL23_L
000004a3   RTCCTL23_H
000004a8   RTCPS0CTL
000004a8   RTCPS0CTL_L
000004a9   RTCPS0CTL_H
000004aa   RTCPS1CTL
000004aa   RTCPS1CTL_L
000004ab   RTCPS1CTL_H
000004ac   RTCPS
000004ac   RTCPS_L
000004ad   RTCPS_H
000004ae   RTCIV
000004b0   RTCTIM0
000004b0   RTCTIM0_L
000004b1   RTCTIM0_H
000004b2   RTCTIM1
000004b2   RTCTIM1_L
000004b3   RTCTIM1_H
000004b4   RTCDATE
000004b4   RTCDATE_L
000004b5   RTCDATE_H
000004b6   RTCYEAR
000004b6   RTCYEAR_L
000004b7   RTCYEAR_H
000004b8   RTCAMINHR
000004b8   RTCAMINHR_L
000004b9   RTCAMINHR_H
000004ba   RTCADOWDAY
000004ba   RTCADOWDAY_L
000004bb   RTCADOWDAY_H
000004c0   MPY
000004c0   MPY_L
000004c1   MPY_H
000004c2   MPYS
000004c2   MPYS_L
000004c3   MPYS_H
000004c4   MAC
000004c4   MAC_L
000004c5   MAC_H
000004c6   MACS
000004c6   MACS_L
000004c7   MACS_H
000004c8   OP2
000004c8   OP2_L
000004c9   OP2_H
000004ca   RESLO
000004ca   RESLO_L
000004cb   RESLO_H
000004cc   RESHI
000004cc   RESHI_L
000004cd   RESHI_H
000004ce   SUMEXT
000004ce   SUMEXT_L
000004cf   SUMEXT_H
000004d0   MPY32L
000004d0   MPY32L_L
000004d1   MPY32L_H
000004d2   MPY32H
000004d2   MPY32H_L
000004d3   MPY32H_H
000004d4   MPYS32L
000004d4   MPYS32L_L
000004d5   MPYS32L_H
000004d6   MPYS32H
000004d6   MPYS32H_L
000004d7   MPYS32H_H
000004d8   MAC32L
000004d8   MAC32L_L
000004d9   MAC32L_H
000004da   MAC32H
000004da   MAC32H_L
000004db   MAC32H_H
000004dc   MACS32L
000004dc   MACS32L_L
000004dd   MACS32L_H
000004de   MACS32H
000004de   MACS32H_L
000004df   MACS32H_H
000004e0   OP2L
000004e0   OP2L_L
000004e1   OP2L_H
000004e2   OP2H
000004e2   OP2H_L
000004e3   OP2H_H
000004e4   RES0
000004e4   RES0_L
000004e5   RES0_H
000004e6   RES1
000004e6   RES1_L
000004e7   RES1_H
000004e8   RES2
000004e8   RES2_L
000004e9   RES2_H
000004ea   RES3
000004ea   RES3_L
000004eb   RES3_H
000004ec   MPY32CTL0
000004ec   MPY32CTL0_L
000004ed   MPY32CTL0_H
00000500   DMACTL0
00000500   DMACTL0_L
00000501   DMACTL0_H
00000502   DMACTL1
00000502   DMACTL1_L
00000503   DMACTL1_H
00000504   DMACTL2
00000504   DMACTL2_L
00000505   DMACTL2_H
00000506   DMACTL3
00000506   DMACTL3_L
00000507   DMACTL3_H
00000508   DMACTL4
00000508   DMACTL4_L
00000509   DMACTL4_H
0000050e   DMAIV
0000050e   DMAIV_L
0000050f   DMAIV_H
00000510   DMA0CTL
00000510   DMA0CTL_L
00000511   DMA0CTL_H
00000512   DMA0SA
00000512   DMA0SAL
00000516   DMA0DA
00000516   DMA0DAL
0000051a   DMA0SZ
00000520   DMA1CTL
00000520   DMA1CTL_L
00000521   DMA1CTL_H
00000522   DMA1SA
00000522   DMA1SAL
00000526   DMA1DA
00000526   DMA1DAL
0000052a   DMA1SZ
00000530   DMA2CTL
00000530   DMA2CTL_L
00000531   DMA2CTL_H
00000532   DMA2SA
00000532   DMA2SAL
00000536   DMA2DA
00000536   DMA2DAL
0000053a   DMA2SZ
000005c0   UCA0CTLW0
000005c0   UCA0CTLW0_L
000005c1   UCA0CTLW0_H
000005c6   UCA0BRW
000005c6   UCA0BRW_L
000005c7   UCA0BRW_H
000005c8   UCA0MCTL
000005ca   UCA0STAT
000005cc   UCA0RXBUF
000005ce   UCA0TXBUF
000005d0   UCA0ABCTL
000005d2   UCA0IRCTL
000005d2   UCA0IRCTL_L
000005d3   UCA0IRCTL_H
000005dc   UCA0ICTL
000005dc   UCA0ICTL_L
000005dd   UCA0ICTL_H
000005de   UCA0IV
000005e0   UCB0CTLW0
000005e0   UCB0CTLW0_L
000005e1   UCB0CTLW0_H
000005e6   UCB0BRW
000005e6   UCB0BRW_L
000005e7   UCB0BRW_H
000005ea   UCB0STAT
000005ec   UCB0RXBUF
000005ee   UCB0TXBUF
000005f0   UCB0I2COA
000005f0   UCB0I2COA_L
000005f1   UCB0I2COA_H
000005f2   UCB0I2CSA
000005f2   UCB0I2CSA_L
000005f3   UCB0I2CSA_H
000005fc   UCB0ICTL
000005fc   UCB0ICTL_L
000005fd   UCB0ICTL_H
000005fe   UCB0IV
00000600   UCA1CTLW0
00000600   UCA1CTLW0_L
00000601   UCA1CTLW0_H
00000606   UCA1BRW
00000606   UCA1BRW_L
00000607   UCA1BRW_H
00000608   UCA1MCTL
0000060a   UCA1STAT
0000060c   UCA1RXBUF
0000060e   UCA1TXBUF
00000610   UCA1ABCTL
00000612   UCA1IRCTL
00000612   UCA1IRCTL_L
00000613   UCA1IRCTL_H
0000061c   UCA1ICTL
0000061c   UCA1ICTL_L
0000061d   UCA1ICTL_H
0000061e   UCA1IV
00000620   UCB1CTLW0
00000620   UCB1CTLW0_L
00000621   UCB1CTLW0_H
00000626   UCB1BRW
00000626   UCB1BRW_L
00000627   UCB1BRW_H
0000062a   UCB1STAT
0000062c   UCB1RXBUF
0000062e   UCB1TXBUF
00000630   UCB1I2COA
00000630   UCB1I2COA_L
00000631   UCB1I2COA_H
00000632   UCB1I2CSA
00000632   UCB1I2CSA_L
00000633   UCB1I2CSA_H
0000063c   UCB1ICTL
0000063c   UCB1ICTL_L
0000063d   UCB1ICTL_H
0000063e   UCB1IV
00000700   ADC12CTL0
00000700   ADC12CTL0_L
00000701   ADC12CTL0_H
00000702   ADC12CTL1
00000702   ADC12CTL1_L
00000703   ADC12CTL1_H
00000704   ADC12CTL2
00000704   ADC12CTL2_L
00000705   ADC12CTL2_H
0000070a   ADC12IFG
0000070a   ADC12IFG_L
0000070b   ADC12IFG_H
0000070c   ADC12IE
0000070c   ADC12IE_L
0000070d   ADC12IE_H
0000070e   ADC12IV
0000070e   ADC12IV_L
0000070f   ADC12IV_H
00000710   ADC12MCTL0
00000711   ADC12MCTL1
00000712   ADC12MCTL2
00000713   ADC12MCTL3
00000714   ADC12MCTL4
00000715   ADC12MCTL5
00000716   ADC12MCTL6
00000717   ADC12MCTL7
00000718   ADC12MCTL8
00000719   ADC12MCTL9
0000071a   ADC12MCTL10
0000071b   ADC12MCTL11
0000071c   ADC12MCTL12
0000071d   ADC12MCTL13
0000071e   ADC12MCTL14
0000071f   ADC12MCTL15
00000720   ADC12MEM0
00000720   ADC12MEM0_L
00000721   ADC12MEM0_H
00000722   ADC12MEM1
00000722   ADC12MEM1_L
00000723   ADC12MEM1_H
00000724   ADC12MEM2
00000724   ADC12MEM2_L
00000725   ADC12MEM2_H
00000726   ADC12MEM3
00000726   ADC12MEM3_L
00000727   ADC12MEM3_H
00000728   ADC12MEM4
00000728   ADC12MEM4_L
00000729   ADC12MEM4_H
0000072a   ADC12MEM5
0000072a   ADC12MEM5_L
0000072b   ADC12MEM5_H
0000072c   ADC12MEM6
0000072c   ADC12MEM6_L
0000072d   ADC12MEM6_H
0000072e   ADC12MEM7
0000072e   ADC12MEM7_L
0000072f   ADC12MEM7_H
00000730   ADC12MEM8
00000730   ADC12MEM8_L
00000731   ADC12MEM8_H
00000732   ADC12MEM9
00000732   ADC12MEM9_L
00000733   ADC12MEM9_H
00000734   ADC12MEM10
00000734   ADC12MEM10_L
00000735   ADC12MEM10_H
00000736   ADC12MEM11
00000736   ADC12MEM11_L
00000737   ADC12MEM11_H
00000738   ADC12MEM12
00000738   ADC12MEM12_L
00000739   ADC12MEM12_H
0000073a   ADC12MEM13
0000073a   ADC12MEM13_L
0000073b   ADC12MEM13_H
0000073c   ADC12MEM14
0000073c   ADC12MEM14_L
0000073d   ADC12MEM14_H
0000073e   ADC12MEM15
0000073e   ADC12MEM15_L
0000073f   ADC12MEM15_H
000008c0   CBCTL0
000008c0   CBCTL0_L
000008c1   CBCTL0_H
000008c2   CBCTL1
000008c2   CBCTL1_L
000008c3   CBCTL1_H
000008c4   CBCTL2
000008c4   CBCTL2_L
000008c5   CBCTL2_H
000008c6   CBCTL3
000008c6   CBCTL3_L
000008c7   CBCTL3_H
000008cc   CBINT
000008cc   CBINT_L
000008cd   CBINT_H
000008ce   CBIV
00000900   USBKEYID
00000900   USBKEYID_L
00000901   USBKEYID_H
00000902   USBCNF
00000902   USBCNF_L
00000903   USBCNF_H
00000904   USBPHYCTL
00000904   USBPHYCTL_L
00000905   USBPHYCTL_H
00000908   USBPWRCTL
00000908   USBPWRCTL_L
00000909   USBPWRCTL_H
00000910   USBPLLCTL
00000910   USBPLLCTL_L
00000911   USBPLLCTL_H
00000912   USBPLLDIVB
00000912   USBPLLDIVB_L
00000913   USBPLLDIVB_H
00000914   USBPLLIR
00000914   USBPLLIR_L
00000915   USBPLLIR_H
00000920   USBIEPCNF_0
00000920   tEndPoint0DescriptorBlock
00000921   USBIEPCNT_0
00000922   USBOEPCNF_0
00000923   USBOEPCNT_0
0000092e   USBIEPIE
0000092f   USBOEPIE
00000930   USBIEPIFG
00000931   USBOEPIFG
00000932   USBVECINT
00000932   USBVECINT_L
00000933   USBVECINT_H
00000936   USBMAINT
00000936   USBMAINT_L
00000937   USBMAINT_H
00000938   USBTSREG
00000938   USBTSREG_L
00000939   USBTSREG_H
0000093a   USBFN
0000093a   USBFN_L
0000093b   USBFN_H
0000093c   USBCTL
0000093d   USBIE
0000093e   USBIFG
0000093f   USBFUNADR
00001c00   USBSTABUFF
00001c00   pbXBufferAddressEp1
00001c40   pbYBufferAddressEp1
00001c80   pbXBufferAddressEp81
00001cc0   pbYBufferAddressEp81
00001d00   pbXBufferAddressEp2
00001d40   pbYBufferAddressEp2
00001d80   pbXBufferAddressEp82
00001dc0   pbYBufferAddressEp82
00001e00   pbXBufferAddressEp3
0000236f   USBTOPBUFF
00002370   USBOEP0BUF
00002370   abOEP0Buffer
00002378   USBIEP0BUF
00002378   abIEP0Buffer
00002380   USBSUBLK
00002380   tSetupPacket
00002388   USBOEPCNF_1
00002388   tOutputEndPointDescriptorBlock
00002389   USBOEPBBAX_1
0000238a   USBOEPBCTX_1
0000238d   USBOEPBBAY_1
0000238e   USBOEPBCTY_1
0000238f   USBOEPSIZXY_1
00002390   USBOEPCNF_2
00002391   USBOEPBBAX_2
00002392   USBOEPBCTX_2
00002395   USBOEPBBAY_2
00002396   USBOEPBCTY_2
00002397   USBOEPSIZXY_2
00002398   USBOEPCNF_3
00002399   USBOEPBBAX_3
0000239a   USBOEPBCTX_3
0000239d   USBOEPBBAY_3
0000239e   USBOEPBCTY_3
0000239f   USBOEPSIZXY_3
000023a0   USBOEPCNF_4
000023a1   USBOEPBBAX_4
000023a2   USBOEPBCTX_4
000023a5   USBOEPBBAY_4
000023a6   USBOEPBCTY_4
000023a7   USBOEPSIZXY_4
000023a8   USBOEPCNF_5
000023a9   USBOEPBBAX_5
000023aa   USBOEPBCTX_5
000023ad   USBOEPBBAY_5
000023ae   USBOEPBCTY_5
000023af   USBOEPSIZXY_5
000023b0   USBOEPCNF_6
000023b1   USBOEPBBAX_6
000023b2   USBOEPBCTX_6
000023b5   USBOEPBBAY_6
000023b6   USBOEPBCTY_6
000023b7   USBOEPSIZXY_6
000023b8   USBOEPCNF_7
000023b9   USBOEPBBAX_7
000023ba   USBOEPBCTX_7
000023bd   USBOEPBBAY_7
000023be   USBOEPBCTY_7
000023bf   USBOEPSIZXY_7
000023c8   USBIEPCNF_1
000023c8   tInputEndPointDescriptorBlock
000023c9   USBIEPBBAX_1
000023ca   USBIEPBCTX_1
000023cd   USBIEPBBAY_1
000023ce   USBIEPBCTY_1
000023cf   USBIEPSIZXY_1
000023d0   USBIEPCNF_2
000023d1   USBIEPBBAX_2
000023d2   USBIEPBCTX_2
000023d5   USBIEPBBAY_2
000023d6   USBIEPBCTY_2
000023d7   USBIEPSIZXY_2
000023d8   USBIEPCNF_3
000023d9   USBIEPBBAX_3
000023da   USBIEPBCTX_3
000023dd   USBIEPBBAY_3
000023de   USBIEPBCTY_3
000023df   USBIEPSIZXY_3
000023e0   USBIEPCNF_4
000023e1   USBIEPBBAX_4
000023e2   USBIEPBCTX_4
000023e5   USBIEPBBAY_4
000023e6   USBIEPBCTY_4
000023e7   USBIEPSIZXY_4
000023e8   USBIEPCNF_5
000023e9   USBIEPBBAX_5
000023ea   USBIEPBCTX_5
000023ed   USBIEPBBAY_5
000023ee   USBIEPBCTY_5
000023ef   USBIEPSIZXY_5
000023f0   USBIEPCNF_6
000023f1   USBIEPBBAX_6
000023f2   USBIEPBCTX_6
000023f5   USBIEPBBAY_6
000023f6   USBIEPBCTY_6
000023f7   USBIEPSIZXY_6
000023f8   USBIEPCNF_7
000023f9   USBIEPBBAX_7
000023fa   USBIEPBCTX_7
000023fd   USBIEPBBAY_7
000023fe   USBIEPBCTY_7
000023ff   USBIEPSIZXY_7
00002400   .bss
00002400   RW_dataBuf
00002400   __bss__
00002800   DataCnt
00002802   logCnt
00002804   RWbuf_info
00002808   RWbuf
00002a08   mediaInfo
00002a14   dogs102x6Memory
00002d46   currentPage
00002d47   currentColumn
00002d48   backlight
00002d49   contrast
00002d4a   Dogs102x6_initMacro
00002d5c   bMcsCommandSupported
00002d5e   bMscCbwReceived
00002d60   xBufferAddr
00002d64   yBufferAddr
00002d68   sRwbuf
00002d76   Scsi_Residue
00002d7a   McsCbw
00002d9a   McsCsw
00002da8   RequestSenseResponse
00002dc8   MscWriteControl
00002de8   MscReadControl
00002e04   MscControl
00002e0a   sCtrlLun
00002e0c   bUnitAttention
00002e0d   bMscCbwFailed
00002e0e   Scsi_Standard_Inquiry_Data
00002f0e   bMscResetRequired
00002f10   Scsi_Read_Capacity_10
00002f18   Scsi_Mode_Sense_6
00002f1c   Scsi_Mode_Sense_10
00002f24   Scsi_Read_Format_Capacity
00002f30   dataBuffer
00002fb4   wBytesRemainingOnIEP0
00002fb6   wBytesRemainingOnOEP0
00002fc2   abUsbRequestReturnData
00002fca   abUsbRequestIncomingData
00002fd2   abramSerialStringDescriptor
00002ff4   bStatusAction
00002ff5   bFunctionSuspended
00002ff6   bEnumerationStatus
00002ff8   wUsbEventMask
0000304c   USBMSC_config
0000306b   accelData
0000306c   RevID
0000306d   Cma3000_xAccel
0000306e   Cma3000_yAccel
0000306f   Cma3000_zAccel
00003070   Cma3000_xAccel_offset
00003071   Cma3000_yAccel_offset
00003072   Cma3000_zAccel_offset
00003073   bDetectCard
00003074   USB_TX_memcpy
00003078   USB_RX_memcpy
0000307c   _lock
00003080   _unlock
00003084   _cleanup_ptr
00003088   _dtors_ptr
0000308c   buttonDebounce
0000308e   buttonsPressed
00003090   positionData
00003092   positionDataOld
00003094   INS
00003098   timeoutCounter
0000309a   isMSCConfigured
0000309e   __end__
0000309e   end
00004360   _stack
00004400   __STACK_END
00004400   iUsbInterruptHandler
00004578   UNMI_ISR
000045b6   Port1_ISR
000045f2   Port2_ISR
0000462e   _c_int00
0000462e   _c_int00_noexit
00004658   WDT_ISR
00004672   ADC12_ISR
00004688   __cinit__
00004688   cinit
000047ba   USBMSC_bufferProcessed
00004a82   USBCDC_receiveData
00004c76   Scsi_Cmd_Parser
00004e5c   USBMSC_updateMediaInfo
00004ffe   MSCFromHostToBuffer
0000519c   lab4
00005330   CdcToHostFromBuffer
0000549e   HidToHostFromBuffer
0000560a   MSCToHostFromBuffer
0000576c   HidToBufferFromHost
000058c6   USB_reset
00005a1e   main
00005b62   disk_initialize
00005c9e   CdcToBufferFromHost
00005dcc   Scsi_Inquiry
00005ef0   USBMSC_poll
00005fea   disk_ioctl
000060d4   Board_init
000061b8   Init_FLL
0000629c   USBCDC_intfStatus
00006378   USB_InitSerialStringDescriptor
00006452   Scsi_Request_Sense
00006522   Check_CBW
000066be   disk_write
00006784   Scsi_Write10
00006844   Scsi_Read10
000069b4   disk_read
00006a54   USBCDC_bytesInUSBBuffer
00006aec   usbDecodeAndProcessUsbRequest
00006b84   USB_connectionState
00006c1a   USBCDC_sendData
00006d36   Dogs102x6_charDraw
00006dc0   USB_enable
00006e48   validateCSD
00006ece   CopyUsbToBuff
00006f52   HidCopyUsbToBuff
00006fd6   Dogs102x6_stringDraw
00007050   Scsi_Unknown_Request
000070ca   Dogs102x6_init
00007142   usbSendNextPacketOnIEP0
000071b6   read_LUN0
00007226   usbGetEndpointStatus
00007296   Dogs102x6_writeData
00007304   MscCopyUsbToBuff
00007372   cdcSendDataInBackground
000073e0   write_LUN0
0000744e   usbClearEndpointFeature
000074b6   Msc_ResetStruct
0000751a   Reset_RequestSenseResponse
0000757e   Get_TLV_Info
000075e0   MscSendData
00007640   Scsi_Verify_CBW
0000769c   _auto_init
000076f8   checkInsertionRemoval
00007752   msc_Init
000077ac   Dogs102x6_setAddress
00007804   USB_init
000078ae   Board_ledOff
000078fc   OEP0InterruptHandler
00007998   msc_Loop
000079e4   SDCard_init
00007a2e   PWRVBUSoffHandler
00007a76   SetupPacketInterruptHandler
00007abe   usbReceiveNextPacketOnOEP0
00007b06   usbGetStringDescriptor
00007b4a   usbSetEndpointFeature
00007b8e   ClockUSB
00007bd0   USBMSC_reset
00007c12   Dogs102x6_imageDraw
00007c52   cdcReceiveDataInBuffer
00007c92   usbGetLineCoding0
00007cd2   usbSetInterface
00007d12   Dogs102x6_setBacklight
00007d50   SetVCore
00007d8e   USBMSC_getState
00007dcc   L_LSL_15
00007dd0   L_LSL_14
00007dd4   L_LSL_13
00007dd8   L_LSL_12
00007ddc   L_LSL_11
00007de0   L_LSL_10
00007de4   L_LSL_9
00007de8   L_LSL_8
00007dec   L_LSL_7
00007df0   L_LSL_6
00007df4   L_LSL_5
00007df8   L_LSL_4
00007dfc   L_LSL_3
00007e00   L_LSL_2
00007e04   L_LSL_1
00007e0a   L_LSR_15
00007e0e   L_LSR_14
00007e12   L_LSR_13
00007e16   L_LSR_12
00007e1a   L_LSR_11
00007e1e   L_LSR_10
00007e22   L_LSR_9
00007e26   L_LSR_8
00007e2a   L_LSR_7
00007e2e   L_LSR_6
00007e32   L_LSR_5
00007e36   L_LSR_4
00007e3a   L_LSR_3
00007e3e   L_LSR_2
00007e42   L_LSR_1
00007e48   Dogs102x6_writeCommand
00007e84   Scsi_Send_CSW
00007ec0   LFXT_Start
00007ef8   Dogs102x6_clearScreen
00007f2e   PWRVBUSonHandler
00007f64   Scsi_Mode_Sense10
00007f9a   Scsi_Mode_Sense6
00007fd0   CdcIsReceiveInProgress
00008002   Dogs102x6_setContrast
00008034   HidIsReceiveInProgress
00008066   Init_FLL_Settle
00008098   SDCard_readFrame
000080ca   USB_connectionInfo
000080fc   USB_suspend
00008160   Dogs102x6_backlightInit
00008190   XT2_Start
000081c0   detectCard
000081f0   Handler_SetLineCoding0
0000821e   Handler_SetLineCoding1
0000824c   Handler_SetLineCoding2
0000827a   MscResetData
000082a8   USBMSC_registerBufInfo
000082d6   usbStallEndpoint
00008304   Scsi_Read_Capacity10
00008330   memcpyDMA0
0000835c   usbGetHidDescriptor
00008388   CdcResetData
000083b2   HidResetData
000083dc   memcpy
00008406   SDCard_sendFrame
0000842e   SET_RequestsenseMediaNotPresent
00008456   SET_RequestsenseNotReady
0000847e   Scsi_Report_Luns
000084a6   USB_connect
000084ce   USB_initMemcpy
000084f6   usbGetDeviceStatus
0000851e   Wheel_init
00008544   USB_disable
00008566   __mpyl_f5hw
00008588   disk_status
000085a8   memset
000085c8   usbSendDataPacketOnEP0
000085e8   usbSetConfiguration
00008606   IEP0InterruptHandler
00008622   usbGetInterface
0000863c   usbGetInterfaceStatus
00008656   usbSetAddress
00008670   Get_MaxLUN
00008688   USB_resume
000086b8   Scsi_Test_Unit_Ready
000086ce   __divu
000086ce   __remu
000086e4   __mpyi_f5hw
000086fa   usbGetReport
00008710   USB_handleVbusOnEvent
00008724   usbClearOEPByteCount
00008738   usbStallInEndpoint
0000874c   usbStallOutEndpoint
00008760   Buttons_interruptEnable
00008772   SDCard_fastMode
00008796   usbClearDeviceFeature
000087a8   usbGetConfigurationDescriptor
000087ba   usbGetDeviceDescriptor
000087cc   usbReceiveDataPacketOnEP0
000087de   usbSetDeviceFeature
000087f0   Buttons_startWDT
00008800   L_LSL
00008810   usbGetConfiguration
00008820   Buttons_init
0000882e   Cma3000_setAccel_offset
0000883c   Msc_ResetStateMachine
0000884a   usbGetReportDescriptor
00008858   usbSendZeroLengthPacketOnIEP0
00008866   MscResetCtrlLun
00008872   usbInvalidRequest
0000887e   _system_pre_init
00008888   I_ASR
00008892   I_LSL
0000889c   I_LSR
000088a6   usbStallEndpoint0
000088b0   Handler_InFeature
000088b8   SDCard_setCSHigh
000088c0   SDCard_setCSLow
000088c8   USB_setEnabledEvents
000088d0   usbSetLineCoding0
000088d8   usbSetReport
000088e0   Msc_ResetFlags
000088e6   USBMSC_fetchInfoStruct
000088ec   usbClearOEP0ByteCount
000088f2   usbStallOEP0
000088f8   USBCDC_handleDataReceived
000088fc   USBCDC_handleReceiveCompleted
00008900   USBCDC_handleSendCompleted
00008904   USBHID_handleDataReceived
00008908   USBHID_handleReceiveCompleted
0000890c   USBHID_handleSendCompleted
00008910   USBMSC_handleBufferEvent
00008914   USB_handleClockEvent
00008918   USB_handleEnumCompleteEvent
0000891c   USB_handleResetEvent
00008920   USB_handleResumeEvent
00008924   USB_handleSuspendEvent
00008928   USB_handleVbusOffEvent
0000892c   C$$EXIT
0000892c   abort
00008934   usbSetControlLineState
0000893c   Handler_InReport
0000893e   _nop
00008d9e   tUsbRequestList
00008efc   abromStringDescriptor
00008ff0   abromConfigurationDescriptorGroup
00009114   abromReportDescriptor
00009148   stUsbHandle
00009178   bScsi_Standard_Inquiry_Data
000091ae   abromDeviceDescriptor
000091c0   Report_Luns
000091d0   BYTES_PER_BLOCK
0000fffe   _reset_vector
ffffffff   .text
ffffffff   __binit__
ffffffff   __c_args__
ffffffff   __etext__
ffffffff   __pinit__
ffffffff   __text__
ffffffff   binit
ffffffff   etext
ffffffff   pinit

[1075 symbols]
