******************************************************************************
                  MSP430 Linker PC v4.0.0                      
******************************************************************************
>> Linked Wed Aug 22 17:07:32 2012

OUTPUT FILE NAME:   <LAB1.out>
ENTRY POINT SYMBOL: "_c_int00"  address: 000045f0


MEMORY CONFIGURATION

         name            origin    length      used     unused   attr    fill
----------------------  --------  ---------  --------  --------  ----  --------
  SFR                   00000000   00000010  00000000  00000010  RWIX
  PERIPHERALS_8BIT      00000010   000000f0  00000000  000000f0  RWIX
  PERIPHERALS_16BIT     00000100   00000100  00000000  00000100  RWIX
  INFOD                 00001800   00000080  00000000  00000080  RWIX
  INFOC                 00001880   00000080  00000000  00000080  RWIX
  INFOB                 00001900   00000080  00000000  00000080  RWIX
  INFOA                 00001980   00000080  00000000  00000080  RWIX
  RAM                   00002400   00002000  000006c4  0000193c  RWIX
  FLASH                 00004400   0000bb80  00004a43  0000713d  RWIX
  INT00                 0000ff80   00000002  00000000  00000002  RWIX
  INT01                 0000ff82   00000002  00000000  00000002  RWIX
  INT02                 0000ff84   00000002  00000000  00000002  RWIX
  INT03                 0000ff86   00000002  00000000  00000002  RWIX
  INT04                 0000ff88   00000002  00000000  00000002  RWIX
  INT05                 0000ff8a   00000002  00000000  00000002  RWIX
  INT06                 0000ff8c   00000002  00000000  00000002  RWIX
  INT07                 0000ff8e   00000002  00000000  00000002  RWIX
  INT08                 0000ff90   00000002  00000000  00000002  RWIX
  INT09                 0000ff92   00000002  00000000  00000002  RWIX
  INT10                 0000ff94   00000002  00000000  00000002  RWIX
  INT11                 0000ff96   00000002  00000000  00000002  RWIX
  INT12                 0000ff98   00000002  00000000  00000002  RWIX
  INT13                 0000ff9a   00000002  00000000  00000002  RWIX
  INT14                 0000ff9c   00000002  00000000  00000002  RWIX
  INT15                 0000ff9e   00000002  00000000  00000002  RWIX
  INT16                 0000ffa0   00000002  00000000  00000002  RWIX
  INT17                 0000ffa2   00000002  00000000  00000002  RWIX
  INT18                 0000ffa4   00000002  00000000  00000002  RWIX
  INT19                 0000ffa6   00000002  00000000  00000002  RWIX
  INT20                 0000ffa8   00000002  00000000  00000002  RWIX
  INT21                 0000ffaa   00000002  00000000  00000002  RWIX
  INT22                 0000ffac   00000002  00000000  00000002  RWIX
  INT23                 0000ffae   00000002  00000000  00000002  RWIX
  INT24                 0000ffb0   00000002  00000000  00000002  RWIX
  INT25                 0000ffb2   00000002  00000000  00000002  RWIX
  INT26                 0000ffb4   00000002  00000000  00000002  RWIX
  INT27                 0000ffb6   00000002  00000000  00000002  RWIX
  INT28                 0000ffb8   00000002  00000000  00000002  RWIX
  INT29                 0000ffba   00000002  00000000  00000002  RWIX
  INT30                 0000ffbc   00000002  00000000  00000002  RWIX
  INT31                 0000ffbe   00000002  00000000  00000002  RWIX
  INT32                 0000ffc0   00000002  00000000  00000002  RWIX
  INT33                 0000ffc2   00000002  00000000  00000002  RWIX
  INT34                 0000ffc4   00000002  00000000  00000002  RWIX
  INT35                 0000ffc6   00000002  00000000  00000002  RWIX
  INT36                 0000ffc8   00000002  00000000  00000002  RWIX
  INT37                 0000ffca   00000002  00000000  00000002  RWIX
  INT38                 0000ffcc   00000002  00000000  00000002  RWIX
  INT39                 0000ffce   00000002  00000000  00000002  RWIX
  INT40                 0000ffd0   00000002  00000000  00000002  RWIX
  INT41                 0000ffd2   00000002  00000002  00000000  RWIX
  INT42                 0000ffd4   00000002  00000002  00000000  RWIX
  INT43                 0000ffd6   00000002  00000000  00000002  RWIX
  INT44                 0000ffd8   00000002  00000000  00000002  RWIX
  INT45                 0000ffda   00000002  00000000  00000002  RWIX
  INT46                 0000ffdc   00000002  00000000  00000002  RWIX
  INT47                 0000ffde   00000002  00000002  00000000  RWIX
  INT48                 0000ffe0   00000002  00000000  00000002  RWIX
  INT49                 0000ffe2   00000002  00000000  00000002  RWIX
  INT50                 0000ffe4   00000002  00000000  00000002  RWIX
  INT51                 0000ffe6   00000002  00000002  00000000  RWIX
  INT52                 0000ffe8   00000002  00000000  00000002  RWIX
  INT53                 0000ffea   00000002  00000000  00000002  RWIX
  INT54                 0000ffec   00000002  00000002  00000000  RWIX
  INT55                 0000ffee   00000002  00000000  00000002  RWIX
  INT56                 0000fff0   00000002  00000000  00000002  RWIX
  INT57                 0000fff2   00000002  00000002  00000000  RWIX
  INT58                 0000fff4   00000002  00000000  00000002  RWIX
  INT59                 0000fff6   00000002  00000000  00000002  RWIX
  INT60                 0000fff8   00000002  00000000  00000002  RWIX
  INT61                 0000fffa   00000002  00000000  00000002  RWIX
  INT62                 0000fffc   00000002  00000000  00000002  RWIX
  RESET                 0000fffe   00000002  00000002  00000000  RWIX
  FLASH2                00010000   00014400  00000000  00014400  RWIX


SECTION ALLOCATION MAP

 output                                  attributes/
section   page    origin      length       input sections
--------  ----  ----------  ----------   ----------------
.pinit     0    00004400    00000000     UNINITIALIZED

.bss       0    00002400    00000624     UNINITIALIZED
                  00002400    00000346     MSP-EXP430F5529_UE.lib : HAL_Dogs102x6.obj (.bss)
                  00002746    000001d6                            : UsbMscScsi.obj (.bss)
                  0000291c    00000048                            : usb.obj (.bss)
                  00002964    0000002e                            : UsbCdc.obj (.bss)
                  00002992    00000027     lab1.obj (.bss)
                  000029b9    00000001     MSP-EXP430F5529_UE.lib : UsbHidReq.obj (.bss)
                  000029ba    00000024                            : UsbHid.obj (.bss)
                  000029de    0000001f     UsbMscUser.obj (.bss)
                  000029fd    00000001     --HOLE--
                  000029fe    00000008     MSP-EXP430F5529_UE.lib : dma.obj (.bss)
                  00002a06    00000008     rts430xl.lib : _lock.obj (.bss)
                  00002a0e    00000008                  : boot.obj (.bss)
                  00002a16    00000004     MSP-EXP430F5529_UE.lib : HAL_Buttons.obj (.bss)
                  00002a1a    00000004                            : HAL_Wheel.obj (.bss)
                  00002a1e    00000002     LAB1main.obj (.bss)
                  00002a20    00000002     MSP-EXP430F5529_UE.lib : UsbMscReq.obj (.bss)
                  00002a22    00000002                            : UsbMscStateMachine.obj (.bss)

.stack     0    00004360    000000a0     UNINITIALIZED
                  00004360    00000004     rts430xl.lib : boot.obj (.stack)
                  00004364    0000009c     --HOLE--

.text:_isr 
*          0    00004400    00000260     
                  00004400    00000178     UsbIsr.obj (.text:_isr:iUsbInterruptHandler)
                  00004578    0000003c     MSP-EXP430F5529_UE.lib : HAL_Buttons.obj (.text:_isr:Port1_ISR)
                  000045b4    0000003c                            : HAL_Buttons.obj (.text:_isr:Port2_ISR)
                  000045f0    0000002a     rts430xl.lib : boot.obj (.text:_isr:_c_int00_noexit)
                  0000461a    0000001a     MSP-EXP430F5529_UE.lib : HAL_Buttons.obj (.text:_isr:WDT_ISR)
                  00004634    00000016                            : HAL_Wheel.obj (.text:_isr:ADC12_ISR)
                  0000464a    00000016     lab1.obj (.text:_isr:RTC_ISR)

.cinit     0    00004660    0000016a     
                  00004660    0000005f     lab1.obj (.cinit)
                  000046bf    00000001     --HOLE-- [fill = 0]
                  000046c0    00000052     MSP-EXP430F5529_UE.lib : UsbMscScsi.obj (.cinit)
                  00004712    00000036                            : HAL_Dogs102x6.obj (.cinit)
                  00004748    00000026     UsbMscUser.obj (.cinit)
                  0000476e    00000021     MSP-EXP430F5529_UE.lib : UsbCdc.obj (.cinit)
                  0000478f    00000001     --HOLE-- [fill = 0]
                  00004790    00000017                            : usb.obj (.cinit)
                  000047a7    00000001     --HOLE-- [fill = 0]
                  000047a8    00000010                            : HAL_Buttons.obj (.cinit)
                  000047b8    00000008                            : UsbMscReq.obj (.cinit)
                  000047c0    00000008                            : UsbMscStateMachine.obj (.cinit)
                  000047c8    00000002     --HOLE-- [fill = 0]

.text      0    000047ca    0000385c     
                  000047ca    000008e6     lab1.obj (.text:SetTime)
                  000050b0    000001be     lab1.obj (.text:AnalogClockUpdate)
                  0000526e    0000019e     MSP-EXP430F5529_UE.lib : UsbMscScsi.obj (.text:MSCFromHostToBuffer)
                  0000540c    00000182                            : HAL_Dogs102x6.obj (.text:Dogs102x6_verticalLineDraw)
                  0000558e    0000016e                            : UsbCdc.obj (.text:CdcToHostFromBuffer)
                  000056fc    0000016c                            : UsbHid.obj (.text:HidToHostFromBuffer)
                  00005868    00000162                            : UsbMscScsi.obj (.text:MSCToHostFromBuffer)
                  000059ca    0000015a                            : UsbHid.obj (.text:HidToBufferFromHost)
                  00005b24    00000158                            : usb.obj (.text:USB_reset)
                  00005c7c    00000148                            : HAL_Dogs102x6.obj (.text:Dogs102x6_circleDraw)
                  00005dc4    00000140                            : HAL_Dogs102x6.obj (.text:Dogs102x6_charDrawXY)
                  00005f04    00000138                            : HAL_Dogs102x6.obj (.text:Dogs102x6_lineDraw)
                  0000603c    00000132     LAB1main.obj (.text:main)
                  0000616e    0000012e     MSP-EXP430F5529_UE.lib : UsbCdc.obj (.text:CdcToBufferFromHost)
                  0000629c    00000114     lab1.obj (.text:AnalogClockDrawHand)
                  000063b0    000000e4     MSP-EXP430F5529_UE.lib : HAL_Board.obj (.text:Board_init)
                  00006494    000000e4                            : HAL_UCS.obj (.text:Init_FLL)
                  00006578    000000d2     lab1.obj (.text:DigitalClockUpdate)
                  0000664a    000000ce     MSP-EXP430F5529_UE.lib : HAL_PMM.obj (.text:SetVCoreUp)
                  00006718    000000c4                            : HAL_Dogs102x6.obj (.text:Dogs102x6_horizontalLineDraw)
                  000067dc    000000bc     lab1.obj (.text:AnalogClockInit)
                  00006898    000000a2     MSP-EXP430F5529_UE.lib : HAL_Menu.obj (.text:Menu_active)
                  0000693a    00000098                            : usb.obj (.text:usbDecodeAndProcessUsbRequest)
                  000069d2    0000008c                            : HAL_PMM.obj (.text:SetVCoreDown)
                  00006a5e    0000008a                            : HAL_Dogs102x6.obj (.text:Dogs102x6_charDraw)
                  00006ae8    00000088                            : usb.obj (.text:USB_enable)
                  00006b70    00000086     lab1.obj (.text:WriteFlashSettings)
                  00006bf6    00000084     lab1.obj (.text:ContrastSetting)
                  00006c7a    00000084     MSP-EXP430F5529_UE.lib : UsbCdc.obj (.text:CopyUsbToBuff)
                  00006cfe    00000084                            : UsbHid.obj (.text:HidCopyUsbToBuff)
                  00006d82    00000082                            : HAL_Dogs102x6.obj (.text:Dogs102x6_pixelDraw)
                  00006e04    0000007a                            : HAL_Dogs102x6.obj (.text:Dogs102x6_stringDraw)
                  00006e7e    00000078     lab1.obj (.text:BacklightSetting)
                  00006ef6    00000078     MSP-EXP430F5529_UE.lib : HAL_Dogs102x6.obj (.text:Dogs102x6_init)
                  00006f6e    00000074                            : usb.obj (.text:usbSendNextPacketOnIEP0)
                  00006fe2    00000070                            : usb.obj (.text:usbGetEndpointStatus)
                  00007052    0000006e                            : HAL_Dogs102x6.obj (.text:Dogs102x6_writeData)
                  000070c0    0000006e                            : UsbMscScsi.obj (.text:MscCopyUsbToBuff)
                  0000712e    0000006a     lab1.obj (.text:DisplayDigitalClock)
                  00007198    00000068     MSP-EXP430F5529_UE.lib : usb.obj (.text:usbClearEndpointFeature)
                  00007200    00000064                            : UsbMscScsi.obj (.text:Msc_ResetStruct)
                  00007264    00000064                            : UsbMscScsi.obj (.text:Reset_RequestSenseResponse)
                  000072c8    00000060     lab1.obj (.text:lab1)
                  00007328    0000005c     rts430xl.lib : autoinit.obj (.text:_auto_init)
                  00007384    00000058     MSP-EXP430F5529_UE.lib : HAL_Dogs102x6.obj (.text:Dogs102x6_setAddress)
                  000073dc    00000054                            : HAL_Wheel.obj (.text:Wheel_getValue)
                  00007430    0000004e     UsbIsr.obj (.text:OEP0InterruptHandler)
                  0000747e    00000048     MSP-EXP430F5529_UE.lib : HAL_Dogs102x6.obj (.text:Dogs102x6_clearImage)
                  000074c6    00000048                            : HAL_Dogs102x6.obj (.text:Dogs102x6_stringDrawXY)
                  0000750e    00000048     UsbIsr.obj (.text:PWRVBUSoffHandler)
                  00007556    00000048     UsbIsr.obj (.text:SetupPacketInterruptHandler)
                  0000759e    00000048     MSP-EXP430F5529_UE.lib : usb.obj (.text:usbReceiveNextPacketOnOEP0)
                  000075e6    00000044                            : usb.obj (.text:usbGetStringDescriptor)
                  0000762a    00000044                            : usb.obj (.text:usbSetEndpointFeature)
                  0000766e    00000042                            : UsbMscReq.obj (.text:USBMSC_reset)
                  000076b0    00000040                            : HAL_Dogs102x6.obj (.text:Dogs102x6_imageDraw)
                  000076f0    00000040                            : UsbCdc.obj (.text:usbGetLineCoding0)
                  00007730    00000040                            : usb.obj (.text:usbSetInterface)
                  00007770    0000003e                            : HAL_Dogs102x6.obj (.text:Dogs102x6_setBacklight)
                  000077ae    0000003e                            : HAL_PMM.obj (.text:SetVCore)
                  000077ec    0000003e     rts430xl.lib : lsl32.obj (.text:l_lsl_const)
                  0000782a    0000003e                  : lsr32.obj (.text:l_lsr_const)
                  00007868    0000003c     MSP-EXP430F5529_UE.lib : HAL_Dogs102x6.obj (.text:Dogs102x6_writeCommand)
                  000078a4    0000003a     lab1.obj (.text:DigitalClockDraw)
                  000078de    00000038     MSP-EXP430F5529_UE.lib : HAL_UCS.obj (.text:LFXT_Start)
                  00007916    00000036                            : HAL_Dogs102x6.obj (.text:Dogs102x6_clearScreen)
                  0000794c    00000036     UsbIsr.obj (.text:PWRVBUSonHandler)
                  00007982    00000036     MSP-EXP430F5529_UE.lib : HAL_Wheel.obj (.text:Wheel_getPosition)
                  000079b8    00000032                            : UsbCdc.obj (.text:CdcIsReceiveInProgress)
                  000079ea    00000032                            : HAL_Dogs102x6.obj (.text:Dogs102x6_setContrast)
                  00007a1c    00000032                            : UsbHid.obj (.text:HidIsReceiveInProgress)
                  00007a4e    00000032                            : HAL_UCS.obj (.text:Init_FLL_Settle)
                  00007a80    00000032                            : usb.obj (.text:USB_suspend)
                  00007ab2    00000030     lab1.obj (.text:DisplayAnalogClock)
                  00007ae2    00000030     MSP-EXP430F5529_UE.lib : HAL_Dogs102x6.obj (.text:Dogs102x6_backlightInit)
                  00007b12    00000030     lab1.obj (.text:SetupRTC)
                  00007b42    00000030     MSP-EXP430F5529_UE.lib : HAL_UCS.obj (.text:XT2_Start)
                  00007b72    0000002e                            : UsbCdc.obj (.text:Handler_SetLineCoding0)
                  00007ba0    0000002e                            : UsbCdc.obj (.text:Handler_SetLineCoding1)
                  00007bce    0000002e                            : UsbCdc.obj (.text:Handler_SetLineCoding2)
                  00007bfc    0000002e                            : UsbMscScsi.obj (.text:MscResetData)
                  00007c2a    0000002c                            : UsbHidReq.obj (.text:usbGetHidDescriptor)
                  00007c56    0000002a                            : UsbCdc.obj (.text:CdcResetData)
                  00007c80    0000002a                            : UsbHid.obj (.text:HidResetData)
                  00007caa    0000002a     rts430xl.lib : memcpy.obj (.text:memcpy)
                  00007cd4    00000028     MSP-EXP430F5529_UE.lib : usb.obj (.text:USB_connect)
                  00007cfc    00000028                            : usb.obj (.text:usbGetDeviceStatus)
                  00007d24    00000026                            : HAL_Wheel.obj (.text:Wheel_init)
                  00007d4a    00000022     rts430xl.lib : mult32_f5hw.obj (.text)
                  00007d6c    00000020                  : memset.obj (.text:memset)
                  00007d8c    00000020     MSP-EXP430F5529_UE.lib : usb.obj (.text:usbSendDataPacketOnEP0)
                  00007dac    0000001e                            : usb.obj (.text:usbSetConfiguration)
                  00007dca    0000001c     UsbIsr.obj (.text:IEP0InterruptHandler)
                  00007de6    0000001a     MSP-EXP430F5529_UE.lib : usb.obj (.text:usbGetInterface)
                  00007e00    0000001a                            : usb.obj (.text:usbGetInterfaceStatus)
                  00007e1a    0000001a                            : usb.obj (.text:usbSetAddress)
                  00007e34    00000018                            : UsbMscReq.obj (.text:Get_MaxLUN)
                  00007e4c    00000018                            : usb.obj (.text:USB_resume)
                  00007e64    00000016     rts430xl.lib : div16u.obj (.text)
                  00007e7a    00000016                  : mult16_f5hw.obj (.text)
                  00007e90    00000016     MSP-EXP430F5529_UE.lib : UsbHidReq.obj (.text:usbGetReport)
                  00007ea6    00000014     usb_eventHandling.obj (.text:USB_handleVbusOnEvent)
                  00007eba    00000012     MSP-EXP430F5529_UE.lib : HAL_Buttons.obj (.text:Buttons_interruptEnable)
                  00007ecc    00000012                            : usb.obj (.text:usbClearDeviceFeature)
                  00007ede    00000012                            : usb.obj (.text:usbGetConfigurationDescriptor)
                  00007ef0    00000012                            : usb.obj (.text:usbGetDeviceDescriptor)
                  00007f02    00000012                            : usb.obj (.text:usbReceiveDataPacketOnEP0)
                  00007f14    00000012                            : usb.obj (.text:usbSetDeviceFeature)
                  00007f26    00000010                            : HAL_Buttons.obj (.text:Buttons_startWDT)
                  00007f36    00000010                            : usb.obj (.text:usbGetConfiguration)
                  00007f46    0000000e                            : HAL_Buttons.obj (.text:Buttons_init)
                  00007f54    0000000e                            : UsbMscStateMachine.obj (.text:Msc_ResetStateMachine)
                  00007f62    0000000e                            : UsbHidReq.obj (.text:usbGetReportDescriptor)
                  00007f70    0000000e                            : usb.obj (.text:usbSendZeroLengthPacketOnIEP0)
                  00007f7e    0000000c                            : usb.obj (.text:usbInvalidRequest)
                  00007f8a    0000000a     system_pre_init.obj (.text:_system_pre_init)
                  00007f94    0000000a     rts430xl.lib : asr16.obj (.text)
                  00007f9e    0000000a                  : lsl16.obj (.text)
                  00007fa8    0000000a                  : lsr16.obj (.text)
                  00007fb2    0000000a     MSP-EXP430F5529_UE.lib : usb.obj (.text:usbStallEndpoint0)
                  00007fbc    00000008                            : UsbHidReportHandler.obj (.text:Handler_InFeature)
                  00007fc4    00000008                            : UsbCdc.obj (.text:usbSetLineCoding0)
                  00007fcc    00000008                            : UsbHidReq.obj (.text:usbSetReport)
                  00007fd4    00000006                            : UsbMscScsi.obj (.text:Msc_ResetFlags)
                  00007fda    00000006                            : usb.obj (.text:usbClearOEP0ByteCount)
                  00007fe0    00000006                            : usb.obj (.text:usbStallOEP0)
                  00007fe6    00000004     usb_eventHandling.obj (.text:USBCDC_handleDataReceived)
                  00007fea    00000004     usb_eventHandling.obj (.text:USBCDC_handleReceiveCompleted)
                  00007fee    00000004     usb_eventHandling.obj (.text:USBCDC_handleSendCompleted)
                  00007ff2    00000004     usb_eventHandling.obj (.text:USBHID_handleDataReceived)
                  00007ff6    00000004     usb_eventHandling.obj (.text:USBHID_handleReceiveCompleted)
                  00007ffa    00000004     usb_eventHandling.obj (.text:USBHID_handleSendCompleted)
                  00007ffe    00000004     usb_eventHandling.obj (.text:USBMSC_handleBufferEvent)
                  00008002    00000004     usb_eventHandling.obj (.text:USB_handleClockEvent)
                  00008006    00000004     usb_eventHandling.obj (.text:USB_handleEnumCompleteEvent)
                  0000800a    00000004     usb_eventHandling.obj (.text:USB_handleResetEvent)
                  0000800e    00000004     usb_eventHandling.obj (.text:USB_handleResumeEvent)
                  00008012    00000004     usb_eventHandling.obj (.text:USB_handleSuspendEvent)
                  00008016    00000004     usb_eventHandling.obj (.text:USB_handleVbusOffEvent)
                  0000801a    00000004     rts430xl.lib : exit.obj (.text:abort)
                  0000801e    00000004     MSP-EXP430F5529_UE.lib : UsbCdc.obj (.text:usbSetControlLineState)
                  00008022    00000002                            : UsbHidReportHandler.obj (.text:Handler_InReport)
                  00008024    00000002     rts430xl.lib : _lock.obj (.text:_nop)

.const     0    00008026    00000e1d     
                  00008026    00000332     lab1.obj (.const:digitalWatch)
                  00008358    0000024c     MSP-EXP430F5529_UE.lib : HAL_Dogs102x6.obj (.const:FONT6x8)
                  000085a4    00000212     LAB1main.obj (.const:tiBug)
                  000087b6    0000015e     descriptors.obj (.const:tUsbRequestList)
                  00008914    00000122     lab1.obj (.const:sunglasses)
                  00008a36    000000f4     descriptors.obj (.const:abromStringDescriptor)
                  00008b2a    000000c2     lab1.obj (.const:lightbulb)
                  00008bec    000000ac     lab1.obj (.const:.string)
                  00008c98    00000082     descriptors.obj (.const)
                  00008d1a    00000048     LAB1main.obj (.const:.string)
                  00008d62    00000040     lab1.obj (.const:cos)
                  00008da2    00000034     descriptors.obj (.const:abromReportDescriptor)
                  00008dd6    00000030     descriptors.obj (.const:stUsbHandle)
                  00008e06    00000018     lab1.obj (.const:clockMenuText)
                  00008e1e    00000012     descriptors.obj (.const:abromDeviceDescriptor)
                  00008e30    00000010     MSP-EXP430F5529_UE.lib : UsbMscScsi.obj (.const)
                  00008e40    00000003     lab1.obj (.const:$P$T0$1)

.int41     0    0000ffd2    00000002     
                  0000ffd2    00000002     lab1.obj (.int41)

.int42     0    0000ffd4    00000002     
                  0000ffd4    00000002     MSP-EXP430F5529_UE.lib : HAL_Buttons.obj (.int42)

.int47     0    0000ffde    00000002     
                  0000ffde    00000002     MSP-EXP430F5529_UE.lib : HAL_Buttons.obj (.int47)

.int51     0    0000ffe6    00000002     
                  0000ffe6    00000002     UsbIsr.obj (.int51)

.int54     0    0000ffec    00000002     
                  0000ffec    00000002     MSP-EXP430F5529_UE.lib : HAL_Wheel.obj (.int54)

.int57     0    0000fff2    00000002     
                  0000fff2    00000002     MSP-EXP430F5529_UE.lib : HAL_Buttons.obj (.int57)

.reset     0    0000fffe    00000002     
                  0000fffe    00000002     rts430xl.lib : boot.obj (.reset)


GLOBAL SYMBOLS: SORTED ALPHABETICALLY BY Name 

address    name
--------   ----
00002400   .bss
ffffffff   .text
00000700   ADC12CTL0
00000701   ADC12CTL0_H
00000700   ADC12CTL0_L
00000702   ADC12CTL1
00000703   ADC12CTL1_H
00000702   ADC12CTL1_L
00000704   ADC12CTL2
00000705   ADC12CTL2_H
00000704   ADC12CTL2_L
0000070c   ADC12IE
0000070d   ADC12IE_H
0000070c   ADC12IE_L
0000070a   ADC12IFG
0000070b   ADC12IFG_H
0000070a   ADC12IFG_L
0000070e   ADC12IV
0000070f   ADC12IV_H
0000070e   ADC12IV_L
00000710   ADC12MCTL0
00000711   ADC12MCTL1
0000071a   ADC12MCTL10
0000071b   ADC12MCTL11
0000071c   ADC12MCTL12
0000071d   ADC12MCTL13
0000071e   ADC12MCTL14
0000071f   ADC12MCTL15
00000712   ADC12MCTL2
00000713   ADC12MCTL3
00000714   ADC12MCTL4
00000715   ADC12MCTL5
00000716   ADC12MCTL6
00000717   ADC12MCTL7
00000718   ADC12MCTL8
00000719   ADC12MCTL9
00000720   ADC12MEM0
00000721   ADC12MEM0_H
00000720   ADC12MEM0_L
00000722   ADC12MEM1
00000734   ADC12MEM10
00000735   ADC12MEM10_H
00000734   ADC12MEM10_L
00000736   ADC12MEM11
00000737   ADC12MEM11_H
00000736   ADC12MEM11_L
00000738   ADC12MEM12
00000739   ADC12MEM12_H
00000738   ADC12MEM12_L
0000073a   ADC12MEM13
0000073b   ADC12MEM13_H
0000073a   ADC12MEM13_L
0000073c   ADC12MEM14
0000073d   ADC12MEM14_H
0000073c   ADC12MEM14_L
0000073e   ADC12MEM15
0000073f   ADC12MEM15_H
0000073e   ADC12MEM15_L
00000723   ADC12MEM1_H
00000722   ADC12MEM1_L
00000724   ADC12MEM2
00000725   ADC12MEM2_H
00000724   ADC12MEM2_L
00000726   ADC12MEM3
00000727   ADC12MEM3_H
00000726   ADC12MEM3_L
00000728   ADC12MEM4
00000729   ADC12MEM4_H
00000728   ADC12MEM4_L
0000072a   ADC12MEM5
0000072b   ADC12MEM5_H
0000072a   ADC12MEM5_L
0000072c   ADC12MEM6
0000072d   ADC12MEM6_H
0000072c   ADC12MEM6_L
0000072e   ADC12MEM7
0000072f   ADC12MEM7_H
0000072e   ADC12MEM7_L
00000730   ADC12MEM8
00000731   ADC12MEM8_H
00000730   ADC12MEM8_L
00000732   ADC12MEM9
00000733   ADC12MEM9_H
00000732   ADC12MEM9_L
00004634   ADC12_ISR
0000629c   AnalogClockDrawHand
000067dc   AnalogClockInit
000050b0   AnalogClockUpdate
00006e7e   BacklightSetting
000063b0   Board_init
00007f46   Buttons_init
00007eba   Buttons_interruptEnable
00007f26   Buttons_startWDT
0000801a   C$$EXIT
000008c0   CBCTL0
000008c1   CBCTL0_H
000008c0   CBCTL0_L
000008c2   CBCTL1
000008c3   CBCTL1_H
000008c2   CBCTL1_L
000008c4   CBCTL2
000008c5   CBCTL2_H
000008c4   CBCTL2_L
000008c6   CBCTL3
000008c7   CBCTL3_H
000008c6   CBCTL3_L
000008cc   CBINT
000008cd   CBINT_H
000008cc   CBINT_L
000008ce   CBIV
00000150   CRCDI
00000152   CRCDIRB
00000153   CRCDIRB_H
00000152   CRCDIRB_L
00000151   CRCDI_H
00000150   CRCDI_L
00000154   CRCINIRES
00000155   CRCINIRES_H
00000154   CRCINIRES_L
00000156   CRCRESR
00000157   CRCRESR_H
00000156   CRCRESR_L
000079b8   CdcIsReceiveInProgress
00007c56   CdcResetData
0000616e   CdcToBufferFromHost
0000558e   CdcToHostFromBuffer
000029b8   ClockX
000029b7   ClockY
00006bf6   ContrastSetting
00006c7a   CopyUsbToBuff
00000510   DMA0CTL
00000511   DMA0CTL_H
00000510   DMA0CTL_L
00000516   DMA0DA
00000516   DMA0DAL
00000512   DMA0SA
00000512   DMA0SAL
0000051a   DMA0SZ
00000520   DMA1CTL
00000521   DMA1CTL_H
00000520   DMA1CTL_L
00000526   DMA1DA
00000526   DMA1DAL
00000522   DMA1SA
00000522   DMA1SAL
0000052a   DMA1SZ
00000530   DMA2CTL
00000531   DMA2CTL_H
00000530   DMA2CTL_L
00000536   DMA2DA
00000536   DMA2DAL
00000532   DMA2SA
00000532   DMA2SAL
0000053a   DMA2SZ
00000500   DMACTL0
00000501   DMACTL0_H
00000500   DMACTL0_L
00000502   DMACTL1
00000503   DMACTL1_H
00000502   DMACTL1_L
00000504   DMACTL2
00000505   DMACTL2_H
00000504   DMACTL2_L
00000506   DMACTL3
00000507   DMACTL3_H
00000506   DMACTL3_L
00000508   DMACTL4
00000509   DMACTL4_H
00000508   DMACTL4_L
0000050e   DMAIV
0000050f   DMAIV_H
0000050e   DMAIV_L
000078a4   DigitalClockDraw
00006578   DigitalClockUpdate
00007ab2   DisplayAnalogClock
0000712e   DisplayDigitalClock
00007ae2   Dogs102x6_backlightInit
00006a5e   Dogs102x6_charDraw
00005dc4   Dogs102x6_charDrawXY
00005c7c   Dogs102x6_circleDraw
0000747e   Dogs102x6_clearImage
00007916   Dogs102x6_clearScreen
00006718   Dogs102x6_horizontalLineDraw
000076b0   Dogs102x6_imageDraw
00006ef6   Dogs102x6_init
00002736   Dogs102x6_initMacro
00005f04   Dogs102x6_lineDraw
00006d82   Dogs102x6_pixelDraw
00007384   Dogs102x6_setAddress
00007770   Dogs102x6_setBacklight
000079ea   Dogs102x6_setContrast
00006e04   Dogs102x6_stringDraw
000074c6   Dogs102x6_stringDrawXY
0000540c   Dogs102x6_verticalLineDraw
00007868   Dogs102x6_writeCommand
00007052   Dogs102x6_writeData
00000140   FCTL1
00000141   FCTL1_H
00000140   FCTL1_L
00000144   FCTL3
00000145   FCTL3_H
00000144   FCTL3_L
00000146   FCTL4
00000147   FCTL4_H
00000146   FCTL4_L
00007e34   Get_MaxLUN
00007fbc   Handler_InFeature
00008022   Handler_InReport
00007b72   Handler_SetLineCoding0
00007ba0   Handler_SetLineCoding1
00007bce   Handler_SetLineCoding2
00006cfe   HidCopyUsbToBuff
00007a1c   HidIsReceiveInProgress
00007c80   HidResetData
000059ca   HidToBufferFromHost
000056fc   HidToHostFromBuffer
00007dca   IEP0InterruptHandler
00007f94   I_ASR
00007f9e   I_LSL
00007fa8   I_LSR
00006494   Init_FLL
00007a4e   Init_FLL_Settle
000078de   LFXT_Start
00007824   L_LSL_1
00007800   L_LSL_10
000077fc   L_LSL_11
000077f8   L_LSL_12
000077f4   L_LSL_13
000077f0   L_LSL_14
000077ec   L_LSL_15
00007820   L_LSL_2
0000781c   L_LSL_3
00007818   L_LSL_4
00007814   L_LSL_5
00007810   L_LSL_6
0000780c   L_LSL_7
00007808   L_LSL_8
00007804   L_LSL_9
00007862   L_LSR_1
0000783e   L_LSR_10
0000783a   L_LSR_11
00007836   L_LSR_12
00007832   L_LSR_13
0000782e   L_LSR_14
0000782a   L_LSR_15
0000785e   L_LSR_2
0000785a   L_LSR_3
00007856   L_LSR_4
00007852   L_LSR_5
0000784e   L_LSR_6
0000784a   L_LSR_7
00007846   L_LSR_8
00007842   L_LSR_9
000004c4   MAC
000004da   MAC32H
000004db   MAC32H_H
000004da   MAC32H_L
000004d8   MAC32L
000004d9   MAC32L_H
000004d8   MAC32L_L
000004c6   MACS
000004de   MACS32H
000004df   MACS32H_H
000004de   MACS32H_L
000004dc   MACS32L
000004dd   MACS32L_H
000004dc   MACS32L_L
000004c7   MACS_H
000004c6   MACS_L
000004c5   MAC_H
000004c4   MAC_L
000004c0   MPY
000004ec   MPY32CTL0
000004ed   MPY32CTL0_H
000004ec   MPY32CTL0_L
000004d2   MPY32H
000004d3   MPY32H_H
000004d2   MPY32H_L
000004d0   MPY32L
000004d1   MPY32L_H
000004d0   MPY32L_L
000004c2   MPYS
000004d6   MPYS32H
000004d7   MPYS32H_H
000004d6   MPYS32H_L
000004d4   MPYS32L
000004d5   MPYS32L_H
000004d4   MPYS32L_L
000004c3   MPYS_H
000004c2   MPYS_L
000004c1   MPY_H
000004c0   MPY_L
0000526e   MSCFromHostToBuffer
00005868   MSCToHostFromBuffer
00002766   McsCbw
00002786   McsCsw
00006898   Menu_active
000027f0   MscControl
000070c0   MscCopyUsbToBuff
000027d4   MscReadControl
00007bfc   MscResetData
000027b4   MscWriteControl
00007fd4   Msc_ResetFlags
00007f54   Msc_ResetStateMachine
00007200   Msc_ResetStruct
00007430   OEP0InterruptHandler
000004c8   OP2
000004e2   OP2H
000004e3   OP2H_H
000004e2   OP2H_L
000004e0   OP2L
000004e1   OP2L_H
000004e0   OP2L_L
000004c9   OP2_H
000004c8   OP2_L
0000020e   P1IV
0000021e   P2IV
000001e0   P4MAP01
000001e1   P4MAP01_H
000001e0   P4MAP01_L
000001e2   P4MAP23
000001e3   P4MAP23_H
000001e2   P4MAP23_L
000001e4   P4MAP45
000001e5   P4MAP45_H
000001e4   P4MAP45_L
000001e6   P4MAP67
000001e7   P4MAP67_H
000001e6   P4MAP67_L
00000204   PADIR
00000205   PADIR_H
00000204   PADIR_L
00000208   PADS
00000209   PADS_H
00000208   PADS_L
0000021a   PAIE
00000218   PAIES
00000219   PAIES_H
00000218   PAIES_L
0000021b   PAIE_H
0000021a   PAIE_L
0000021c   PAIFG
0000021d   PAIFG_H
0000021c   PAIFG_L
00000200   PAIN
00000201   PAIN_H
00000200   PAIN_L
00000202   PAOUT
00000203   PAOUT_H
00000202   PAOUT_L
00000206   PAREN
00000207   PAREN_H
00000206   PAREN_L
0000020a   PASEL
0000020b   PASEL_H
0000020a   PASEL_L
00000224   PBDIR
00000225   PBDIR_H
00000224   PBDIR_L
00000228   PBDS
00000229   PBDS_H
00000228   PBDS_L
00000220   PBIN
00000221   PBIN_H
00000220   PBIN_L
00000222   PBOUT
00000223   PBOUT_H
00000222   PBOUT_L
00000226   PBREN
00000227   PBREN_H
00000226   PBREN_L
0000022a   PBSEL
0000022b   PBSEL_H
0000022a   PBSEL_L
00000244   PCDIR
00000245   PCDIR_H
00000244   PCDIR_L
00000248   PCDS
00000249   PCDS_H
00000248   PCDS_L
00000240   PCIN
00000241   PCIN_H
00000240   PCIN_L
00000242   PCOUT
00000243   PCOUT_H
00000242   PCOUT_L
00000246   PCREN
00000247   PCREN_H
00000246   PCREN_L
0000024a   PCSEL
0000024b   PCSEL_H
0000024a   PCSEL_L
00000264   PDDIR
00000265   PDDIR_H
00000264   PDDIR_L
00000268   PDDS
00000269   PDDS_H
00000268   PDDS_L
00000260   PDIN
00000261   PDIN_H
00000260   PDIN_L
00000262   PDOUT
00000263   PDOUT_H
00000262   PDOUT_L
00000266   PDREN
00000267   PDREN_H
00000266   PDREN_L
0000026a   PDSEL
0000026b   PDSEL_H
0000026a   PDSEL_L
00000324   PJDIR
00000325   PJDIR_H
00000324   PJDIR_L
00000328   PJDS
00000329   PJDS_H
00000328   PJDS_L
00000320   PJIN
00000321   PJIN_H
00000320   PJIN_L
00000322   PJOUT
00000323   PJOUT_H
00000322   PJOUT_L
00000326   PJREN
00000327   PJREN_H
00000326   PJREN_L
00000130   PM5CTL0
00000131   PM5CTL0_H
00000130   PM5CTL0_L
000001c2   PMAPCTL
000001c3   PMAPCTL_H
000001c2   PMAPCTL_L
000001c0   PMAPKEYID
000001c1   PMAPKEYID_H
000001c0   PMAPKEYID_L
00000120   PMMCTL0
00000121   PMMCTL0_H
00000120   PMMCTL0_L
00000122   PMMCTL1
00000123   PMMCTL1_H
00000122   PMMCTL1_L
0000012c   PMMIFG
0000012d   PMMIFG_H
0000012c   PMMIFG_L
0000012e   PMMRIE
0000012f   PMMRIE_H
0000012e   PMMRIE_L
0000750e   PWRVBUSoffHandler
0000794c   PWRVBUSonHandler
00004578   Port1_ISR
000045b4   Port2_ISR
00000158   RCCTL0
00000159   RCCTL0_H
00000158   RCCTL0_L
000001b0   REFCTL0
000001b1   REFCTL0_H
000001b0   REFCTL0_L
000004e4   RES0
000004e5   RES0_H
000004e4   RES0_L
000004e6   RES1
000004e7   RES1_H
000004e6   RES1_L
000004e8   RES2
000004e9   RES2_H
000004e8   RES2_L
000004ea   RES3
000004eb   RES3_H
000004ea   RES3_L
000004cc   RESHI
000004cd   RESHI_H
000004cc   RESHI_L
000004ca   RESLO
000004cb   RESLO_H
000004ca   RESLO_L
000004ba   RTCADOWDAY
000004bb   RTCADOWDAY_H
000004ba   RTCADOWDAY_L
000004b8   RTCAMINHR
000004b9   RTCAMINHR_H
000004b8   RTCAMINHR_L
000004a0   RTCCTL01
000004a1   RTCCTL01_H
000004a0   RTCCTL01_L
000004a2   RTCCTL23
000004a3   RTCCTL23_H
000004a2   RTCCTL23_L
000004b4   RTCDATE
000004b5   RTCDATE_H
000004b4   RTCDATE_L
000029b6   RTCExitSec
000004ae   RTCIV
000004ac   RTCPS
000004a8   RTCPS0CTL
000004a9   RTCPS0CTL_H
000004a8   RTCPS0CTL_L
000004aa   RTCPS1CTL
000004ab   RTCPS1CTL_H
000004aa   RTCPS1CTL_L
000004ad   RTCPS_H
000004ac   RTCPS_L
000004b0   RTCTIM0
000004b1   RTCTIM0_H
000004b0   RTCTIM0_L
000004b2   RTCTIM1
000004b3   RTCTIM1_H
000004b2   RTCTIM1_L
000004b6   RTCYEAR
000004b7   RTCYEAR_H
000004b6   RTCYEAR_L
0000464a   RTC_ISR
00008e30   Report_Luns
00002794   RequestSenseResponse
00007264   Reset_RequestSenseResponse
00000100   SFRIE1
00000101   SFRIE1_H
00000100   SFRIE1_L
00000102   SFRIFG1
00000103   SFRIFG1_H
00000102   SFRIFG1_L
00000104   SFRRPCR
00000105   SFRRPCR_H
00000104   SFRRPCR_L
000004ce   SUMEXT
000004cf   SUMEXT_H
000004ce   SUMEXT_L
00000124   SVSMHCTL
00000125   SVSMHCTL_H
00000124   SVSMHCTL_L
00000128   SVSMIO
00000129   SVSMIO_H
00000128   SVSMIO_L
00000126   SVSMLCTL
00000127   SVSMLCTL_H
00000126   SVSMLCTL_L
00000198   SYSBERRIV
00000199   SYSBERRIV_H
00000198   SYSBERRIV_L
00000182   SYSBSLC
00000183   SYSBSLC_H
00000182   SYSBSLC_L
00000180   SYSCTL
00000181   SYSCTL_H
00000180   SYSCTL_L
00000186   SYSJMBC
00000187   SYSJMBC_H
00000186   SYSJMBC_L
00000188   SYSJMBI0
00000189   SYSJMBI0_H
00000188   SYSJMBI0_L
0000018a   SYSJMBI1
0000018b   SYSJMBI1_H
0000018a   SYSJMBI1_L
0000018c   SYSJMBO0
0000018d   SYSJMBO0_H
0000018c   SYSJMBO0_L
0000018e   SYSJMBO1
0000018f   SYSJMBO1_H
0000018e   SYSJMBO1_L
0000019e   SYSRSTIV
0000019f   SYSRSTIV_H
0000019e   SYSRSTIV_L
0000019c   SYSSNIV
0000019d   SYSSNIV_H
0000019c   SYSSNIV_L
0000019a   SYSUNIV
0000019b   SYSUNIV_H
0000019a   SYSUNIV_L
00002908   Scsi_Mode_Sense_10
00002904   Scsi_Mode_Sense_6
000028fc   Scsi_Read_Capacity_10
00002910   Scsi_Read_Format_Capacity
00002762   Scsi_Residue
000027fa   Scsi_Standard_Inquiry_Data
000047ca   SetTime
000077ae   SetVCore
00007556   SetupPacketInterruptHandler
00007b12   SetupRTC
00000352   TA0CCR0
00000354   TA0CCR1
00000356   TA0CCR2
00000358   TA0CCR3
0000035a   TA0CCR4
00000342   TA0CCTL0
00000344   TA0CCTL1
00000346   TA0CCTL2
00000348   TA0CCTL3
0000034a   TA0CCTL4
00000340   TA0CTL
00000360   TA0EX0
0000036e   TA0IV
00000350   TA0R
00000392   TA1CCR0
00000394   TA1CCR1
00000396   TA1CCR2
00000382   TA1CCTL0
00000384   TA1CCTL1
00000386   TA1CCTL2
00000380   TA1CTL
000003a0   TA1EX0
000003ae   TA1IV
00000390   TA1R
00000412   TA2CCR0
00000414   TA2CCR1
00000416   TA2CCR2
00000402   TA2CCTL0
00000404   TA2CCTL1
00000406   TA2CCTL2
00000400   TA2CTL
00000420   TA2EX0
0000042e   TA2IV
00000410   TA2R
000003d2   TB0CCR0
000003d4   TB0CCR1
000003d6   TB0CCR2
000003d8   TB0CCR3
000003da   TB0CCR4
000003dc   TB0CCR5
000003de   TB0CCR6
000003c2   TB0CCTL0
000003c4   TB0CCTL1
000003c6   TB0CCTL2
000003c8   TB0CCTL3
000003ca   TB0CCTL4
000003cc   TB0CCTL5
000003ce   TB0CCTL6
000003c0   TB0CTL
000003e0   TB0EX0
000003ee   TB0IV
000003d0   TB0R
000005d0   UCA0ABCTL
000005c6   UCA0BRW
000005c7   UCA0BRW_H
000005c6   UCA0BRW_L
000005c0   UCA0CTLW0
000005c1   UCA0CTLW0_H
000005c0   UCA0CTLW0_L
000005dc   UCA0ICTL
000005dd   UCA0ICTL_H
000005dc   UCA0ICTL_L
000005d2   UCA0IRCTL
000005d3   UCA0IRCTL_H
000005d2   UCA0IRCTL_L
000005de   UCA0IV
000005c8   UCA0MCTL
000005cc   UCA0RXBUF
000005ca   UCA0STAT
000005ce   UCA0TXBUF
00000610   UCA1ABCTL
00000606   UCA1BRW
00000607   UCA1BRW_H
00000606   UCA1BRW_L
00000600   UCA1CTLW0
00000601   UCA1CTLW0_H
00000600   UCA1CTLW0_L
0000061c   UCA1ICTL
0000061d   UCA1ICTL_H
0000061c   UCA1ICTL_L
00000612   UCA1IRCTL
00000613   UCA1IRCTL_H
00000612   UCA1IRCTL_L
0000061e   UCA1IV
00000608   UCA1MCTL
0000060c   UCA1RXBUF
0000060a   UCA1STAT
0000060e   UCA1TXBUF
000005e6   UCB0BRW
000005e7   UCB0BRW_H
000005e6   UCB0BRW_L
000005e0   UCB0CTLW0
000005e1   UCB0CTLW0_H
000005e0   UCB0CTLW0_L
000005f0   UCB0I2COA
000005f1   UCB0I2COA_H
000005f0   UCB0I2COA_L
000005f2   UCB0I2CSA
000005f3   UCB0I2CSA_H
000005f2   UCB0I2CSA_L
000005fc   UCB0ICTL
000005fd   UCB0ICTL_H
000005fc   UCB0ICTL_L
000005fe   UCB0IV
000005ec   UCB0RXBUF
000005ea   UCB0STAT
000005ee   UCB0TXBUF
00000626   UCB1BRW
00000627   UCB1BRW_H
00000626   UCB1BRW_L
00000620   UCB1CTLW0
00000621   UCB1CTLW0_H
00000620   UCB1CTLW0_L
00000630   UCB1I2COA
00000631   UCB1I2COA_H
00000630   UCB1I2COA_L
00000632   UCB1I2CSA
00000633   UCB1I2CSA_H
00000632   UCB1I2CSA_L
0000063c   UCB1ICTL
0000063d   UCB1ICTL_H
0000063c   UCB1ICTL_L
0000063e   UCB1IV
0000062c   UCB1RXBUF
0000062a   UCB1STAT
0000062e   UCB1TXBUF
00000160   UCSCTL0
00000161   UCSCTL0_H
00000160   UCSCTL0_L
00000162   UCSCTL1
00000163   UCSCTL1_H
00000162   UCSCTL1_L
00000164   UCSCTL2
00000165   UCSCTL2_H
00000164   UCSCTL2_L
00000166   UCSCTL3
00000167   UCSCTL3_H
00000166   UCSCTL3_L
00000168   UCSCTL4
00000169   UCSCTL4_H
00000168   UCSCTL4_L
0000016a   UCSCTL5
0000016b   UCSCTL5_H
0000016a   UCSCTL5_L
0000016c   UCSCTL6
0000016d   UCSCTL6_H
0000016c   UCSCTL6_L
0000016e   UCSCTL7
0000016f   UCSCTL7_H
0000016e   UCSCTL7_L
00000170   UCSCTL8
00000171   UCSCTL8_H
00000170   UCSCTL8_L
00007fe6   USBCDC_handleDataReceived
00007fea   USBCDC_handleReceiveCompleted
00007fee   USBCDC_handleSendCompleted
00000902   USBCNF
00000903   USBCNF_H
00000902   USBCNF_L
0000093c   USBCTL
0000093a   USBFN
0000093b   USBFN_H
0000093a   USBFN_L
0000093f   USBFUNADR
00007ff2   USBHID_handleDataReceived
00007ff6   USBHID_handleReceiveCompleted
00007ffa   USBHID_handleSendCompleted
0000093d   USBIE
00002378   USBIEP0BUF
000023c9   USBIEPBBAX_1
000023d1   USBIEPBBAX_2
000023d9   USBIEPBBAX_3
000023e1   USBIEPBBAX_4
000023e9   USBIEPBBAX_5
000023f1   USBIEPBBAX_6
000023f9   USBIEPBBAX_7
000023cd   USBIEPBBAY_1
000023d5   USBIEPBBAY_2
000023dd   USBIEPBBAY_3
000023e5   USBIEPBBAY_4
000023ed   USBIEPBBAY_5
000023f5   USBIEPBBAY_6
000023fd   USBIEPBBAY_7
000023ca   USBIEPBCTX_1
000023d2   USBIEPBCTX_2
000023da   USBIEPBCTX_3
000023e2   USBIEPBCTX_4
000023ea   USBIEPBCTX_5
000023f2   USBIEPBCTX_6
000023fa   USBIEPBCTX_7
000023ce   USBIEPBCTY_1
000023d6   USBIEPBCTY_2
000023de   USBIEPBCTY_3
000023e6   USBIEPBCTY_4
000023ee   USBIEPBCTY_5
000023f6   USBIEPBCTY_6
000023fe   USBIEPBCTY_7
00000920   USBIEPCNF_0
000023c8   USBIEPCNF_1
000023d0   USBIEPCNF_2
000023d8   USBIEPCNF_3
000023e0   USBIEPCNF_4
000023e8   USBIEPCNF_5
000023f0   USBIEPCNF_6
000023f8   USBIEPCNF_7
00000921   USBIEPCNT_0
0000092e   USBIEPIE
00000930   USBIEPIFG
000023cf   USBIEPSIZXY_1
000023d7   USBIEPSIZXY_2
000023df   USBIEPSIZXY_3
000023e7   USBIEPSIZXY_4
000023ef   USBIEPSIZXY_5
000023f7   USBIEPSIZXY_6
000023ff   USBIEPSIZXY_7
0000093e   USBIFG
00000900   USBKEYID
00000901   USBKEYID_H
00000900   USBKEYID_L
00000936   USBMAINT
00000937   USBMAINT_H
00000936   USBMAINT_L
000029de   USBMSC_config
00007ffe   USBMSC_handleBufferEvent
0000766e   USBMSC_reset
00002370   USBOEP0BUF
00002389   USBOEPBBAX_1
00002391   USBOEPBBAX_2
00002399   USBOEPBBAX_3
000023a1   USBOEPBBAX_4
000023a9   USBOEPBBAX_5
000023b1   USBOEPBBAX_6
000023b9   USBOEPBBAX_7
0000238d   USBOEPBBAY_1
00002395   USBOEPBBAY_2
0000239d   USBOEPBBAY_3
000023a5   USBOEPBBAY_4
000023ad   USBOEPBBAY_5
000023b5   USBOEPBBAY_6
000023bd   USBOEPBBAY_7
0000238a   USBOEPBCTX_1
00002392   USBOEPBCTX_2
0000239a   USBOEPBCTX_3
000023a2   USBOEPBCTX_4
000023aa   USBOEPBCTX_5
000023b2   USBOEPBCTX_6
000023ba   USBOEPBCTX_7
0000238e   USBOEPBCTY_1
00002396   USBOEPBCTY_2
0000239e   USBOEPBCTY_3
000023a6   USBOEPBCTY_4
000023ae   USBOEPBCTY_5
000023b6   USBOEPBCTY_6
000023be   USBOEPBCTY_7
00000922   USBOEPCNF_0
00002388   USBOEPCNF_1
00002390   USBOEPCNF_2
00002398   USBOEPCNF_3
000023a0   USBOEPCNF_4
000023a8   USBOEPCNF_5
000023b0   USBOEPCNF_6
000023b8   USBOEPCNF_7
00000923   USBOEPCNT_0
0000092f   USBOEPIE
00000931   USBOEPIFG
0000238f   USBOEPSIZXY_1
00002397   USBOEPSIZXY_2
0000239f   USBOEPSIZXY_3
000023a7   USBOEPSIZXY_4
000023af   USBOEPSIZXY_5
000023b7   USBOEPSIZXY_6
000023bf   USBOEPSIZXY_7
00000904   USBPHYCTL
00000905   USBPHYCTL_H
00000904   USBPHYCTL_L
00000910   USBPLLCTL
00000911   USBPLLCTL_H
00000910   USBPLLCTL_L
00000912   USBPLLDIVB
00000913   USBPLLDIVB_H
00000912   USBPLLDIVB_L
00000914   USBPLLIR
00000915   USBPLLIR_H
00000914   USBPLLIR_L
00000908   USBPWRCTL
00000909   USBPWRCTL_H
00000908   USBPWRCTL_L
00001c00   USBSTABUFF
00002380   USBSUBLK
0000236f   USBTOPBUFF
00000938   USBTSREG
00000939   USBTSREG_H
00000938   USBTSREG_L
00000932   USBVECINT
00000933   USBVECINT_H
00000932   USBVECINT_L
00002a02   USB_RX_memcpy
000029fe   USB_TX_memcpy
00007cd4   USB_connect
00006ae8   USB_enable
00008002   USB_handleClockEvent
00008006   USB_handleEnumCompleteEvent
0000800a   USB_handleResetEvent
0000800e   USB_handleResumeEvent
00008012   USB_handleSuspendEvent
00008016   USB_handleVbusOffEvent
00007ea6   USB_handleVbusOnEvent
00005b24   USB_reset
00007e4c   USB_resume
00007a80   USB_suspend
0000015c   WDTCTL
0000015d   WDTCTL_H
0000015c   WDTCTL_L
0000461a   WDT_ISR
00007982   Wheel_getPosition
000073dc   Wheel_getValue
00007d24   Wheel_init
00006b70   WriteFlashSettings
00007b42   XT2_Start
00004400   __STACK_END
000000a0   __STACK_SIZE
00000001   __TI_args_main
00000001   __TI_auto_init
00000001   __TI_exit
ffffffff   __binit__
00002400   __bss__
ffffffff   __c_args__
00004660   __cinit__
00007e64   __divu
00002a24   __end__
ffffffff   __etext__
00007e7a   __mpyi_f5hw
00007d4a   __mpyl_f5hw
ffffffff   __pinit__
00007e64   __remu
ffffffff   __text__
00007328   _auto_init
000045f0   _c_int00
000045f0   _c_int00_noexit
00002a0e   _cleanup_ptr
00002a12   _dtors_ptr
00002a06   _lock
00008024   _nop
0000fffe   _reset_vector
00004360   _stack
00007f8a   _system_pre_init
00002a0a   _unlock
00002378   abIEP0Buffer
00002370   abOEP0Buffer
00002934   abUsbRequestIncomingData
0000292c   abUsbRequestReturnData
0000801a   abort
0000293c   abramSerialStringDescriptor
00008c98   abromConfigurationDescriptorGroup
00008e1e   abromDeviceDescriptor
00008da2   abromReportDescriptor
00008a36   abromStringDescriptor
00002960   bEnumerationStatus
0000295f   bFunctionSuspended
00002748   bMcsCommandSupported
000027f9   bMscCbwFailed
0000274a   bMscCbwReceived
000028fa   bMscResetRequired
0000295e   bStatusAction
000027f8   bUnitAttention
00002734   backlight
ffffffff   binit
00002a16   buttonDebounce
00002a18   buttonsPressed
00004660   cinit
00002735   contrast
00002733   currentColumn
00002732   currentPage
000029a6   date
00008026   digitalWatch
00002400   dogs102x6Memory
00002a24   end
ffffffff   etext
000029b2   hourBCD
000029b5   hourOldBCD
00004400   iUsbInterruptHandler
00002a20   isMSCConfigured
000072c8   lab1
0000603c   main
00007caa   memcpy
00007d6c   memset
000029b1   minuteBCD
000029b4   minuteOldBCD
00001c00   pbXBufferAddressEp1
00001d00   pbXBufferAddressEp2
00001e00   pbXBufferAddressEp3
00001c80   pbXBufferAddressEp81
00001d80   pbXBufferAddressEp82
00001c40   pbYBufferAddressEp1
00001d40   pbYBufferAddressEp2
00001cc0   pbYBufferAddressEp81
00001dc0   pbYBufferAddressEp82
ffffffff   pinit
00002a1a   positionData
00002a1c   positionDataOld
000027f6   sCtrlLun
00002754   sRwbuf
000029b0   secondBCD
000029b3   secondOldBCD
00008dd6   stUsbHandle
00000920   tEndPoint0DescriptorBlock
000023c8   tInputEndPointDescriptorBlock
00002388   tOutputEndPointDescriptorBlock
00002380   tSetupPacket
000087b6   tUsbRequestList
00002992   time
0000299c   timeOld
00002a1e   timeoutCounter
00007ecc   usbClearDeviceFeature
00007198   usbClearEndpointFeature
00007fda   usbClearOEP0ByteCount
0000693a   usbDecodeAndProcessUsbRequest
00007f36   usbGetConfiguration
00007ede   usbGetConfigurationDescriptor
00007ef0   usbGetDeviceDescriptor
00007cfc   usbGetDeviceStatus
00006fe2   usbGetEndpointStatus
00007c2a   usbGetHidDescriptor
00007de6   usbGetInterface
00007e00   usbGetInterfaceStatus
000076f0   usbGetLineCoding0
00007e90   usbGetReport
00007f62   usbGetReportDescriptor
000075e6   usbGetStringDescriptor
00007f7e   usbInvalidRequest
00007f02   usbReceiveDataPacketOnEP0
0000759e   usbReceiveNextPacketOnOEP0
00007d8c   usbSendDataPacketOnEP0
00006f6e   usbSendNextPacketOnIEP0
00007f70   usbSendZeroLengthPacketOnIEP0
00007e1a   usbSetAddress
00007dac   usbSetConfiguration
0000801e   usbSetControlLineState
00007f14   usbSetDeviceFeature
0000762a   usbSetEndpointFeature
00007730   usbSetInterface
00007fc4   usbSetLineCoding0
00007fcc   usbSetReport
00007fb2   usbStallEndpoint0
00007fe0   usbStallOEP0
0000291e   wBytesRemainingOnIEP0
00002920   wBytesRemainingOnOEP0
00002962   wUsbEventMask
0000274c   xBufferAddr
00002750   yBufferAddr


GLOBAL SYMBOLS: SORTED BY Symbol Address 

address    name
--------   ----
00000001   __TI_args_main
00000001   __TI_auto_init
00000001   __TI_exit
000000a0   __STACK_SIZE
00000100   SFRIE1
00000100   SFRIE1_L
00000101   SFRIE1_H
00000102   SFRIFG1
00000102   SFRIFG1_L
00000103   SFRIFG1_H
00000104   SFRRPCR
00000104   SFRRPCR_L
00000105   SFRRPCR_H
00000120   PMMCTL0
00000120   PMMCTL0_L
00000121   PMMCTL0_H
00000122   PMMCTL1
00000122   PMMCTL1_L
00000123   PMMCTL1_H
00000124   SVSMHCTL
00000124   SVSMHCTL_L
00000125   SVSMHCTL_H
00000126   SVSMLCTL
00000126   SVSMLCTL_L
00000127   SVSMLCTL_H
00000128   SVSMIO
00000128   SVSMIO_L
00000129   SVSMIO_H
0000012c   PMMIFG
0000012c   PMMIFG_L
0000012d   PMMIFG_H
0000012e   PMMRIE
0000012e   PMMRIE_L
0000012f   PMMRIE_H
00000130   PM5CTL0
00000130   PM5CTL0_L
00000131   PM5CTL0_H
00000140   FCTL1
00000140   FCTL1_L
00000141   FCTL1_H
00000144   FCTL3
00000144   FCTL3_L
00000145   FCTL3_H
00000146   FCTL4
00000146   FCTL4_L
00000147   FCTL4_H
00000150   CRCDI
00000150   CRCDI_L
00000151   CRCDI_H
00000152   CRCDIRB
00000152   CRCDIRB_L
00000153   CRCDIRB_H
00000154   CRCINIRES
00000154   CRCINIRES_L
00000155   CRCINIRES_H
00000156   CRCRESR
00000156   CRCRESR_L
00000157   CRCRESR_H
00000158   RCCTL0
00000158   RCCTL0_L
00000159   RCCTL0_H
0000015c   WDTCTL
0000015c   WDTCTL_L
0000015d   WDTCTL_H
00000160   UCSCTL0
00000160   UCSCTL0_L
00000161   UCSCTL0_H
00000162   UCSCTL1
00000162   UCSCTL1_L
00000163   UCSCTL1_H
00000164   UCSCTL2
00000164   UCSCTL2_L
00000165   UCSCTL2_H
00000166   UCSCTL3
00000166   UCSCTL3_L
00000167   UCSCTL3_H
00000168   UCSCTL4
00000168   UCSCTL4_L
00000169   UCSCTL4_H
0000016a   UCSCTL5
0000016a   UCSCTL5_L
0000016b   UCSCTL5_H
0000016c   UCSCTL6
0000016c   UCSCTL6_L
0000016d   UCSCTL6_H
0000016e   UCSCTL7
0000016e   UCSCTL7_L
0000016f   UCSCTL7_H
00000170   UCSCTL8
00000170   UCSCTL8_L
00000171   UCSCTL8_H
00000180   SYSCTL
00000180   SYSCTL_L
00000181   SYSCTL_H
00000182   SYSBSLC
00000182   SYSBSLC_L
00000183   SYSBSLC_H
00000186   SYSJMBC
00000186   SYSJMBC_L
00000187   SYSJMBC_H
00000188   SYSJMBI0
00000188   SYSJMBI0_L
00000189   SYSJMBI0_H
0000018a   SYSJMBI1
0000018a   SYSJMBI1_L
0000018b   SYSJMBI1_H
0000018c   SYSJMBO0
0000018c   SYSJMBO0_L
0000018d   SYSJMBO0_H
0000018e   SYSJMBO1
0000018e   SYSJMBO1_L
0000018f   SYSJMBO1_H
00000198   SYSBERRIV
00000198   SYSBERRIV_L
00000199   SYSBERRIV_H
0000019a   SYSUNIV
0000019a   SYSUNIV_L
0000019b   SYSUNIV_H
0000019c   SYSSNIV
0000019c   SYSSNIV_L
0000019d   SYSSNIV_H
0000019e   SYSRSTIV
0000019e   SYSRSTIV_L
0000019f   SYSRSTIV_H
000001b0   REFCTL0
000001b0   REFCTL0_L
000001b1   REFCTL0_H
000001c0   PMAPKEYID
000001c0   PMAPKEYID_L
000001c1   PMAPKEYID_H
000001c2   PMAPCTL
000001c2   PMAPCTL_L
000001c3   PMAPCTL_H
000001e0   P4MAP01
000001e0   P4MAP01_L
000001e1   P4MAP01_H
000001e2   P4MAP23
000001e2   P4MAP23_L
000001e3   P4MAP23_H
000001e4   P4MAP45
000001e4   P4MAP45_L
000001e5   P4MAP45_H
000001e6   P4MAP67
000001e6   P4MAP67_L
000001e7   P4MAP67_H
00000200   PAIN
00000200   PAIN_L
00000201   PAIN_H
00000202   PAOUT
00000202   PAOUT_L
00000203   PAOUT_H
00000204   PADIR
00000204   PADIR_L
00000205   PADIR_H
00000206   PAREN
00000206   PAREN_L
00000207   PAREN_H
00000208   PADS
00000208   PADS_L
00000209   PADS_H
0000020a   PASEL
0000020a   PASEL_L
0000020b   PASEL_H
0000020e   P1IV
00000218   PAIES
00000218   PAIES_L
00000219   PAIES_H
0000021a   PAIE
0000021a   PAIE_L
0000021b   PAIE_H
0000021c   PAIFG
0000021c   PAIFG_L
0000021d   PAIFG_H
0000021e   P2IV
00000220   PBIN
00000220   PBIN_L
00000221   PBIN_H
00000222   PBOUT
00000222   PBOUT_L
00000223   PBOUT_H
00000224   PBDIR
00000224   PBDIR_L
00000225   PBDIR_H
00000226   PBREN
00000226   PBREN_L
00000227   PBREN_H
00000228   PBDS
00000228   PBDS_L
00000229   PBDS_H
0000022a   PBSEL
0000022a   PBSEL_L
0000022b   PBSEL_H
00000240   PCIN
00000240   PCIN_L
00000241   PCIN_H
00000242   PCOUT
00000242   PCOUT_L
00000243   PCOUT_H
00000244   PCDIR
00000244   PCDIR_L
00000245   PCDIR_H
00000246   PCREN
00000246   PCREN_L
00000247   PCREN_H
00000248   PCDS
00000248   PCDS_L
00000249   PCDS_H
0000024a   PCSEL
0000024a   PCSEL_L
0000024b   PCSEL_H
00000260   PDIN
00000260   PDIN_L
00000261   PDIN_H
00000262   PDOUT
00000262   PDOUT_L
00000263   PDOUT_H
00000264   PDDIR
00000264   PDDIR_L
00000265   PDDIR_H
00000266   PDREN
00000266   PDREN_L
00000267   PDREN_H
00000268   PDDS
00000268   PDDS_L
00000269   PDDS_H
0000026a   PDSEL
0000026a   PDSEL_L
0000026b   PDSEL_H
00000320   PJIN
00000320   PJIN_L
00000321   PJIN_H
00000322   PJOUT
00000322   PJOUT_L
00000323   PJOUT_H
00000324   PJDIR
00000324   PJDIR_L
00000325   PJDIR_H
00000326   PJREN
00000326   PJREN_L
00000327   PJREN_H
00000328   PJDS
00000328   PJDS_L
00000329   PJDS_H
00000340   TA0CTL
00000342   TA0CCTL0
00000344   TA0CCTL1
00000346   TA0CCTL2
00000348   TA0CCTL3
0000034a   TA0CCTL4
00000350   TA0R
00000352   TA0CCR0
00000354   TA0CCR1
00000356   TA0CCR2
00000358   TA0CCR3
0000035a   TA0CCR4
00000360   TA0EX0
0000036e   TA0IV
00000380   TA1CTL
00000382   TA1CCTL0
00000384   TA1CCTL1
00000386   TA1CCTL2
00000390   TA1R
00000392   TA1CCR0
00000394   TA1CCR1
00000396   TA1CCR2
000003a0   TA1EX0
000003ae   TA1IV
000003c0   TB0CTL
000003c2   TB0CCTL0
000003c4   TB0CCTL1
000003c6   TB0CCTL2
000003c8   TB0CCTL3
000003ca   TB0CCTL4
000003cc   TB0CCTL5
000003ce   TB0CCTL6
000003d0   TB0R
000003d2   TB0CCR0
000003d4   TB0CCR1
000003d6   TB0CCR2
000003d8   TB0CCR3
000003da   TB0CCR4
000003dc   TB0CCR5
000003de   TB0CCR6
000003e0   TB0EX0
000003ee   TB0IV
00000400   TA2CTL
00000402   TA2CCTL0
00000404   TA2CCTL1
00000406   TA2CCTL2
00000410   TA2R
00000412   TA2CCR0
00000414   TA2CCR1
00000416   TA2CCR2
00000420   TA2EX0
0000042e   TA2IV
000004a0   RTCCTL01
000004a0   RTCCTL01_L
000004a1   RTCCTL01_H
000004a2   RTCCTL23
000004a2   RTCCTL23_L
000004a3   RTCCTL23_H
000004a8   RTCPS0CTL
000004a8   RTCPS0CTL_L
000004a9   RTCPS0CTL_H
000004aa   RTCPS1CTL
000004aa   RTCPS1CTL_L
000004ab   RTCPS1CTL_H
000004ac   RTCPS
000004ac   RTCPS_L
000004ad   RTCPS_H
000004ae   RTCIV
000004b0   RTCTIM0
000004b0   RTCTIM0_L
000004b1   RTCTIM0_H
000004b2   RTCTIM1
000004b2   RTCTIM1_L
000004b3   RTCTIM1_H
000004b4   RTCDATE
000004b4   RTCDATE_L
000004b5   RTCDATE_H
000004b6   RTCYEAR
000004b6   RTCYEAR_L
000004b7   RTCYEAR_H
000004b8   RTCAMINHR
000004b8   RTCAMINHR_L
000004b9   RTCAMINHR_H
000004ba   RTCADOWDAY
000004ba   RTCADOWDAY_L
000004bb   RTCADOWDAY_H
000004c0   MPY
000004c0   MPY_L
000004c1   MPY_H
000004c2   MPYS
000004c2   MPYS_L
000004c3   MPYS_H
000004c4   MAC
000004c4   MAC_L
000004c5   MAC_H
000004c6   MACS
000004c6   MACS_L
000004c7   MACS_H
000004c8   OP2
000004c8   OP2_L
000004c9   OP2_H
000004ca   RESLO
000004ca   RESLO_L
000004cb   RESLO_H
000004cc   RESHI
000004cc   RESHI_L
000004cd   RESHI_H
000004ce   SUMEXT
000004ce   SUMEXT_L
000004cf   SUMEXT_H
000004d0   MPY32L
000004d0   MPY32L_L
000004d1   MPY32L_H
000004d2   MPY32H
000004d2   MPY32H_L
000004d3   MPY32H_H
000004d4   MPYS32L
000004d4   MPYS32L_L
000004d5   MPYS32L_H
000004d6   MPYS32H
000004d6   MPYS32H_L
000004d7   MPYS32H_H
000004d8   MAC32L
000004d8   MAC32L_L
000004d9   MAC32L_H
000004da   MAC32H
000004da   MAC32H_L
000004db   MAC32H_H
000004dc   MACS32L
000004dc   MACS32L_L
000004dd   MACS32L_H
000004de   MACS32H
000004de   MACS32H_L
000004df   MACS32H_H
000004e0   OP2L
000004e0   OP2L_L
000004e1   OP2L_H
000004e2   OP2H
000004e2   OP2H_L
000004e3   OP2H_H
000004e4   RES0
000004e4   RES0_L
000004e5   RES0_H
000004e6   RES1
000004e6   RES1_L
000004e7   RES1_H
000004e8   RES2
000004e8   RES2_L
000004e9   RES2_H
000004ea   RES3
000004ea   RES3_L
000004eb   RES3_H
000004ec   MPY32CTL0
000004ec   MPY32CTL0_L
000004ed   MPY32CTL0_H
00000500   DMACTL0
00000500   DMACTL0_L
00000501   DMACTL0_H
00000502   DMACTL1
00000502   DMACTL1_L
00000503   DMACTL1_H
00000504   DMACTL2
00000504   DMACTL2_L
00000505   DMACTL2_H
00000506   DMACTL3
00000506   DMACTL3_L
00000507   DMACTL3_H
00000508   DMACTL4
00000508   DMACTL4_L
00000509   DMACTL4_H
0000050e   DMAIV
0000050e   DMAIV_L
0000050f   DMAIV_H
00000510   DMA0CTL
00000510   DMA0CTL_L
00000511   DMA0CTL_H
00000512   DMA0SA
00000512   DMA0SAL
00000516   DMA0DA
00000516   DMA0DAL
0000051a   DMA0SZ
00000520   DMA1CTL
00000520   DMA1CTL_L
00000521   DMA1CTL_H
00000522   DMA1SA
00000522   DMA1SAL
00000526   DMA1DA
00000526   DMA1DAL
0000052a   DMA1SZ
00000530   DMA2CTL
00000530   DMA2CTL_L
00000531   DMA2CTL_H
00000532   DMA2SA
00000532   DMA2SAL
00000536   DMA2DA
00000536   DMA2DAL
0000053a   DMA2SZ
000005c0   UCA0CTLW0
000005c0   UCA0CTLW0_L
000005c1   UCA0CTLW0_H
000005c6   UCA0BRW
000005c6   UCA0BRW_L
000005c7   UCA0BRW_H
000005c8   UCA0MCTL
000005ca   UCA0STAT
000005cc   UCA0RXBUF
000005ce   UCA0TXBUF
000005d0   UCA0ABCTL
000005d2   UCA0IRCTL
000005d2   UCA0IRCTL_L
000005d3   UCA0IRCTL_H
000005dc   UCA0ICTL
000005dc   UCA0ICTL_L
000005dd   UCA0ICTL_H
000005de   UCA0IV
000005e0   UCB0CTLW0
000005e0   UCB0CTLW0_L
000005e1   UCB0CTLW0_H
000005e6   UCB0BRW
000005e6   UCB0BRW_L
000005e7   UCB0BRW_H
000005ea   UCB0STAT
000005ec   UCB0RXBUF
000005ee   UCB0TXBUF
000005f0   UCB0I2COA
000005f0   UCB0I2COA_L
000005f1   UCB0I2COA_H
000005f2   UCB0I2CSA
000005f2   UCB0I2CSA_L
000005f3   UCB0I2CSA_H
000005fc   UCB0ICTL
000005fc   UCB0ICTL_L
000005fd   UCB0ICTL_H
000005fe   UCB0IV
00000600   UCA1CTLW0
00000600   UCA1CTLW0_L
00000601   UCA1CTLW0_H
00000606   UCA1BRW
00000606   UCA1BRW_L
00000607   UCA1BRW_H
00000608   UCA1MCTL
0000060a   UCA1STAT
0000060c   UCA1RXBUF
0000060e   UCA1TXBUF
00000610   UCA1ABCTL
00000612   UCA1IRCTL
00000612   UCA1IRCTL_L
00000613   UCA1IRCTL_H
0000061c   UCA1ICTL
0000061c   UCA1ICTL_L
0000061d   UCA1ICTL_H
0000061e   UCA1IV
00000620   UCB1CTLW0
00000620   UCB1CTLW0_L
00000621   UCB1CTLW0_H
00000626   UCB1BRW
00000626   UCB1BRW_L
00000627   UCB1BRW_H
0000062a   UCB1STAT
0000062c   UCB1RXBUF
0000062e   UCB1TXBUF
00000630   UCB1I2COA
00000630   UCB1I2COA_L
00000631   UCB1I2COA_H
00000632   UCB1I2CSA
00000632   UCB1I2CSA_L
00000633   UCB1I2CSA_H
0000063c   UCB1ICTL
0000063c   UCB1ICTL_L
0000063d   UCB1ICTL_H
0000063e   UCB1IV
00000700   ADC12CTL0
00000700   ADC12CTL0_L
00000701   ADC12CTL0_H
00000702   ADC12CTL1
00000702   ADC12CTL1_L
00000703   ADC12CTL1_H
00000704   ADC12CTL2
00000704   ADC12CTL2_L
00000705   ADC12CTL2_H
0000070a   ADC12IFG
0000070a   ADC12IFG_L
0000070b   ADC12IFG_H
0000070c   ADC12IE
0000070c   ADC12IE_L
0000070d   ADC12IE_H
0000070e   ADC12IV
0000070e   ADC12IV_L
0000070f   ADC12IV_H
00000710   ADC12MCTL0
00000711   ADC12MCTL1
00000712   ADC12MCTL2
00000713   ADC12MCTL3
00000714   ADC12MCTL4
00000715   ADC12MCTL5
00000716   ADC12MCTL6
00000717   ADC12MCTL7
00000718   ADC12MCTL8
00000719   ADC12MCTL9
0000071a   ADC12MCTL10
0000071b   ADC12MCTL11
0000071c   ADC12MCTL12
0000071d   ADC12MCTL13
0000071e   ADC12MCTL14
0000071f   ADC12MCTL15
00000720   ADC12MEM0
00000720   ADC12MEM0_L
00000721   ADC12MEM0_H
00000722   ADC12MEM1
00000722   ADC12MEM1_L
00000723   ADC12MEM1_H
00000724   ADC12MEM2
00000724   ADC12MEM2_L
00000725   ADC12MEM2_H
00000726   ADC12MEM3
00000726   ADC12MEM3_L
00000727   ADC12MEM3_H
00000728   ADC12MEM4
00000728   ADC12MEM4_L
00000729   ADC12MEM4_H
0000072a   ADC12MEM5
0000072a   ADC12MEM5_L
0000072b   ADC12MEM5_H
0000072c   ADC12MEM6
0000072c   ADC12MEM6_L
0000072d   ADC12MEM6_H
0000072e   ADC12MEM7
0000072e   ADC12MEM7_L
0000072f   ADC12MEM7_H
00000730   ADC12MEM8
00000730   ADC12MEM8_L
00000731   ADC12MEM8_H
00000732   ADC12MEM9
00000732   ADC12MEM9_L
00000733   ADC12MEM9_H
00000734   ADC12MEM10
00000734   ADC12MEM10_L
00000735   ADC12MEM10_H
00000736   ADC12MEM11
00000736   ADC12MEM11_L
00000737   ADC12MEM11_H
00000738   ADC12MEM12
00000738   ADC12MEM12_L
00000739   ADC12MEM12_H
0000073a   ADC12MEM13
0000073a   ADC12MEM13_L
0000073b   ADC12MEM13_H
0000073c   ADC12MEM14
0000073c   ADC12MEM14_L
0000073d   ADC12MEM14_H
0000073e   ADC12MEM15
0000073e   ADC12MEM15_L
0000073f   ADC12MEM15_H
000008c0   CBCTL0
000008c0   CBCTL0_L
000008c1   CBCTL0_H
000008c2   CBCTL1
000008c2   CBCTL1_L
000008c3   CBCTL1_H
000008c4   CBCTL2
000008c4   CBCTL2_L
000008c5   CBCTL2_H
000008c6   CBCTL3
000008c6   CBCTL3_L
000008c7   CBCTL3_H
000008cc   CBINT
000008cc   CBINT_L
000008cd   CBINT_H
000008ce   CBIV
00000900   USBKEYID
00000900   USBKEYID_L
00000901   USBKEYID_H
00000902   USBCNF
00000902   USBCNF_L
00000903   USBCNF_H
00000904   USBPHYCTL
00000904   USBPHYCTL_L
00000905   USBPHYCTL_H
00000908   USBPWRCTL
00000908   USBPWRCTL_L
00000909   USBPWRCTL_H
00000910   USBPLLCTL
00000910   USBPLLCTL_L
00000911   USBPLLCTL_H
00000912   USBPLLDIVB
00000912   USBPLLDIVB_L
00000913   USBPLLDIVB_H
00000914   USBPLLIR
00000914   USBPLLIR_L
00000915   USBPLLIR_H
00000920   USBIEPCNF_0
00000920   tEndPoint0DescriptorBlock
00000921   USBIEPCNT_0
00000922   USBOEPCNF_0
00000923   USBOEPCNT_0
0000092e   USBIEPIE
0000092f   USBOEPIE
00000930   USBIEPIFG
00000931   USBOEPIFG
00000932   USBVECINT
00000932   USBVECINT_L
00000933   USBVECINT_H
00000936   USBMAINT
00000936   USBMAINT_L
00000937   USBMAINT_H
00000938   USBTSREG
00000938   USBTSREG_L
00000939   USBTSREG_H
0000093a   USBFN
0000093a   USBFN_L
0000093b   USBFN_H
0000093c   USBCTL
0000093d   USBIE
0000093e   USBIFG
0000093f   USBFUNADR
00001c00   USBSTABUFF
00001c00   pbXBufferAddressEp1
00001c40   pbYBufferAddressEp1
00001c80   pbXBufferAddressEp81
00001cc0   pbYBufferAddressEp81
00001d00   pbXBufferAddressEp2
00001d40   pbYBufferAddressEp2
00001d80   pbXBufferAddressEp82
00001dc0   pbYBufferAddressEp82
00001e00   pbXBufferAddressEp3
0000236f   USBTOPBUFF
00002370   USBOEP0BUF
00002370   abOEP0Buffer
00002378   USBIEP0BUF
00002378   abIEP0Buffer
00002380   USBSUBLK
00002380   tSetupPacket
00002388   USBOEPCNF_1
00002388   tOutputEndPointDescriptorBlock
00002389   USBOEPBBAX_1
0000238a   USBOEPBCTX_1
0000238d   USBOEPBBAY_1
0000238e   USBOEPBCTY_1
0000238f   USBOEPSIZXY_1
00002390   USBOEPCNF_2
00002391   USBOEPBBAX_2
00002392   USBOEPBCTX_2
00002395   USBOEPBBAY_2
00002396   USBOEPBCTY_2
00002397   USBOEPSIZXY_2
00002398   USBOEPCNF_3
00002399   USBOEPBBAX_3
0000239a   USBOEPBCTX_3
0000239d   USBOEPBBAY_3
0000239e   USBOEPBCTY_3
0000239f   USBOEPSIZXY_3
000023a0   USBOEPCNF_4
000023a1   USBOEPBBAX_4
000023a2   USBOEPBCTX_4
000023a5   USBOEPBBAY_4
000023a6   USBOEPBCTY_4
000023a7   USBOEPSIZXY_4
000023a8   USBOEPCNF_5
000023a9   USBOEPBBAX_5
000023aa   USBOEPBCTX_5
000023ad   USBOEPBBAY_5
000023ae   USBOEPBCTY_5
000023af   USBOEPSIZXY_5
000023b0   USBOEPCNF_6
000023b1   USBOEPBBAX_6
000023b2   USBOEPBCTX_6
000023b5   USBOEPBBAY_6
000023b6   USBOEPBCTY_6
000023b7   USBOEPSIZXY_6
000023b8   USBOEPCNF_7
000023b9   USBOEPBBAX_7
000023ba   USBOEPBCTX_7
000023bd   USBOEPBBAY_7
000023be   USBOEPBCTY_7
000023bf   USBOEPSIZXY_7
000023c8   USBIEPCNF_1
000023c8   tInputEndPointDescriptorBlock
000023c9   USBIEPBBAX_1
000023ca   USBIEPBCTX_1
000023cd   USBIEPBBAY_1
000023ce   USBIEPBCTY_1
000023cf   USBIEPSIZXY_1
000023d0   USBIEPCNF_2
000023d1   USBIEPBBAX_2
000023d2   USBIEPBCTX_2
000023d5   USBIEPBBAY_2
000023d6   USBIEPBCTY_2
000023d7   USBIEPSIZXY_2
000023d8   USBIEPCNF_3
000023d9   USBIEPBBAX_3
000023da   USBIEPBCTX_3
000023dd   USBIEPBBAY_3
000023de   USBIEPBCTY_3
000023df   USBIEPSIZXY_3
000023e0   USBIEPCNF_4
000023e1   USBIEPBBAX_4
000023e2   USBIEPBCTX_4
000023e5   USBIEPBBAY_4
000023e6   USBIEPBCTY_4
000023e7   USBIEPSIZXY_4
000023e8   USBIEPCNF_5
000023e9   USBIEPBBAX_5
000023ea   USBIEPBCTX_5
000023ed   USBIEPBBAY_5
000023ee   USBIEPBCTY_5
000023ef   USBIEPSIZXY_5
000023f0   USBIEPCNF_6
000023f1   USBIEPBBAX_6
000023f2   USBIEPBCTX_6
000023f5   USBIEPBBAY_6
000023f6   USBIEPBCTY_6
000023f7   USBIEPSIZXY_6
000023f8   USBIEPCNF_7
000023f9   USBIEPBBAX_7
000023fa   USBIEPBCTX_7
000023fd   USBIEPBBAY_7
000023fe   USBIEPBCTY_7
000023ff   USBIEPSIZXY_7
00002400   .bss
00002400   __bss__
00002400   dogs102x6Memory
00002732   currentPage
00002733   currentColumn
00002734   backlight
00002735   contrast
00002736   Dogs102x6_initMacro
00002748   bMcsCommandSupported
0000274a   bMscCbwReceived
0000274c   xBufferAddr
00002750   yBufferAddr
00002754   sRwbuf
00002762   Scsi_Residue
00002766   McsCbw
00002786   McsCsw
00002794   RequestSenseResponse
000027b4   MscWriteControl
000027d4   MscReadControl
000027f0   MscControl
000027f6   sCtrlLun
000027f8   bUnitAttention
000027f9   bMscCbwFailed
000027fa   Scsi_Standard_Inquiry_Data
000028fa   bMscResetRequired
000028fc   Scsi_Read_Capacity_10
00002904   Scsi_Mode_Sense_6
00002908   Scsi_Mode_Sense_10
00002910   Scsi_Read_Format_Capacity
0000291e   wBytesRemainingOnIEP0
00002920   wBytesRemainingOnOEP0
0000292c   abUsbRequestReturnData
00002934   abUsbRequestIncomingData
0000293c   abramSerialStringDescriptor
0000295e   bStatusAction
0000295f   bFunctionSuspended
00002960   bEnumerationStatus
00002962   wUsbEventMask
00002992   time
0000299c   timeOld
000029a6   date
000029b0   secondBCD
000029b1   minuteBCD
000029b2   hourBCD
000029b3   secondOldBCD
000029b4   minuteOldBCD
000029b5   hourOldBCD
000029b6   RTCExitSec
000029b7   ClockY
000029b8   ClockX
000029de   USBMSC_config
000029fe   USB_TX_memcpy
00002a02   USB_RX_memcpy
00002a06   _lock
00002a0a   _unlock
00002a0e   _cleanup_ptr
00002a12   _dtors_ptr
00002a16   buttonDebounce
00002a18   buttonsPressed
00002a1a   positionData
00002a1c   positionDataOld
00002a1e   timeoutCounter
00002a20   isMSCConfigured
00002a24   __end__
00002a24   end
00004360   _stack
00004400   __STACK_END
00004400   iUsbInterruptHandler
00004578   Port1_ISR
000045b4   Port2_ISR
000045f0   _c_int00
000045f0   _c_int00_noexit
0000461a   WDT_ISR
00004634   ADC12_ISR
0000464a   RTC_ISR
00004660   __cinit__
00004660   cinit
000047ca   SetTime
000050b0   AnalogClockUpdate
0000526e   MSCFromHostToBuffer
0000540c   Dogs102x6_verticalLineDraw
0000558e   CdcToHostFromBuffer
000056fc   HidToHostFromBuffer
00005868   MSCToHostFromBuffer
000059ca   HidToBufferFromHost
00005b24   USB_reset
00005c7c   Dogs102x6_circleDraw
00005dc4   Dogs102x6_charDrawXY
00005f04   Dogs102x6_lineDraw
0000603c   main
0000616e   CdcToBufferFromHost
0000629c   AnalogClockDrawHand
000063b0   Board_init
00006494   Init_FLL
00006578   DigitalClockUpdate
00006718   Dogs102x6_horizontalLineDraw
000067dc   AnalogClockInit
00006898   Menu_active
0000693a   usbDecodeAndProcessUsbRequest
00006a5e   Dogs102x6_charDraw
00006ae8   USB_enable
00006b70   WriteFlashSettings
00006bf6   ContrastSetting
00006c7a   CopyUsbToBuff
00006cfe   HidCopyUsbToBuff
00006d82   Dogs102x6_pixelDraw
00006e04   Dogs102x6_stringDraw
00006e7e   BacklightSetting
00006ef6   Dogs102x6_init
00006f6e   usbSendNextPacketOnIEP0
00006fe2   usbGetEndpointStatus
00007052   Dogs102x6_writeData
000070c0   MscCopyUsbToBuff
0000712e   DisplayDigitalClock
00007198   usbClearEndpointFeature
00007200   Msc_ResetStruct
00007264   Reset_RequestSenseResponse
000072c8   lab1
00007328   _auto_init
00007384   Dogs102x6_setAddress
000073dc   Wheel_getValue
00007430   OEP0InterruptHandler
0000747e   Dogs102x6_clearImage
000074c6   Dogs102x6_stringDrawXY
0000750e   PWRVBUSoffHandler
00007556   SetupPacketInterruptHandler
0000759e   usbReceiveNextPacketOnOEP0
000075e6   usbGetStringDescriptor
0000762a   usbSetEndpointFeature
0000766e   USBMSC_reset
000076b0   Dogs102x6_imageDraw
000076f0   usbGetLineCoding0
00007730   usbSetInterface
00007770   Dogs102x6_setBacklight
000077ae   SetVCore
000077ec   L_LSL_15
000077f0   L_LSL_14
000077f4   L_LSL_13
000077f8   L_LSL_12
000077fc   L_LSL_11
00007800   L_LSL_10
00007804   L_LSL_9
00007808   L_LSL_8
0000780c   L_LSL_7
00007810   L_LSL_6
00007814   L_LSL_5
00007818   L_LSL_4
0000781c   L_LSL_3
00007820   L_LSL_2
00007824   L_LSL_1
0000782a   L_LSR_15
0000782e   L_LSR_14
00007832   L_LSR_13
00007836   L_LSR_12
0000783a   L_LSR_11
0000783e   L_LSR_10
00007842   L_LSR_9
00007846   L_LSR_8
0000784a   L_LSR_7
0000784e   L_LSR_6
00007852   L_LSR_5
00007856   L_LSR_4
0000785a   L_LSR_3
0000785e   L_LSR_2
00007862   L_LSR_1
00007868   Dogs102x6_writeCommand
000078a4   DigitalClockDraw
000078de   LFXT_Start
00007916   Dogs102x6_clearScreen
0000794c   PWRVBUSonHandler
00007982   Wheel_getPosition
000079b8   CdcIsReceiveInProgress
000079ea   Dogs102x6_setContrast
00007a1c   HidIsReceiveInProgress
00007a4e   Init_FLL_Settle
00007a80   USB_suspend
00007ab2   DisplayAnalogClock
00007ae2   Dogs102x6_backlightInit
00007b12   SetupRTC
00007b42   XT2_Start
00007b72   Handler_SetLineCoding0
00007ba0   Handler_SetLineCoding1
00007bce   Handler_SetLineCoding2
00007bfc   MscResetData
00007c2a   usbGetHidDescriptor
00007c56   CdcResetData
00007c80   HidResetData
00007caa   memcpy
00007cd4   USB_connect
00007cfc   usbGetDeviceStatus
00007d24   Wheel_init
00007d4a   __mpyl_f5hw
00007d6c   memset
00007d8c   usbSendDataPacketOnEP0
00007dac   usbSetConfiguration
00007dca   IEP0InterruptHandler
00007de6   usbGetInterface
00007e00   usbGetInterfaceStatus
00007e1a   usbSetAddress
00007e34   Get_MaxLUN
00007e4c   USB_resume
00007e64   __divu
00007e64   __remu
00007e7a   __mpyi_f5hw
00007e90   usbGetReport
00007ea6   USB_handleVbusOnEvent
00007eba   Buttons_interruptEnable
00007ecc   usbClearDeviceFeature
00007ede   usbGetConfigurationDescriptor
00007ef0   usbGetDeviceDescriptor
00007f02   usbReceiveDataPacketOnEP0
00007f14   usbSetDeviceFeature
00007f26   Buttons_startWDT
00007f36   usbGetConfiguration
00007f46   Buttons_init
00007f54   Msc_ResetStateMachine
00007f62   usbGetReportDescriptor
00007f70   usbSendZeroLengthPacketOnIEP0
00007f7e   usbInvalidRequest
00007f8a   _system_pre_init
00007f94   I_ASR
00007f9e   I_LSL
00007fa8   I_LSR
00007fb2   usbStallEndpoint0
00007fbc   Handler_InFeature
00007fc4   usbSetLineCoding0
00007fcc   usbSetReport
00007fd4   Msc_ResetFlags
00007fda   usbClearOEP0ByteCount
00007fe0   usbStallOEP0
00007fe6   USBCDC_handleDataReceived
00007fea   USBCDC_handleReceiveCompleted
00007fee   USBCDC_handleSendCompleted
00007ff2   USBHID_handleDataReceived
00007ff6   USBHID_handleReceiveCompleted
00007ffa   USBHID_handleSendCompleted
00007ffe   USBMSC_handleBufferEvent
00008002   USB_handleClockEvent
00008006   USB_handleEnumCompleteEvent
0000800a   USB_handleResetEvent
0000800e   USB_handleResumeEvent
00008012   USB_handleSuspendEvent
00008016   USB_handleVbusOffEvent
0000801a   C$$EXIT
0000801a   abort
0000801e   usbSetControlLineState
00008022   Handler_InReport
00008024   _nop
00008026   digitalWatch
000087b6   tUsbRequestList
00008a36   abromStringDescriptor
00008c98   abromConfigurationDescriptorGroup
00008da2   abromReportDescriptor
00008dd6   stUsbHandle
00008e1e   abromDeviceDescriptor
00008e30   Report_Luns
0000fffe   _reset_vector
ffffffff   .text
ffffffff   __binit__
ffffffff   __c_args__
ffffffff   __etext__
ffffffff   __pinit__
ffffffff   __text__
ffffffff   binit
ffffffff   etext
ffffffff   pinit

[1027 symbols]
